2020-04-22 09:40:06.380699 7ff8ae4fb700  0 -- 128.142.162.30:6839/2364636 >> 128.142.23.53:6821/2376038 conn(0x55ffbfe81000 :6839 s=STATE_ACCEPTING_WAIT_CONNECT_MSG_AUTH pgs=0 cs=0 l=0).handle_connect_msg accept connect_seq 8733 vs existing csq=8733 existing_state=STATE_STANDBY
2020-04-22 09:40:06.380878 7ff8ae4fb700  0 -- 128.142.162.30:6839/2364636 >> 128.142.23.53:6821/2376038 conn(0x55ffbfe81000 :6839 s=STATE_ACCEPTING_WAIT_CONNECT_MSG_AUTH pgs=0 cs=0 l=0).handle_connect_msg accept connect_seq 8734 vs existing csq=8733 existing_state=STATE_STANDBY
2020-04-22 09:41:09.344987 7ff8aecfc700  0 -- 128.142.162.30:6839/2364636 >> 128.142.161.225:6878/3706881 conn(0x55ffc08b5000 :6839 s=STATE_ACCEPTING_WAIT_CONNECT_MSG_AUTH pgs=0 cs=0 l=0).handle_connect_msg accept connect_seq 8047 vs existing csq=8047 existing_state=STATE_STANDBY
2020-04-22 09:41:09.345149 7ff8aecfc700  0 -- 128.142.162.30:6839/2364636 >> 128.142.161.225:6878/3706881 conn(0x55ffc08b5000 :6839 s=STATE_ACCEPTING_WAIT_CONNECT_MSG_AUTH pgs=0 cs=0 l=0).handle_connect_msg accept connect_seq 8048 vs existing csq=8047 existing_state=STATE_STANDBY
2020-04-22 09:48:07.068902 7ff8ae4fb700  0 -- 128.142.162.30:6839/2364636 >> 128.142.23.53:6821/2376038 conn(0x55ffc458f000 :6839 s=STATE_ACCEPTING_WAIT_CONNECT_MSG_AUTH pgs=0 cs=0 l=0).handle_connect_msg accept connect_seq 8735 vs existing csq=8735 existing_state=STATE_STANDBY
2020-04-22 09:48:07.069073 7ff8ae4fb700  0 -- 128.142.162.30:6839/2364636 >> 128.142.23.53:6821/2376038 conn(0x55ffc458f000 :6839 s=STATE_ACCEPTING_WAIT_CONNECT_MSG_AUTH pgs=0 cs=0 l=0).handle_connect_msg accept connect_seq 8736 vs existing csq=8735 existing_state=STATE_STANDBY
2020-04-22 09:49:39.334910 7ff8aecfc700  0 -- 128.142.162.30:6839/2364636 >> 128.142.161.225:6834/3706870 conn(0x55ffc145d000 :6839 s=STATE_ACCEPTING_WAIT_CONNECT_MSG_AUTH pgs=0 cs=0 l=0).handle_connect_msg accept connect_seq 6949 vs existing csq=6949 existing_state=STATE_STANDBY
2020-04-22 09:49:39.335141 7ff8aecfc700  0 -- 128.142.162.30:6839/2364636 >> 128.142.161.225:6834/3706870 conn(0x55ffc145d000 :6839 s=STATE_ACCEPTING_WAIT_CONNECT_MSG_AUTH pgs=0 cs=0 l=0).handle_connect_msg accept connect_seq 6950 vs existing csq=6949 existing_state=STATE_STANDBY
2020-04-22 09:49:40.932245 7ff8adcfa700  0 -- 128.142.162.30:6839/2364636 >> 128.142.161.222:6827/5105821 conn(0x55ffe1e02000 :6839 s=STATE_ACCEPTING_WAIT_CONNECT_MSG_AUTH pgs=0 cs=0 l=0).handle_connect_msg accept connect_seq 8097 vs existing csq=8097 existing_state=STATE_STANDBY
2020-04-22 09:49:40.932398 7ff8adcfa700  0 -- 128.142.162.30:6839/2364636 >> 128.142.161.222:6827/5105821 conn(0x55ffe1e02000 :6839 s=STATE_ACCEPTING_WAIT_CONNECT_MSG_AUTH pgs=0 cs=0 l=0).handle_connect_msg accept connect_seq 8098 vs existing csq=8097 existing_state=STATE_STANDBY
2020-04-22 09:50:09.539831 7ff8aecfc700  0 -- 128.142.162.30:6839/2364636 >> 128.142.161.225:6878/3706881 conn(0x55ffe283b800 :6839 s=STATE_ACCEPTING_WAIT_CONNECT_MSG_AUTH pgs=0 cs=0 l=0).handle_connect_msg accept connect_seq 8049 vs existing csq=8049 existing_state=STATE_STANDBY
2020-04-22 09:50:09.539986 7ff8aecfc700  0 -- 128.142.162.30:6839/2364636 >> 128.142.161.225:6878/3706881 conn(0x55ffe283b800 :6839 s=STATE_ACCEPTING_WAIT_CONNECT_MSG_AUTH pgs=0 cs=0 l=0).handle_connect_msg accept connect_seq 8050 vs existing csq=8049 existing_state=STATE_STANDBY
2020-04-22 09:54:23.021211 7ff8adcfa700  0 -- 128.142.162.30:6839/2364636 >> 128.142.161.225:6878/3706881 conn(0x55ffd3634000 :6839 s=STATE_ACCEPTING_WAIT_CONNECT_MSG_AUTH pgs=0 cs=0 l=0).handle_connect_msg accept connect_seq 8051 vs existing csq=8051 existing_state=STATE_STANDBY
2020-04-22 09:54:23.021432 7ff8adcfa700  0 -- 128.142.162.30:6839/2364636 >> 128.142.161.225:6878/3706881 conn(0x55ffd3634000 :6839 s=STATE_ACCEPTING_WAIT_CONNECT_MSG_AUTH pgs=0 cs=0 l=0).handle_connect_msg accept connect_seq 8052 vs existing csq=8051 existing_state=STATE_STANDBY
2020-04-22 09:54:44.337224 7ff8aecfc700  0 -- 128.142.162.30:6839/2364636 >> 128.142.23.48:6873/2918715 conn(0x55ffc1393000 :6839 s=STATE_ACCEPTING_WAIT_CONNECT_MSG_AUTH pgs=0 cs=0 l=0).handle_connect_msg accept connect_seq 7427 vs existing csq=7427 existing_state=STATE_STANDBY
2020-04-22 09:54:44.337423 7ff8aecfc700  0 -- 128.142.162.30:6839/2364636 >> 128.142.23.48:6873/2918715 conn(0x55ffc1393000 :6839 s=STATE_ACCEPTING_WAIT_CONNECT_MSG_AUTH pgs=0 cs=0 l=0).handle_connect_msg accept connect_seq 7428 vs existing csq=7427 existing_state=STATE_STANDBY
2020-04-22 09:57:19.354383 7ff8adcfa700  0 -- 128.142.162.30:6839/2364636 >> 128.142.161.225:6801/3706890 conn(0x55ffd0b7d000 :6839 s=STATE_ACCEPTING_WAIT_CONNECT_MSG_AUTH pgs=0 cs=0 l=0).handle_connect_msg accept connect_seq 6723 vs existing csq=6723 existing_state=STATE_STANDBY
2020-04-22 09:57:19.354573 7ff8adcfa700  0 -- 128.142.162.30:6839/2364636 >> 128.142.161.225:6801/3706890 conn(0x55ffd0b7d000 :6839 s=STATE_ACCEPTING_WAIT_CONNECT_MSG_AUTH pgs=0 cs=0 l=0).handle_connect_msg accept connect_seq 6724 vs existing csq=6723 existing_state=STATE_STANDBY
2020-04-22 09:57:34.439532 7ff8adcfa700  0 -- 128.142.162.30:6839/2364636 >> 128.142.23.53:6880/2376031 conn(0x55ffd8140800 :6839 s=STATE_ACCEPTING_WAIT_CONNECT_MSG_AUTH pgs=0 cs=0 l=0).handle_connect_msg accept connect_seq 7079 vs existing csq=7079 existing_state=STATE_STANDBY
2020-04-22 09:57:34.439760 7ff8adcfa700  0 -- 128.142.162.30:6839/2364636 >> 128.142.23.53:6880/2376031 conn(0x55ffd8140800 :6839 s=STATE_ACCEPTING_WAIT_CONNECT_MSG_AUTH pgs=0 cs=0 l=0).handle_connect_msg accept connect_seq 7080 vs existing csq=7079 existing_state=STATE_STANDBY
2020-04-22 09:58:19.385368 7ff8adcfa700  0 -- 128.142.162.30:6839/2364636 >> 128.142.23.50:6801/2683881 conn(0x55ffee27e800 :6839 s=STATE_ACCEPTING_WAIT_CONNECT_MSG_AUTH pgs=0 cs=0 l=0).handle_connect_msg accept connect_seq 7489 vs existing csq=7489 existing_state=STATE_STANDBY
2020-04-22 09:58:19.385586 7ff8adcfa700  0 -- 128.142.162.30:6839/2364636 >> 128.142.23.50:6801/2683881 conn(0x55ffee27e800 :6839 s=STATE_ACCEPTING_WAIT_CONNECT_MSG_AUTH pgs=0 cs=0 l=0).handle_connect_msg accept connect_seq 7490 vs existing csq=7489 existing_state=STATE_STANDBY
2020-04-22 09:59:03.461671 7ff893cf7700  0 log_channel(cluster) log [DBG] : 1.62b scrub starts
2020-04-22 09:59:24.344216 7ff8aecfc700  0 -- 128.142.162.30:6839/2364636 >> 128.142.161.225:6878/3706881 conn(0x55ffc06ed800 :6839 s=STATE_ACCEPTING_WAIT_CONNECT_MSG_AUTH pgs=0 cs=0 l=0).handle_connect_msg accept connect_seq 8053 vs existing csq=8053 existing_state=STATE_STANDBY
2020-04-22 09:59:24.344404 7ff8aecfc700  0 -- 128.142.162.30:6839/2364636 >> 128.142.161.225:6878/3706881 conn(0x55ffc06ed800 :6839 s=STATE_ACCEPTING_WAIT_CONNECT_MSG_AUTH pgs=0 cs=0 l=0).handle_connect_msg accept connect_seq 8054 vs existing csq=8053 existing_state=STATE_STANDBY
2020-04-22 10:00:59.443793 7ff8ae4fb700  0 -- 128.142.162.30:6839/2364636 >> 128.142.161.222:6815/5105792 conn(0x55ffe1652800 :6839 s=STATE_ACCEPTING_WAIT_CONNECT_MSG_AUTH pgs=0 cs=0 l=0).handle_connect_msg accept connect_seq 339 vs existing csq=339 existing_state=STATE_STANDBY
2020-04-22 10:00:59.443945 7ff8ae4fb700  0 -- 128.142.162.30:6839/2364636 >> 128.142.161.222:6815/5105792 conn(0x55ffe1652800 :6839 s=STATE_ACCEPTING_WAIT_CONNECT_MSG_AUTH pgs=0 cs=0 l=0).handle_connect_msg accept connect_seq 340 vs existing csq=339 existing_state=STATE_STANDBY
2020-04-22 10:01:04.372514 7ff8ae4fb700  0 -- 128.142.162.30:6839/2364636 >> 128.142.161.222:6827/5105821 conn(0x55ffd7d22000 :6839 s=STATE_ACCEPTING_WAIT_CONNECT_MSG_AUTH pgs=0 cs=0 l=0).handle_connect_msg accept connect_seq 8099 vs existing csq=8099 existing_state=STATE_STANDBY
2020-04-22 10:01:04.372687 7ff8ae4fb700  0 -- 128.142.162.30:6839/2364636 >> 128.142.161.222:6827/5105821 conn(0x55ffd7d22000 :6839 s=STATE_ACCEPTING_WAIT_CONNECT_MSG_AUTH pgs=0 cs=0 l=0).handle_connect_msg accept connect_seq 8100 vs existing csq=8099 existing_state=STATE_STANDBY
2020-04-22 10:01:09.428382 7ff8adcfa700  0 -- 128.142.162.30:6839/2364636 >> 128.142.23.55:6801/2802042 conn(0x55ffcb112800 :6839 s=STATE_ACCEPTING_WAIT_CONNECT_MSG_AUTH pgs=0 cs=0 l=0).handle_connect_msg accept connect_seq 7265 vs existing csq=7265 existing_state=STATE_STANDBY
2020-04-22 10:01:09.428576 7ff8adcfa700  0 -- 128.142.162.30:6839/2364636 >> 128.142.23.55:6801/2802042 conn(0x55ffcb112800 :6839 s=STATE_ACCEPTING_WAIT_CONNECT_MSG_AUTH pgs=0 cs=0 l=0).handle_connect_msg accept connect_seq 7266 vs existing csq=7265 existing_state=STATE_STANDBY
2020-04-22 10:03:54.406951 7ff8adcfa700  0 -- 128.142.162.30:6839/2364636 >> 128.142.161.225:6878/3706881 conn(0x55ffddaca800 :6839 s=STATE_ACCEPTING_WAIT_CONNECT_MSG_AUTH pgs=0 cs=0 l=0).handle_connect_msg accept connect_seq 8055 vs existing csq=8055 existing_state=STATE_STANDBY
2020-04-22 10:03:54.407141 7ff8adcfa700  0 -- 128.142.162.30:6839/2364636 >> 128.142.161.225:6878/3706881 conn(0x55ffddaca800 :6839 s=STATE_ACCEPTING_WAIT_CONNECT_MSG_AUTH pgs=0 cs=0 l=0).handle_connect_msg accept connect_seq 8056 vs existing csq=8055 existing_state=STATE_STANDBY
2020-04-22 10:04:07.083944 7ff8ae4fb700  0 -- 128.142.162.30:6839/2364636 >> 128.142.23.50:6875/2683798 conn(0x55ffc0c5b000 :6839 s=STATE_ACCEPTING_WAIT_CONNECT_MSG_AUTH pgs=0 cs=0 l=0).handle_connect_msg accept connect_seq 8567 vs existing csq=8567 existing_state=STATE_STANDBY
2020-04-22 10:04:07.084114 7ff8ae4fb700  0 -- 128.142.162.30:6839/2364636 >> 128.142.23.50:6875/2683798 conn(0x55ffc0c5b000 :6839 s=STATE_ACCEPTING_WAIT_CONNECT_MSG_AUTH pgs=0 cs=0 l=0).handle_connect_msg accept connect_seq 8568 vs existing csq=8567 existing_state=STATE_STANDBY
2020-04-22 10:06:49.371916 7ff8aecfc700  0 -- 128.142.162.30:6839/2364636 >> 128.142.23.50:6801/2683881 conn(0x55ffe18b8000 :6839 s=STATE_ACCEPTING_WAIT_CONNECT_MSG_AUTH pgs=0 cs=0 l=0).handle_connect_msg accept connect_seq 7491 vs existing csq=7491 existing_state=STATE_STANDBY
2020-04-22 10:06:49.372135 7ff8aecfc700  0 -- 128.142.162.30:6839/2364636 >> 128.142.23.50:6801/2683881 conn(0x55ffe18b8000 :6839 s=STATE_ACCEPTING_WAIT_CONNECT_MSG_AUTH pgs=0 cs=0 l=0).handle_connect_msg accept connect_seq 7492 vs existing csq=7491 existing_state=STATE_STANDBY
2020-04-22 10:06:56.846934 7ff8ae4fb700  0 -- 128.142.162.30:6839/2364636 >> 128.142.161.225:6878/3706881 conn(0x55ffdf960800 :6839 s=STATE_ACCEPTING_WAIT_CONNECT_MSG_AUTH pgs=0 cs=0 l=0).handle_connect_msg accept connect_seq 8057 vs existing csq=8057 existing_state=STATE_STANDBY
2020-04-22 10:06:56.847120 7ff8ae4fb700  0 -- 128.142.162.30:6839/2364636 >> 128.142.161.225:6878/3706881 conn(0x55ffdf960800 :6839 s=STATE_ACCEPTING_WAIT_CONNECT_MSG_AUTH pgs=0 cs=0 l=0).handle_connect_msg accept connect_seq 8058 vs existing csq=8057 existing_state=STATE_STANDBY
2020-04-22 10:07:04.613690 7ff8ae4fb700  0 -- 128.142.162.30:6839/2364636 >> 128.142.23.50:6875/2683798 conn(0x55ffdf956000 :6839 s=STATE_ACCEPTING_WAIT_CONNECT_MSG_AUTH pgs=0 cs=0 l=0).handle_connect_msg accept connect_seq 8569 vs existing csq=8569 existing_state=STATE_STANDBY
2020-04-22 10:07:04.613856 7ff8ae4fb700  0 -- 128.142.162.30:6839/2364636 >> 128.142.23.50:6875/2683798 conn(0x55ffdf956000 :6839 s=STATE_ACCEPTING_WAIT_CONNECT_MSG_AUTH pgs=0 cs=0 l=0).handle_connect_msg accept connect_seq 8570 vs existing csq=8569 existing_state=STATE_STANDBY
2020-04-22 10:07:11.571589 7ff8aecfc700  0 -- 128.142.162.30:6839/2364636 >> 128.142.162.21:6801/2647843 conn(0x55ffd0b7d000 :6839 s=STATE_ACCEPTING_WAIT_CONNECT_MSG_AUTH pgs=0 cs=0 l=0).handle_connect_msg accept connect_seq 29 vs existing csq=29 existing_state=STATE_STANDBY
2020-04-22 10:07:11.571733 7ff8aecfc700  0 -- 128.142.162.30:6839/2364636 >> 128.142.162.21:6801/2647843 conn(0x55ffd0b7d000 :6839 s=STATE_ACCEPTING_WAIT_CONNECT_MSG_AUTH pgs=0 cs=0 l=0).handle_connect_msg accept connect_seq 30 vs existing csq=29 existing_state=STATE_STANDBY
2020-04-22 10:07:41.840450 7ff8adcfa700  0 -- 128.142.162.30:6839/2364636 >> 128.142.23.53:6880/2376031 conn(0x55ffc9b64800 :6839 s=STATE_ACCEPTING_WAIT_CONNECT_MSG_AUTH pgs=0 cs=0 l=0).handle_connect_msg accept connect_seq 7081 vs existing csq=7081 existing_state=STATE_STANDBY
2020-04-22 10:07:41.840634 7ff8adcfa700  0 -- 128.142.162.30:6839/2364636 >> 128.142.23.53:6880/2376031 conn(0x55ffc9b64800 :6839 s=STATE_ACCEPTING_WAIT_CONNECT_MSG_AUTH pgs=0 cs=0 l=0).handle_connect_msg accept connect_seq 7082 vs existing csq=7081 existing_state=STATE_STANDBY
2020-04-22 10:08:59.375469 7ff8aecfc700  0 -- 128.142.162.30:6839/2364636 >> 128.142.23.48:6873/2918715 conn(0x55ffdf959000 :6839 s=STATE_ACCEPTING_WAIT_CONNECT_MSG_AUTH pgs=0 cs=0 l=0).handle_connect_msg accept connect_seq 7429 vs existing csq=7429 existing_state=STATE_STANDBY
2020-04-22 10:08:59.375643 7ff8aecfc700  0 -- 128.142.162.30:6839/2364636 >> 128.142.23.48:6873/2918715 conn(0x55ffdf959000 :6839 s=STATE_ACCEPTING_WAIT_CONNECT_MSG_AUTH pgs=0 cs=0 l=0).handle_connect_msg accept connect_seq 7430 vs existing csq=7429 existing_state=STATE_STANDBY
2020-04-22 10:10:03.825025 7ff8924f4700  0 osd.92 89080 do_command r=0 
2020-04-22 10:10:03.832381 7ff8924f4700  0 osd.92 89080 do_command r=0 
2020-04-22 10:10:17.859158 7ff8aecfc700  0 -- 128.142.162.30:6839/2364636 >> 128.142.23.50:6801/2683881 conn(0x55ffc2e18000 :6839 s=STATE_ACCEPTING_WAIT_CONNECT_MSG_AUTH pgs=0 cs=0 l=0).handle_connect_msg accept connect_seq 7493 vs existing csq=7493 existing_state=STATE_STANDBY
2020-04-22 10:10:17.859337 7ff8aecfc700  0 -- 128.142.162.30:6839/2364636 >> 128.142.23.50:6801/2683881 conn(0x55ffc2e18000 :6839 s=STATE_ACCEPTING_WAIT_CONNECT_MSG_AUTH pgs=0 cs=0 l=0).handle_connect_msg accept connect_seq 7494 vs existing csq=7493 existing_state=STATE_STANDBY
2020-04-22 10:11:04.391859 7ff8aecfc700  0 -- 128.142.162.30:6839/2364636 >> 128.142.23.53:6821/2376038 conn(0x55ffc1393000 :6839 s=STATE_ACCEPTING_WAIT_CONNECT_MSG_AUTH pgs=0 cs=0 l=0).handle_connect_msg accept connect_seq 8737 vs existing csq=8737 existing_state=STATE_STANDBY
2020-04-22 10:11:04.392094 7ff8aecfc700  0 -- 128.142.162.30:6839/2364636 >> 128.142.23.53:6821/2376038 conn(0x55ffc1393000 :6839 s=STATE_ACCEPTING_WAIT_CONNECT_MSG_AUTH pgs=0 cs=0 l=0).handle_connect_msg accept connect_seq 8738 vs existing csq=8737 existing_state=STATE_STANDBY
2020-04-22 10:13:05.316633 7ff8adcfa700  0 -- 128.142.162.30:6839/2364636 >> 128.142.23.53:6821/2376038 conn(0x55ffddb48800 :6839 s=STATE_ACCEPTING_WAIT_CONNECT_MSG_AUTH pgs=0 cs=0 l=0).handle_connect_msg accept connect_seq 8739 vs existing csq=8739 existing_state=STATE_STANDBY
2020-04-22 10:13:05.316796 7ff8adcfa700  0 -- 128.142.162.30:6839/2364636 >> 128.142.23.53:6821/2376038 conn(0x55ffddb48800 :6839 s=STATE_ACCEPTING_WAIT_CONNECT_MSG_AUTH pgs=0 cs=0 l=0).handle_connect_msg accept connect_seq 8740 vs existing csq=8739 existing_state=STATE_STANDBY
2020-04-22 10:13:06.124073 7ff8adcfa700  0 -- 128.142.162.30:6839/2364636 >> 128.142.23.50:6875/2683798 conn(0x55ffec7e3800 :6839 s=STATE_ACCEPTING_WAIT_CONNECT_MSG_AUTH pgs=0 cs=0 l=0).handle_connect_msg accept connect_seq 8571 vs existing csq=8571 existing_state=STATE_STANDBY
2020-04-22 10:13:06.124238 7ff8adcfa700  0 -- 128.142.162.30:6839/2364636 >> 128.142.23.50:6875/2683798 conn(0x55ffec7e3800 :6839 s=STATE_ACCEPTING_WAIT_CONNECT_MSG_AUTH pgs=0 cs=0 l=0).handle_connect_msg accept connect_seq 8572 vs existing csq=8571 existing_state=STATE_STANDBY
2020-04-22 10:17:00.052565 7ff8ae4fb700  0 -- 128.142.162.30:6839/2364636 >> 128.142.161.225:6834/3706870 conn(0x55ffc120c000 :6839 s=STATE_ACCEPTING_WAIT_CONNECT_MSG_AUTH pgs=0 cs=0 l=0).handle_connect_msg accept connect_seq 6951 vs existing csq=6951 existing_state=STATE_STANDBY
2020-04-22 10:17:00.052740 7ff8ae4fb700  0 -- 128.142.162.30:6839/2364636 >> 128.142.161.225:6834/3706870 conn(0x55ffc120c000 :6839 s=STATE_ACCEPTING_WAIT_CONNECT_MSG_AUTH pgs=0 cs=0 l=0).handle_connect_msg accept connect_seq 6952 vs existing csq=6951 existing_state=STATE_STANDBY
2020-04-22 10:17:07.217212 7ff8ae4fb700  0 -- 128.142.162.30:6839/2364636 >> 128.142.23.53:6821/2376038 conn(0x55ffe35f8800 :6839 s=STATE_ACCEPTING_WAIT_CONNECT_MSG_AUTH pgs=0 cs=0 l=0).handle_connect_msg accept connect_seq 8741 vs existing csq=8741 existing_state=STATE_STANDBY
2020-04-22 10:17:07.217377 7ff8ae4fb700  0 -- 128.142.162.30:6839/2364636 >> 128.142.23.53:6821/2376038 conn(0x55ffe35f8800 :6839 s=STATE_ACCEPTING_WAIT_CONNECT_MSG_AUTH pgs=0 cs=0 l=0).handle_connect_msg accept connect_seq 8742 vs existing csq=8741 existing_state=STATE_STANDBY
2020-04-22 10:18:24.396618 7ff8ae4fb700  0 -- 128.142.162.30:6839/2364636 >> 128.142.23.50:6801/2683881 conn(0x55ffc060f000 :6839 s=STATE_ACCEPTING_WAIT_CONNECT_MSG_AUTH pgs=0 cs=0 l=0).handle_connect_msg accept connect_seq 7495 vs existing csq=7495 existing_state=STATE_STANDBY
2020-04-22 10:18:24.397079 7ff8ae4fb700  0 -- 128.142.162.30:6839/2364636 >> 128.142.23.50:6801/2683881 conn(0x55ffc060f000 :6839 s=STATE_ACCEPTING_WAIT_CONNECT_MSG_AUTH pgs=0 cs=0 l=0).handle_connect_msg accept connect_seq 7496 vs existing csq=7495 existing_state=STATE_STANDBY
2020-04-22 10:18:46.882344 7ff8adcfa700  0 -- 128.142.162.30:6839/2364636 >> 128.142.161.225:6844/3706853 conn(0x55ffc0baf000 :6839 s=STATE_ACCEPTING_WAIT_CONNECT_MSG_AUTH pgs=0 cs=0 l=0).handle_connect_msg accept connect_seq 15 vs existing csq=15 existing_state=STATE_STANDBY
2020-04-22 10:18:46.882499 7ff8adcfa700  0 -- 128.142.162.30:6839/2364636 >> 128.142.161.225:6844/3706853 conn(0x55ffc0baf000 :6839 s=STATE_ACCEPTING_WAIT_CONNECT_MSG_AUTH pgs=0 cs=0 l=0).handle_connect_msg accept connect_seq 16 vs existing csq=15 existing_state=STATE_STANDBY
2020-04-22 10:19:07.854105 7ff8aecfc700  0 -- 128.142.162.30:6839/2364636 >> 128.142.161.225:6834/3706870 conn(0x55ffc061f800 :6839 s=STATE_ACCEPTING_WAIT_CONNECT_MSG_AUTH pgs=0 cs=0 l=0).handle_connect_msg accept connect_seq 6953 vs existing csq=6953 existing_state=STATE_STANDBY
2020-04-22 10:19:07.854366 7ff8aecfc700  0 -- 128.142.162.30:6839/2364636 >> 128.142.161.225:6834/3706870 conn(0x55ffc061f800 :6839 s=STATE_ACCEPTING_WAIT_CONNECT_MSG_AUTH pgs=0 cs=0 l=0).handle_connect_msg accept connect_seq 6954 vs existing csq=6953 existing_state=STATE_STANDBY
2020-04-22 10:19:12.826887 7ff8adcfa700  0 -- 128.142.162.30:6839/2364636 >> 128.142.23.53:6880/2376031 conn(0x55ffe320c000 :6839 s=STATE_ACCEPTING_WAIT_CONNECT_MSG_AUTH pgs=0 cs=0 l=0).handle_connect_msg accept connect_seq 7083 vs existing csq=7083 existing_state=STATE_STANDBY
2020-04-22 10:19:12.827071 7ff8adcfa700  0 -- 128.142.162.30:6839/2364636 >> 128.142.23.53:6880/2376031 conn(0x55ffe320c000 :6839 s=STATE_ACCEPTING_WAIT_CONNECT_MSG_AUTH pgs=0 cs=0 l=0).handle_connect_msg accept connect_seq 7084 vs existing csq=7083 existing_state=STATE_STANDBY
2020-04-22 10:21:08.879530 7ff8aecfc700  0 -- 128.142.162.30:6839/2364636 >> 128.142.23.50:6875/2683798 conn(0x55ffc2855800 :6839 s=STATE_ACCEPTING_WAIT_CONNECT_MSG_AUTH pgs=0 cs=0 l=0).handle_connect_msg accept connect_seq 8573 vs existing csq=8573 existing_state=STATE_STANDBY
2020-04-22 10:21:08.879697 7ff8aecfc700  0 -- 128.142.162.30:6839/2364636 >> 128.142.23.50:6875/2683798 conn(0x55ffc2855800 :6839 s=STATE_ACCEPTING_WAIT_CONNECT_MSG_AUTH pgs=0 cs=0 l=0).handle_connect_msg accept connect_seq 8574 vs existing csq=8573 existing_state=STATE_STANDBY
2020-04-22 10:22:04.528638 7ff8ae4fb700  0 -- 128.142.162.30:6839/2364636 >> 128.142.23.53:6821/2376038 conn(0x55ffb13de000 :6839 s=STATE_ACCEPTING_WAIT_CONNECT_MSG_AUTH pgs=0 cs=0 l=0).handle_connect_msg accept connect_seq 8743 vs existing csq=8743 existing_state=STATE_STANDBY
2020-04-22 10:22:04.528820 7ff8ae4fb700  0 -- 128.142.162.30:6839/2364636 >> 128.142.23.53:6821/2376038 conn(0x55ffb13de000 :6839 s=STATE_ACCEPTING_WAIT_CONNECT_MSG_AUTH pgs=0 cs=0 l=0).handle_connect_msg accept connect_seq 8744 vs existing csq=8743 existing_state=STATE_STANDBY
2020-04-22 10:25:14.399951 7ff8adcfa700  0 -- 128.142.162.30:6839/2364636 >> 128.142.161.225:6834/3706870 conn(0x55ffc10a9000 :6839 s=STATE_ACCEPTING_WAIT_CONNECT_MSG_AUTH pgs=0 cs=0 l=0).handle_connect_msg accept connect_seq 6955 vs existing csq=6955 existing_state=STATE_STANDBY
2020-04-22 10:25:14.400125 7ff8adcfa700  0 -- 128.142.162.30:6839/2364636 >> 128.142.161.225:6834/3706870 conn(0x55ffc10a9000 :6839 s=STATE_ACCEPTING_WAIT_CONNECT_MSG_AUTH pgs=0 cs=0 l=0).handle_connect_msg accept connect_seq 6956 vs existing csq=6955 existing_state=STATE_STANDBY
2020-04-22 10:25:54.420228 7ff8adcfa700  0 -- 128.142.162.30:6839/2364636 >> 128.142.161.222:6827/5105821 conn(0x55ffdcb42800 :6839 s=STATE_ACCEPTING_WAIT_CONNECT_MSG_AUTH pgs=0 cs=0 l=0).handle_connect_msg accept connect_seq 8101 vs existing csq=8101 existing_state=STATE_STANDBY
2020-04-22 10:25:54.420456 7ff8adcfa700  0 -- 128.142.162.30:6839/2364636 >> 128.142.161.222:6827/5105821 conn(0x55ffdcb42800 :6839 s=STATE_ACCEPTING_WAIT_CONNECT_MSG_AUTH pgs=0 cs=0 l=0).handle_connect_msg accept connect_seq 8102 vs existing csq=8101 existing_state=STATE_STANDBY
2020-04-22 10:26:09.379308 7ff8adcfa700  0 -- 128.142.162.30:6839/2364636 >> 128.142.23.48:6873/2918715 conn(0x55fff9fb6800 :6839 s=STATE_ACCEPTING_WAIT_CONNECT_MSG_AUTH pgs=0 cs=0 l=0).handle_connect_msg accept connect_seq 7431 vs existing csq=7431 existing_state=STATE_STANDBY
2020-04-22 10:26:09.379525 7ff8adcfa700  0 -- 128.142.162.30:6839/2364636 >> 128.142.23.48:6873/2918715 conn(0x55fff9fb6800 :6839 s=STATE_ACCEPTING_WAIT_CONNECT_MSG_AUTH pgs=0 cs=0 l=0).handle_connect_msg accept connect_seq 7432 vs existing csq=7431 existing_state=STATE_STANDBY
2020-04-22 10:28:29.394378 7ff8adcfa700  0 -- 128.142.162.30:6839/2364636 >> 128.142.161.225:6834/3706870 conn(0x55ffeebdc800 :6839 s=STATE_ACCEPTING_WAIT_CONNECT_MSG_AUTH pgs=0 cs=0 l=0).handle_connect_msg accept connect_seq 6957 vs existing csq=6957 existing_state=STATE_STANDBY
2020-04-22 10:28:29.394586 7ff8adcfa700  0 -- 128.142.162.30:6839/2364636 >> 128.142.161.225:6834/3706870 conn(0x55ffeebdc800 :6839 s=STATE_ACCEPTING_WAIT_CONNECT_MSG_AUTH pgs=0 cs=0 l=0).handle_connect_msg accept connect_seq 6958 vs existing csq=6957 existing_state=STATE_STANDBY
2020-04-22 10:29:04.765453 7ff8ae4fb700  0 -- 128.142.162.30:6839/2364636 >> 128.142.23.53:6821/2376038 conn(0x55ffee27a000 :6839 s=STATE_ACCEPTING_WAIT_CONNECT_MSG_AUTH pgs=0 cs=0 l=0).handle_connect_msg accept connect_seq 8745 vs existing csq=8745 existing_state=STATE_STANDBY
2020-04-22 10:29:04.765614 7ff8ae4fb700  0 -- 128.142.162.30:6839/2364636 >> 128.142.23.53:6821/2376038 conn(0x55ffee27a000 :6839 s=STATE_ACCEPTING_WAIT_CONNECT_MSG_AUTH pgs=0 cs=0 l=0).handle_connect_msg accept connect_seq 8746 vs existing csq=8745 existing_state=STATE_STANDBY
2020-04-22 10:29:27.863628 7ff8adcfa700  0 -- 128.142.162.30:6839/2364636 >> 128.142.161.225:6801/3706890 conn(0x55ffee27b800 :6839 s=STATE_ACCEPTING_WAIT_CONNECT_MSG_AUTH pgs=0 cs=0 l=0).handle_connect_msg accept connect_seq 6725 vs existing csq=6725 existing_state=STATE_STANDBY
2020-04-22 10:29:27.863773 7ff8adcfa700  0 -- 128.142.162.30:6839/2364636 >> 128.142.161.225:6801/3706890 conn(0x55ffee27b800 :6839 s=STATE_ACCEPTING_WAIT_CONNECT_MSG_AUTH pgs=0 cs=0 l=0).handle_connect_msg accept connect_seq 6726 vs existing csq=6725 existing_state=STATE_STANDBY
2020-04-22 10:32:06.448318 7ff8aecfc700  0 -- 128.142.162.30:6839/2364636 >> 128.142.23.53:6821/2376038 conn(0x55ffcb112800 :6839 s=STATE_ACCEPTING_WAIT_CONNECT_MSG_AUTH pgs=0 cs=0 l=0).handle_connect_msg accept connect_seq 8747 vs existing csq=8747 existing_state=STATE_STANDBY
2020-04-22 10:32:06.448481 7ff8aecfc700  0 -- 128.142.162.30:6839/2364636 >> 128.142.23.53:6821/2376038 conn(0x55ffcb112800 :6839 s=STATE_ACCEPTING_WAIT_CONNECT_MSG_AUTH pgs=0 cs=0 l=0).handle_connect_msg accept connect_seq 8748 vs existing csq=8747 existing_state=STATE_STANDBY
2020-04-22 10:33:05.267210 7ff8ae4fb700  0 -- 128.142.162.30:6839/2364636 >> 128.142.23.50:6875/2683798 conn(0x55ffd0b7d000 :6839 s=STATE_ACCEPTING_WAIT_CONNECT_MSG_AUTH pgs=0 cs=0 l=0).handle_connect_msg accept connect_seq 8577 vs existing csq=8577 existing_state=STATE_STANDBY
2020-04-22 10:33:05.267380 7ff8ae4fb700  0 -- 128.142.162.30:6839/2364636 >> 128.142.23.50:6875/2683798 conn(0x55ffd0b7d000 :6839 s=STATE_ACCEPTING_WAIT_CONNECT_MSG_AUTH pgs=0 cs=0 l=0).handle_connect_msg accept connect_seq 8578 vs existing csq=8577 existing_state=STATE_STANDBY
2020-04-22 10:36:29.456683 7ff8adcfa700  0 -- 128.142.162.30:6839/2364636 >> 128.142.23.55:6801/2802042 conn(0x55ffd375a800 :6839 s=STATE_ACCEPTING_WAIT_CONNECT_MSG_AUTH pgs=0 cs=0 l=0).handle_connect_msg accept connect_seq 7267 vs existing csq=7267 existing_state=STATE_STANDBY
2020-04-22 10:36:29.456899 7ff8adcfa700  0 -- 128.142.162.30:6839/2364636 >> 128.142.23.55:6801/2802042 conn(0x55ffd375a800 :6839 s=STATE_ACCEPTING_WAIT_CONNECT_MSG_AUTH pgs=0 cs=0 l=0).handle_connect_msg accept connect_seq 7268 vs existing csq=7267 existing_state=STATE_STANDBY
2020-04-22 10:37:07.951483 7ff8aecfc700  0 -- 128.142.162.30:6839/2364636 >> 128.142.23.50:6801/2683881 conn(0x55fff9fb3800 :6839 s=STATE_ACCEPTING_WAIT_CONNECT_MSG_AUTH pgs=0 cs=0 l=0).handle_connect_msg accept connect_seq 7497 vs existing csq=7497 existing_state=STATE_STANDBY
2020-04-22 10:37:07.951651 7ff8aecfc700  0 -- 128.142.162.30:6839/2364636 >> 128.142.23.50:6801/2683881 conn(0x55fff9fb3800 :6839 s=STATE_ACCEPTING_WAIT_CONNECT_MSG_AUTH pgs=0 cs=0 l=0).handle_connect_msg accept connect_seq 7498 vs existing csq=7497 existing_state=STATE_STANDBY
2020-04-22 10:37:39.420043 7ff8ae4fb700  0 -- 128.142.162.30:6839/2364636 >> 128.142.161.225:6878/3706881 conn(0x55ffcb357000 :6839 s=STATE_ACCEPTING_WAIT_CONNECT_MSG_AUTH pgs=0 cs=0 l=0).handle_connect_msg accept connect_seq 8059 vs existing csq=8059 existing_state=STATE_STANDBY
2020-04-22 10:37:39.420233 7ff8ae4fb700  0 -- 128.142.162.30:6839/2364636 >> 128.142.161.225:6878/3706881 conn(0x55ffcb357000 :6839 s=STATE_ACCEPTING_WAIT_CONNECT_MSG_AUTH pgs=0 cs=0 l=0).handle_connect_msg accept connect_seq 8060 vs existing csq=8059 existing_state=STATE_STANDBY
2020-04-22 10:39:14.432680 7ff8adcfa700  0 -- 128.142.162.30:6839/2364636 >> 128.142.23.50:6801/2683881 conn(0x55ffc79b8000 :6839 s=STATE_ACCEPTING_WAIT_CONNECT_MSG_AUTH pgs=0 cs=0 l=0).handle_connect_msg accept connect_seq 7499 vs existing csq=7499 existing_state=STATE_STANDBY
2020-04-22 10:39:14.432880 7ff8adcfa700  0 -- 128.142.162.30:6839/2364636 >> 128.142.23.50:6801/2683881 conn(0x55ffc79b8000 :6839 s=STATE_ACCEPTING_WAIT_CONNECT_MSG_AUTH pgs=0 cs=0 l=0).handle_connect_msg accept connect_seq 7500 vs existing csq=7499 existing_state=STATE_STANDBY
2020-04-22 10:40:04.773321 7ff8ae4fb700  0 -- 128.142.162.30:6839/2364636 >> 128.142.23.53:6821/2376038 conn(0x55ffc0130800 :6839 s=STATE_ACCEPTING_WAIT_CONNECT_MSG_AUTH pgs=0 cs=0 l=0).handle_connect_msg accept connect_seq 8749 vs existing csq=8749 existing_state=STATE_STANDBY
2020-04-22 10:40:04.773492 7ff8ae4fb700  0 -- 128.142.162.30:6839/2364636 >> 128.142.23.53:6821/2376038 conn(0x55ffc0130800 :6839 s=STATE_ACCEPTING_WAIT_CONNECT_MSG_AUTH pgs=0 cs=0 l=0).handle_connect_msg accept connect_seq 8750 vs existing csq=8749 existing_state=STATE_STANDBY
2020-04-22 10:40:39.422189 7ff8aecfc700  0 -- 128.142.162.30:6839/2364636 >> 128.142.23.55:6801/2802042 conn(0x55ffc1394800 :6839 s=STATE_ACCEPTING_WAIT_CONNECT_MSG_AUTH pgs=0 cs=0 l=0).handle_connect_msg accept connect_seq 7269 vs existing csq=7269 existing_state=STATE_STANDBY
2020-04-22 10:40:39.422390 7ff8aecfc700  0 -- 128.142.162.30:6839/2364636 >> 128.142.23.55:6801/2802042 conn(0x55ffc1394800 :6839 s=STATE_ACCEPTING_WAIT_CONNECT_MSG_AUTH pgs=0 cs=0 l=0).handle_connect_msg accept connect_seq 7270 vs existing csq=7269 existing_state=STATE_STANDBY
2020-04-22 10:41:32.504915 7ff8adcfa700  0 -- 128.142.162.30:6839/2364636 >> 128.142.161.220:6817/3219322 conn(0x55ffd1542800 :6839 s=STATE_ACCEPTING_WAIT_CONNECT_MSG_AUTH pgs=0 cs=0 l=0).handle_connect_msg accept connect_seq 27 vs existing csq=27 existing_state=STATE_STANDBY
2020-04-22 10:41:32.504989 7ff8adcfa700  0 -- 128.142.162.30:6839/2364636 >> 128.142.161.220:6871/3219352 conn(0x55ffdf956000 :6839 s=STATE_ACCEPTING_WAIT_CONNECT_MSG_AUTH pgs=0 cs=0 l=0).handle_connect_msg accept connect_seq 33 vs existing csq=33 existing_state=STATE_STANDBY
2020-04-22 10:41:32.504991 7ff8aecfc700  0 -- 128.142.162.30:6839/2364636 >> 128.142.162.30:6844/3364650 conn(0x55ffc9950800 :6839 s=STATE_ACCEPTING_WAIT_CONNECT_MSG_AUTH pgs=0 cs=0 l=0).handle_connect_msg accept connect_seq 35 vs existing csq=35 existing_state=STATE_STANDBY
2020-04-22 10:41:32.505056 7ff8adcfa700  0 -- 128.142.162.30:6839/2364636 >> 128.142.162.21:6809/2647847 conn(0x55ffc0fbc000 :6839 s=STATE_ACCEPTING_WAIT_CONNECT_MSG_AUTH pgs=0 cs=0 l=0).handle_connect_msg accept connect_seq 27 vs existing csq=27 existing_state=STATE_STANDBY
2020-04-22 10:41:32.505076 7ff8aecfc700  0 -- 128.142.162.30:6839/2364636 >> 128.142.162.21:6851/2647834 conn(0x55ffbde0f800 :6839 s=STATE_ACCEPTING_WAIT_CONNECT_MSG_AUTH pgs=0 cs=0 l=0).handle_connect_msg accept connect_seq 33 vs existing csq=33 existing_state=STATE_STANDBY
2020-04-22 10:41:32.505121 7ff8adcfa700  0 -- 128.142.162.30:6839/2364636 >> 128.142.161.229:6834/3411886 conn(0x55ffc79b9800 :6839 s=STATE_ACCEPTING_WAIT_CONNECT_MSG_AUTH pgs=0 cs=0 l=0).handle_connect_msg accept connect_seq 29 vs existing csq=29 existing_state=STATE_STANDBY
2020-04-22 10:41:32.505150 7ff8aecfc700  0 -- 128.142.162.30:6839/2364636 >> 128.142.162.21:6839/2647830 conn(0x55ffe3a34800 :6839 s=STATE_ACCEPTING_WAIT_CONNECT_MSG_AUTH pgs=0 cs=0 l=0).handle_connect_msg accept connect_seq 21 vs existing csq=21 existing_state=STATE_STANDBY
2020-04-22 10:41:32.505189 7ff8adcfa700  0 -- 128.142.162.30:6839/2364636 >> 128.142.161.222:6841/5105806 conn(0x55ffe475c800 :6839 s=STATE_ACCEPTING_WAIT_CONNECT_MSG_AUTH pgs=0 cs=0 l=0).handle_connect_msg accept connect_seq 21 vs existing csq=21 existing_state=STATE_STANDBY
2020-04-22 10:41:32.505220 7ff8aecfc700  0 -- 128.142.162.30:6839/2364636 >> 128.142.161.229:6892/3411849 conn(0x55ffc012d800 :6839 s=STATE_ACCEPTING_WAIT_CONNECT_MSG_AUTH pgs=0 cs=0 l=0).handle_connect_msg accept connect_seq 19 vs existing csq=19 existing_state=STATE_STANDBY
2020-04-22 10:41:32.505256 7ff8adcfa700  0 -- 128.142.162.30:6839/2364636 >> 128.142.23.50:6813/2683755 conn(0x55ffcaf1e800 :6839 s=STATE_ACCEPTING_WAIT_CONNECT_MSG_AUTH pgs=0 cs=0 l=0).handle_connect_msg accept connect_seq 23 vs existing csq=23 existing_state=STATE_STANDBY
2020-04-22 10:41:32.505268 7ff8ae4fb700  0 -- 128.142.162.30:6839/2364636 >> 128.142.161.225:6872/3706896 conn(0x55fff3791800 :6839 s=STATE_ACCEPTING_WAIT_CONNECT_MSG_AUTH pgs=0 cs=0 l=0).handle_connect_msg accept connect_seq 33 vs existing csq=33 existing_state=STATE_STANDBY
2020-04-22 10:41:32.505295 7ff8aecfc700  0 -- 128.142.162.30:6839/2364636 >> 128.142.161.229:6801/3411896 conn(0x55ffec7e3800 :6839 s=STATE_ACCEPTING_WAIT_CONNECT_MSG_AUTH pgs=0 cs=0 l=0).handle_connect_msg accept connect_seq 31 vs existing csq=31 existing_state=STATE_STANDBY
2020-04-22 10:41:32.505320 7ff8adcfa700  0 -- 128.142.162.30:6839/2364636 >> 128.142.23.55:6841/2802094 conn(0x55ffc1393000 :6839 s=STATE_ACCEPTING_WAIT_CONNECT_MSG_AUTH pgs=0 cs=0 l=0).handle_connect_msg accept connect_seq 25 vs existing csq=25 existing_state=STATE_STANDBY
2020-04-22 10:41:32.505351 7ff8ae4fb700  0 -- 128.142.162.30:6839/2364636 >> 128.142.162.21:6801/2647843 conn(0x55ffe3dca800 :6839 s=STATE_ACCEPTING_WAIT_CONNECT_MSG_AUTH pgs=0 cs=0 l=0).handle_connect_msg accept connect_seq 31 vs existing csq=31 existing_state=STATE_STANDBY
2020-04-22 10:41:32.505362 7ff8aecfc700  0 -- 128.142.162.30:6839/2364636 >> 128.142.23.41:6857/3058067 conn(0x55ffcaf1b800 :6839 s=STATE_ACCEPTING_WAIT_CONNECT_MSG_AUTH pgs=0 cs=0 l=0).handle_connect_msg accept connect_seq 27 vs existing csq=27 existing_state=STATE_STANDBY
2020-04-22 10:41:32.505380 7ff8adcfa700  0 -- 128.142.162.30:6839/2364636 >> 128.142.23.41:6837/3058064 conn(0x55ffba858800 :6839 s=STATE_ACCEPTING_WAIT_CONNECT_MSG_AUTH pgs=0 cs=0 l=0).handle_connect_msg accept connect_seq 31 vs existing csq=31 existing_state=STATE_STANDBY
2020-04-22 10:41:32.505418 7ff8ae4fb700  0 -- 128.142.162.30:6839/2364636 >> 128.142.162.30:6821/3364634 conn(0x55ffd4029800 :6839 s=STATE_ACCEPTING_WAIT_CONNECT_MSG_AUTH pgs=0 cs=0 l=0).handle_connect_msg accept connect_seq 23 vs existing csq=23 existing_state=STATE_STANDBY
2020-04-22 10:41:32.505427 7ff8aecfc700  0 -- 128.142.162.30:6839/2364636 >> 128.142.23.53:6847/2376091 conn(0x55ffbfe81000 :6839 s=STATE_ACCEPTING_WAIT_CONNECT_MSG_AUTH pgs=0 cs=0 l=0).handle_connect_msg accept connect_seq 35 vs existing csq=35 existing_state=STATE_STANDBY
2020-04-22 10:41:32.505445 7ff8adcfa700  0 -- 128.142.162.30:6839/2364636 >> 128.142.161.220:6817/3219322 conn(0x55ffd1542800 :6839 s=STATE_ACCEPTING_WAIT_CONNECT_MSG_AUTH pgs=0 cs=0 l=0).handle_connect_msg accept connect_seq 28 vs existing csq=27 existing_state=STATE_STANDBY
2020-04-22 10:41:32.505503 7ff8aecfc700  0 -- 128.142.162.30:6839/2364636 >> 128.142.162.21:6851/2647834 conn(0x55ffbde0f800 :6839 s=STATE_ACCEPTING_WAIT_CONNECT_MSG_AUTH pgs=0 cs=0 l=0).handle_connect_msg accept connect_seq 34 vs existing csq=33 existing_state=STATE_STANDBY
2020-04-22 10:41:32.505511 7ff8ae4fb700  0 -- 128.142.162.30:6839/2364636 >> 128.142.162.30:6827/2367875 conn(0x55ffe362c000 :6839 s=STATE_ACCEPTING_WAIT_CONNECT_MSG_AUTH pgs=0 cs=0 l=0).handle_connect_msg accept connect_seq 25 vs existing csq=25 existing_state=STATE_STANDBY
2020-04-22 10:41:32.505514 7ff8adcfa700  0 -- 128.142.162.30:6839/2364636 >> 128.142.161.220:6871/3219352 conn(0x55ffdf956000 :6839 s=STATE_ACCEPTING_WAIT_CONNECT_MSG_AUTH pgs=0 cs=0 l=0).handle_connect_msg accept connect_seq 34 vs existing csq=33 existing_state=STATE_STANDBY
2020-04-22 10:41:32.505560 7ff8aecfc700  0 -- 128.142.162.30:6839/2364636 >> 128.142.162.21:6839/2647830 conn(0x55ffe3a34800 :6839 s=STATE_ACCEPTING_WAIT_CONNECT_MSG_AUTH pgs=0 cs=0 l=0).handle_connect_msg accept connect_seq 22 vs existing csq=21 existing_state=STATE_STANDBY
2020-04-22 10:41:32.505562 7ff8adcfa700  0 -- 128.142.162.30:6839/2364636 >> 128.142.162.21:6809/2647847 conn(0x55ffc0fbc000 :6839 s=STATE_ACCEPTING_WAIT_CONNECT_MSG_AUTH pgs=0 cs=0 l=0).handle_connect_msg accept connect_seq 28 vs existing csq=27 existing_state=STATE_STANDBY
2020-04-22 10:41:32.505587 7ff8ae4fb700  0 -- 128.142.162.30:6839/2364636 >> 128.142.161.222:6813/5105780 conn(0x55ffcb10f800 :6839 s=STATE_ACCEPTING_WAIT_CONNECT_MSG_AUTH pgs=0 cs=0 l=0).handle_connect_msg accept connect_seq 27 vs existing csq=27 existing_state=STATE_STANDBY
2020-04-22 10:41:32.505610 7ff8aecfc700  0 -- 128.142.162.30:6839/2364636 >> 128.142.161.229:6892/3411849 conn(0x55ffc012d800 :6839 s=STATE_ACCEPTING_WAIT_CONNECT_MSG_AUTH pgs=0 cs=0 l=0).handle_connect_msg accept connect_seq 20 vs existing csq=19 existing_state=STATE_STANDBY
2020-04-22 10:41:32.505635 7ff8adcfa700  0 -- 128.142.162.30:6839/2364636 >> 128.142.161.229:6834/3411886 conn(0x55ffc79b9800 :6839 s=STATE_ACCEPTING_WAIT_CONNECT_MSG_AUTH pgs=0 cs=0 l=0).handle_connect_msg accept connect_seq 30 vs existing csq=29 existing_state=STATE_STANDBY
2020-04-22 10:41:32.505664 7ff8ae4fb700  0 -- 128.142.162.30:6839/2364636 >> 128.142.161.229:6866/3411898 conn(0x55ffcaf1a000 :6839 s=STATE_ACCEPTING_WAIT_CONNECT_MSG_AUTH pgs=0 cs=0 l=0).handle_connect_msg accept connect_seq 19 vs existing csq=19 existing_state=STATE_STANDBY
2020-04-22 10:41:32.505691 7ff8adcfa700  0 -- 128.142.162.30:6839/2364636 >> 128.142.161.222:6841/5105806 conn(0x55ffe475c800 :6839 s=STATE_ACCEPTING_WAIT_CONNECT_MSG_AUTH pgs=0 cs=0 l=0).handle_connect_msg accept connect_seq 22 vs existing csq=21 existing_state=STATE_STANDBY
2020-04-22 10:41:32.505693 7ff8aecfc700  0 -- 128.142.162.30:6839/2364636 >> 128.142.161.229:6801/3411896 conn(0x55ffec7e3800 :6839 s=STATE_ACCEPTING_WAIT_CONNECT_MSG_AUTH pgs=0 cs=0 l=0).handle_connect_msg accept connect_seq 32 vs existing csq=31 existing_state=STATE_STANDBY
2020-04-22 10:41:32.505731 7ff8ae4fb700  0 -- 128.142.162.30:6839/2364636 >> 128.142.23.42:6865/4266020 conn(0x55ffb238a000 :6839 s=STATE_ACCEPTING_WAIT_CONNECT_MSG_AUTH pgs=0 cs=0 l=0).handle_connect_msg accept connect_seq 31 vs existing csq=31 existing_state=STATE_STANDBY
2020-04-22 10:41:32.505741 7ff8aecfc700  0 -- 128.142.162.30:6839/2364636 >> 128.142.23.41:6857/3058067 conn(0x55ffcaf1b800 :6839 s=STATE_ACCEPTING_WAIT_CONNECT_MSG_AUTH pgs=0 cs=0 l=0).handle_connect_msg accept connect_seq 28 vs existing csq=27 existing_state=STATE_STANDBY
2020-04-22 10:41:32.505755 7ff8adcfa700  0 -- 128.142.162.30:6839/2364636 >> 128.142.23.50:6813/2683755 conn(0x55ffcaf1e800 :6839 s=STATE_ACCEPTING_WAIT_CONNECT_MSG_AUTH pgs=0 cs=0 l=0).handle_connect_msg accept connect_seq 24 vs existing csq=23 existing_state=STATE_STANDBY
2020-04-22 10:41:32.505789 7ff8aecfc700  0 -- 128.142.162.30:6839/2364636 >> 128.142.23.53:6847/2376091 conn(0x55ffbfe81000 :6839 s=STATE_ACCEPTING_WAIT_CONNECT_MSG_AUTH pgs=0 cs=0 l=0).handle_connect_msg accept connect_seq 36 vs existing csq=35 existing_state=STATE_STANDBY
2020-04-22 10:41:32.505791 7ff8ae4fb700  0 -- 128.142.162.30:6839/2364636 >> 128.142.161.225:6872/3706896 conn(0x55fff3791800 :6839 s=STATE_ACCEPTING_WAIT_CONNECT_MSG_AUTH pgs=0 cs=0 l=0).handle_connect_msg accept connect_seq 34 vs existing csq=33 existing_state=STATE_STANDBY
2020-04-22 10:41:32.505803 7ff8adcfa700  0 -- 128.142.162.30:6839/2364636 >> 128.142.23.55:6841/2802094 conn(0x55ffc1393000 :6839 s=STATE_ACCEPTING_WAIT_CONNECT_MSG_AUTH pgs=0 cs=0 l=0).handle_connect_msg accept connect_seq 26 vs existing csq=25 existing_state=STATE_STANDBY
2020-04-22 10:41:32.505842 7ff8ae4fb700  0 -- 128.142.162.30:6839/2364636 >> 128.142.162.21:6801/2647843 conn(0x55ffe3dca800 :6839 s=STATE_ACCEPTING_WAIT_CONNECT_MSG_AUTH pgs=0 cs=0 l=0).handle_connect_msg accept connect_seq 32 vs existing csq=31 existing_state=STATE_STANDBY
2020-04-22 10:41:32.505851 7ff8adcfa700  0 -- 128.142.162.30:6839/2364636 >> 128.142.23.41:6837/3058064 conn(0x55ffba858800 :6839 s=STATE_ACCEPTING_WAIT_CONNECT_MSG_AUTH pgs=0 cs=0 l=0).handle_connect_msg accept connect_seq 32 vs existing csq=31 existing_state=STATE_STANDBY
2020-04-22 10:41:32.505918 7ff8ae4fb700  0 -- 128.142.162.30:6839/2364636 >> 128.142.162.30:6821/3364634 conn(0x55ffd4029800 :6839 s=STATE_ACCEPTING_WAIT_CONNECT_MSG_AUTH pgs=0 cs=0 l=0).handle_connect_msg accept connect_seq 24 vs existing csq=23 existing_state=STATE_STANDBY
2020-04-22 10:41:32.505979 7ff8ae4fb700  0 -- 128.142.162.30:6839/2364636 >> 128.142.162.30:6827/2367875 conn(0x55ffe362c000 :6839 s=STATE_ACCEPTING_WAIT_CONNECT_MSG_AUTH pgs=0 cs=0 l=0).handle_connect_msg accept connect_seq 26 vs existing csq=25 existing_state=STATE_STANDBY
2020-04-22 10:41:32.506030 7ff8ae4fb700  0 -- 128.142.162.30:6839/2364636 >> 128.142.161.222:6813/5105780 conn(0x55ffcb10f800 :6839 s=STATE_ACCEPTING_WAIT_CONNECT_MSG_AUTH pgs=0 cs=0 l=0).handle_connect_msg accept connect_seq 28 vs existing csq=27 existing_state=STATE_STANDBY
2020-04-22 10:41:32.506105 7ff8ae4fb700  0 -- 128.142.162.30:6839/2364636 >> 128.142.161.229:6866/3411898 conn(0x55ffcaf1a000 :6839 s=STATE_ACCEPTING_WAIT_CONNECT_MSG_AUTH pgs=0 cs=0 l=0).handle_connect_msg accept connect_seq 20 vs existing csq=19 existing_state=STATE_STANDBY
2020-04-22 10:41:32.506160 7ff8ae4fb700  0 -- 128.142.162.30:6839/2364636 >> 128.142.23.42:6865/4266020 conn(0x55ffb238a000 :6839 s=STATE_ACCEPTING_WAIT_CONNECT_MSG_AUTH pgs=0 cs=0 l=0).handle_connect_msg accept connect_seq 32 vs existing csq=31 existing_state=STATE_STANDBY
2020-04-22 10:41:32.506644 7ff8aecfc700  0 -- 128.142.162.30:6839/2364636 >> 128.142.162.30:6844/3364650 conn(0x55ffc9950800 :6839 s=STATE_ACCEPTING_WAIT_CONNECT_MSG_AUTH pgs=0 cs=0 l=0).handle_connect_msg accept connect_seq 36 vs existing csq=35 existing_state=STATE_STANDBY
2020-04-22 10:42:06.752580 7ff8ae4fb700  0 -- 128.142.162.30:6839/2364636 >> 128.142.23.50:6875/2683798 conn(0x55ffe1771000 :6839 s=STATE_ACCEPTING_WAIT_CONNECT_MSG_AUTH pgs=0 cs=0 l=0).handle_connect_msg accept connect_seq 8579 vs existing csq=8579 existing_state=STATE_STANDBY
2020-04-22 10:42:06.752747 7ff8ae4fb700  0 -- 128.142.162.30:6839/2364636 >> 128.142.23.50:6875/2683798 conn(0x55ffe1771000 :6839 s=STATE_ACCEPTING_WAIT_CONNECT_MSG_AUTH pgs=0 cs=0 l=0).handle_connect_msg accept connect_seq 8580 vs existing csq=8579 existing_state=STATE_STANDBY
2020-04-22 10:42:09.479151 7ff8ae4fb700  0 -- 128.142.162.30:6839/2364636 >> 128.142.23.53:6821/2376038 conn(0x55ffc8a50800 :6839 s=STATE_ACCEPTING_WAIT_CONNECT_MSG_AUTH pgs=0 cs=0 l=0).handle_connect_msg accept connect_seq 8751 vs existing csq=8751 existing_state=STATE_STANDBY
2020-04-22 10:42:09.479364 7ff8ae4fb700  0 -- 128.142.162.30:6839/2364636 >> 128.142.23.53:6821/2376038 conn(0x55ffc8a50800 :6839 s=STATE_ACCEPTING_WAIT_CONNECT_MSG_AUTH pgs=0 cs=0 l=0).handle_connect_msg accept connect_seq 8752 vs existing csq=8751 existing_state=STATE_STANDBY
2020-04-22 10:43:52.912255 7ff8adcfa700  0 -- 128.142.162.30:6839/2364636 >> 128.142.161.225:6878/3706881 conn(0x55ffdfbad800 :6839 s=STATE_ACCEPTING_WAIT_CONNECT_MSG_AUTH pgs=0 cs=0 l=0).handle_connect_msg accept connect_seq 8061 vs existing csq=8061 existing_state=STATE_STANDBY
2020-04-22 10:43:52.912458 7ff8adcfa700  0 -- 128.142.162.30:6839/2364636 >> 128.142.161.225:6878/3706881 conn(0x55ffdfbad800 :6839 s=STATE_ACCEPTING_WAIT_CONNECT_MSG_AUTH pgs=0 cs=0 l=0).handle_connect_msg accept connect_seq 8062 vs existing csq=8061 existing_state=STATE_STANDBY
2020-04-22 10:43:55.468244 7ff8924f4700  0 osd.92 89090 do_command r=0 
2020-04-22 10:43:55.478330 7ff8924f4700  0 osd.92 89090 do_command r=0 debug_ms=1/1 
2020-04-22 10:43:55.478343 7ff8924f4700  0 log_channel(cluster) log [INF] : debug_ms=1/1 
2020-04-22 10:43:55.478351 7ff8924f4700  1 -- 128.142.162.30:6824/1364636 --> 128.142.162.30:0/2180439306 -- command_reply(tid 2: 0 debug_ms=1/1 ) v1 -- 0x55fff9506000 con 0
2020-04-22 10:43:55.479995 7ff8adcfa700  1 -- 128.142.162.30:6824/1364636 >> 128.142.162.30:0/2180439306 conn(0x55ffdf438800 :6824 s=STATE_OPEN pgs=4 cs=1 l=1).read_bulk peer close file descriptor 426
2020-04-22 10:43:55.480006 7ff8adcfa700  1 -- 128.142.162.30:6824/1364636 >> 128.142.162.30:0/2180439306 conn(0x55ffdf438800 :6824 s=STATE_OPEN pgs=4 cs=1 l=1).read_until read failed
2020-04-22 10:43:55.480010 7ff8adcfa700  1 -- 128.142.162.30:6824/1364636 >> 128.142.162.30:0/2180439306 conn(0x55ffdf438800 :6824 s=STATE_OPEN pgs=4 cs=1 l=1).process read tag failed
2020-04-22 10:43:55.480013 7ff8adcfa700  1 -- 128.142.162.30:6824/1364636 >> 128.142.162.30:0/2180439306 conn(0x55ffdf438800 :6824 s=STATE_OPEN pgs=4 cs=1 l=1).fault on lossy channel, failing
2020-04-22 10:43:55.482340 7ff8adcfa700  1 -- 128.142.162.30:6824/1364636 >> - conn(0x55ffb1c0a000 :6824 s=STATE_ACCEPTING pgs=0 cs=0 l=0)._process_connection sd=426 -
2020-04-22 10:43:55.483847 7ff8adcfa700  1 -- 128.142.162.30:6824/1364636 <== client.107956083 188.185.78.11:0/3855440145 1 ==== osd_op(client.107956083.0:1819095 1.636 1.bd313e36 (undecoded) ondisk+write+known_if_redirected e89090) v8 ==== 268+0+63 (2613737100 0 3855450140) 0x55ffb18da000 con 0x55ffb1c0a000
2020-04-22 10:43:55.483996 7ff895cfb700  1 -- 128.142.162.30:6839/2364636 --> 128.142.161.225:6861/3706833 -- osd_repop(client.107956083.0:1819095 1.636 e89090/88802 1:6c7c8cbd:fsvolumens_f51e1a94-b1ff-4f2c-9686-c7e9835e0f6c::50001e87052.00000000:head v 89090'90698352) v2 -- 0x55ffedb94600 con 0
2020-04-22 10:43:55.484034 7ff895cfb700  1 -- 128.142.162.30:6839/2364636 --> 128.142.23.53:6805/2376034 -- osd_repop(client.107956083.0:1819095 1.636 e89090/88802 1:6c7c8cbd:fsvolumens_f51e1a94-b1ff-4f2c-9686-c7e9835e0f6c::50001e87052.00000000:head v 89090'90698352) v2 -- 0x55ffedb96a00 con 0
2020-04-22 10:43:55.484754 7ff8adcfa700  1 -- 128.142.162.30:6839/2364636 <== osd.59 128.142.161.225:6861/3706833 935884 ==== osd_repop_reply(client.107956083.0:1819095 1.636 e89090/88802) v2 ==== 111+0+0 (2881695252 0 0) 0x55ffb82d1900 con 0x55ffe25bb000
2020-04-22 10:43:55.485085 7ff8ae4fb700  1 -- 128.142.162.30:6839/2364636 <== osd.255 128.142.23.53:6805/2376034 935875 ==== osd_repop_reply(client.107956083.0:1819095 1.636 e89090/88802) v2 ==== 111+0+0 (309669718 0 0) 0x55ffb82d0f00 con 0x55ffc2963000
2020-04-22 10:43:55.485111 7ff895cfb700  1 -- 128.142.162.30:6824/1364636 --> 188.185.78.11:0/3855440145 -- osd_op_reply(1819095 50001e87052.00000000 [write 0~63 [3@0]] v89090'90698352 uv90698352 ondisk = 0) v8 -- 0x55ffc6cb2840 con 0
2020-04-22 10:43:55.499183 7ff893cf7700  1 -- 128.142.162.30:6839/2364636 --> 128.142.23.41:6813/3058059 -- replica_scrub(pg: 1.62b,from:0'0,to:0'0,epoch:89090/88802,start:1:d47305a4:::30063101769.00000000:0,end:1:d47305f2:fsvolumens_f51e1a94-b1ff-4f2c-9686-c7e9835e0f6c::100090ec5f8.00000000:0,chunky:1,deep:0,version:9,allow_preemption:1,priority=5) v9 -- 0x55ffbb6822c0 con 0
2020-04-22 10:43:55.499220 7ff893cf7700  1 -- 128.142.162.30:6839/2364636 --> 128.142.23.53:6837/2376126 -- replica_scrub(pg: 1.62b,from:0'0,to:0'0,epoch:89090/88802,start:1:d47305a4:::30063101769.00000000:0,end:1:d47305f2:fsvolumens_f51e1a94-b1ff-4f2c-9686-c7e9835e0f6c::100090ec5f8.00000000:0,chunky:1,deep:0,version:9,allow_preemption:1,priority=5) v9 -- 0x55ffcbe40580 con 0
2020-04-22 10:43:55.499721 7ff8adcfa700  1 -- 128.142.162.30:6839/2364636 <== osd.225 128.142.23.41:6813/3058059 885026 ==== rep_scrubmap(1.62b e88802 from shard 225) v2 ==== 40+0+2511 (1919878307 0 2140015437) 0x55ffcffbe6c0 con 0x55ffc516f800
2020-04-22 10:43:55.499737 7ff8aecfc700  1 -- 128.142.162.30:6839/2364636 <== osd.261 128.142.23.53:6837/2376126 885022 ==== rep_scrubmap(1.62b e88802 from shard 261) v2 ==== 40+0+2511 (1869850312 0 2140015437) 0x55ffca9b38c0 con 0x55ffc512a000
2020-04-22 10:43:55.511296 7ff8aecfc700  1 -- 128.142.162.30:6842/2364636 <== osd.142 128.142.161.222:0/4105739 758895 ==== osd_ping(ping e89090 stamp 2020-04-22 10:43:55.510057) v4 ==== 2004+0+0 (252503223 0 0) 0x55fffa7f2e00 con 0x55ffc0890000
2020-04-22 10:43:55.511304 7ff8ae4fb700  1 -- 128.142.162.30:6845/2364636 <== osd.142 128.142.161.222:0/4105739 758895 ==== osd_ping(ping e89090 stamp 2020-04-22 10:43:55.510057) v4 ==== 2004+0+0 (252503223 0 0) 0x55ffb2bb8e00 con 0x55ffbec4d800
2020-04-22 10:43:55.511314 7ff8aecfc700  1 -- 128.142.162.30:6842/2364636 --> 128.142.161.222:0/4105739 -- osd_ping(ping_reply e89090 stamp 2020-04-22 10:43:55.510057) v4 -- 0x55ffc8923200 con 0
2020-04-22 10:43:55.511334 7ff8ae4fb700  1 -- 128.142.162.30:6845/2364636 --> 128.142.161.222:0/4105739 -- osd_ping(ping_reply e89090 stamp 2020-04-22 10:43:55.510057) v4 -- 0x55ffee0b7c00 con 0
2020-04-22 10:43:55.558562 7ff8ae4fb700  1 -- 128.142.162.30:6842/2364636 <== osd.122 128.142.161.222:0/4105799 758547 ==== osd_ping(ping e89090 stamp 2020-04-22 10:43:55.557317) v4 ==== 2004+0+0 (3242781542 0 0) 0x55ffba466000 con 0x55ffc97d7800
2020-04-22 10:43:55.558562 7ff8aecfc700  1 -- 128.142.162.30:6845/2364636 <== osd.122 128.142.161.222:0/4105799 758547 ==== osd_ping(ping e89090 stamp 2020-04-22 10:43:55.557317) v4 ==== 2004+0+0 (3242781542 0 0) 0x55ffc121ec00 con 0x55ffc45b2000
2020-04-22 10:43:55.558589 7ff8ae4fb700  1 -- 128.142.162.30:6842/2364636 --> 128.142.161.222:0/4105799 -- osd_ping(ping_reply e89090 stamp 2020-04-22 10:43:55.557317) v4 -- 0x55fff42c4c00 con 0
2020-04-22 10:43:55.558617 7ff8aecfc700  1 -- 128.142.162.30:6845/2364636 --> 128.142.161.222:0/4105799 -- osd_ping(ping_reply e89090 stamp 2020-04-22 10:43:55.557317) v4 -- 0x55ffd2a53000 con 0
2020-04-22 10:43:55.582045 7ff8aecfc700  1 -- 128.142.162.30:6824/1364636 >> 137.138.152.167:0/3525862917 conn(0x55ffc2e18000 :6824 s=STATE_OPEN pgs=68699527 cs=1 l=1).tick idle(95813157) more than 60000000 us, mark self fault.
2020-04-22 10:43:55.582057 7ff8aecfc700  1 -- 128.142.162.30:6824/1364636 >> 137.138.152.167:0/3525862917 conn(0x55ffc2e18000 :6824 s=STATE_OPEN pgs=68699527 cs=1 l=1).fault on lossy channel, failing
2020-04-22 10:43:55.583178 7ff8aecfc700  1 -- 128.142.162.30:6824/1364636 >> - conn(0x55ffbde0e000 :6824 s=STATE_ACCEPTING pgs=0 cs=0 l=0)._process_connection sd=361 -
2020-04-22 10:43:55.600555 7ff893cf7700  1 -- 128.142.162.30:6839/2364636 --> 128.142.23.41:6813/3058059 -- replica_scrub(pg: 1.62b,from:0'0,to:0'0,epoch:89090/88802,start:1:d47305f2:fsvolumens_f51e1a94-b1ff-4f2c-9686-c7e9835e0f6c::100090ec5f8.00000000:0,end:1:d4730623:fsvolumens_69d07521-b740-46d1-a545-7057160a8fb2::30061c7cbeb.00000000:0,chunky:1,deep:0,version:9,allow_preemption:1,priority=5) v9 -- 0x55fffaea8b00 con 0
2020-04-22 10:43:55.600591 7ff893cf7700  1 -- 128.142.162.30:6839/2364636 --> 128.142.23.53:6837/2376126 -- replica_scrub(pg: 1.62b,from:0'0,to:0'0,epoch:89090/88802,start:1:d47305f2:fsvolumens_f51e1a94-b1ff-4f2c-9686-c7e9835e0f6c::100090ec5f8.00000000:0,end:1:d4730623:fsvolumens_69d07521-b740-46d1-a545-7057160a8fb2::30061c7cbeb.00000000:0,chunky:1,deep:0,version:9,allow_preemption:1,priority=5) v9 -- 0x55ffc0a97080 con 0
2020-04-22 10:43:55.601417 7ff8adcfa700  1 -- 128.142.162.30:6839/2364636 <== osd.225 128.142.23.41:6813/3058059 885027 ==== rep_scrubmap(1.62b e88802 from shard 225) v2 ==== 40+0+1821 (1919878307 0 4043511941) 0x55ffc87ba6c0 con 0x55ffc516f800
2020-04-22 10:43:55.601444 7ff8aecfc700  1 -- 128.142.162.30:6839/2364636 <== osd.261 128.142.23.53:6837/2376126 885023 ==== rep_scrubmap(1.62b e88802 from shard 261) v2 ==== 40+0+1821 (1869850312 0 4043511941) 0x55ffbec026c0 con 0x55ffc512a000
2020-04-22 10:43:55.677046 7ff8aecfc700  1 -- 128.142.162.30:6824/1364636 >> 188.185.116.160:0/439450415 conn(0x55ffb9fe3000 :6824 s=STATE_OPEN pgs=28259659 cs=1 l=1).tick idle(60000724) more than 60000000 us, mark self fault.
2020-04-22 10:43:55.677065 7ff8aecfc700  1 -- 128.142.162.30:6824/1364636 >> 188.185.116.160:0/439450415 conn(0x55ffb9fe3000 :6824 s=STATE_OPEN pgs=28259659 cs=1 l=1).fault on lossy channel, failing
