2020-04-22 10:43:57.363586 7ff8adcfa700  1 -- 128.142.162.30:6845/2364636 <== osd.56 128.142.162.21:0/1647843 759036 ==== osd_ping(ping e89090 stamp 2020-04-22 10:43:57.362722) v4 ==== 2004+0+0 (84184888 0 0) 0x55ffdec07c00 con 0x55ffe9687000
2020-04-22 10:43:57.363641 7ff8aecfc700  1 -- 128.142.162.30:6842/2364636 <== osd.56 128.142.162.21:0/1647843 759036 ==== osd_ping(ping e89090 stamp 2020-04-22 10:43:57.362722) v4 ==== 2004+0+0 (84184888 0 0) 0x55ffc129e000 con 0x55fffb4dc800
2020-04-22 10:43:57.363605 7ff8adcfa700  1 -- 128.142.162.30:6845/2364636 --> 128.142.162.21:0/1647843 -- osd_ping(ping_reply e89090 stamp 2020-04-22 10:43:57.362722) v4 -- 0x55ffca006a00 con 0
2020-04-22 10:43:57.363688 7ff8aecfc700  1 -- 128.142.162.30:6842/2364636 --> 128.142.162.21:0/1647843 -- osd_ping(ping_reply e89090 stamp 2020-04-22 10:43:57.362722) v4 -- 0x55ffdc6b5200 con 0
2020-04-22 10:43:57.363755 7ff8adcfa700  1 -- 128.142.162.30:6845/2364636 <== osd.102 128.142.161.222:0/4105821 758570 ==== osd_ping(ping e89090 stamp 2020-04-22 10:43:57.362731) v4 ==== 2004+0+0 (4138618412 0 0) 0x55ffc0361200 con 0x55ffdf96a800
2020-04-22 10:43:57.363769 7ff8adcfa700  1 -- 128.142.162.30:6845/2364636 --> 128.142.161.222:0/4105821 -- osd_ping(ping_reply e89090 stamp 2020-04-22 10:43:57.362731) v4 -- 0x55ffca006a00 con 0
2020-04-22 10:43:57.363774 7ff8aecfc700  1 -- 128.142.162.30:6842/2364636 <== osd.102 128.142.161.222:0/4105821 758570 ==== osd_ping(ping e89090 stamp 2020-04-22 10:43:57.362731) v4 ==== 2004+0+0 (4138618412 0 0) 0x55ffd2a53000 con 0x55ffe45a7000
2020-04-22 10:43:57.363793 7ff8aecfc700  1 -- 128.142.162.30:6842/2364636 --> 128.142.161.222:0/4105821 -- osd_ping(ping_reply e89090 stamp 2020-04-22 10:43:57.362731) v4 -- 0x55ffdc6b5200 con 0
2020-04-22 10:43:57.369044 7ff8adcfa700  1 -- 128.142.162.30:6824/1364636 >> 188.184.104.95:0/630289334 conn(0x55ffc1304000 :6824 s=STATE_OPEN pgs=15067945 cs=1 l=1).tick idle(60000724) more than 60000000 us, mark self fault.
2020-04-22 10:43:57.369053 7ff8adcfa700  1 -- 128.142.162.30:6824/1364636 >> 188.184.104.95:0/630289334 conn(0x55ffc1304000 :6824 s=STATE_OPEN pgs=15067945 cs=1 l=1).fault on lossy channel, failing
2020-04-22 10:43:57.370402 7ff8adcfa700  1 -- 128.142.162.30:6824/1364636 >> - conn(0x55ffc713f800 :6824 s=STATE_ACCEPTING pgs=0 cs=0 l=0)._process_connection sd=213 -
2020-04-22 10:43:57.374397 7ff8adcfa700  1 -- 128.142.162.30:6842/2364636 <== osd.205 128.142.23.55:0/1802042 758478 ==== osd_ping(ping e89090 stamp 2020-04-22 10:43:57.373131) v4 ==== 2004+0+0 (918878842 0 0) 0x560002918400 con 0x55ffce70e800
2020-04-22 10:43:57.374405 7ff8ae4fb700  1 -- 128.142.162.30:6845/2364636 <== osd.205 128.142.23.55:0/1802042 758478 ==== osd_ping(ping e89090 stamp 2020-04-22 10:43:57.373131) v4 ==== 2004+0+0 (918878842 0 0) 0x55fff42c4c00 con 0x55ffc1633000
2020-04-22 10:43:57.374415 7ff8adcfa700  1 -- 128.142.162.30:6842/2364636 --> 128.142.23.55:0/1802042 -- osd_ping(ping_reply e89090 stamp 2020-04-22 10:43:57.373131) v4 -- 0x55ffca006a00 con 0
2020-04-22 10:43:57.374436 7ff8ae4fb700  1 -- 128.142.162.30:6845/2364636 --> 128.142.23.55:0/1802042 -- osd_ping(ping_reply e89090 stamp 2020-04-22 10:43:57.373131) v4 -- 0x55ffeda5c400 con 0
2020-04-22 10:43:57.430962 7ff893cf7700  1 -- 128.142.162.30:6839/2364636 --> 128.142.23.41:6813/3058059 -- replica_scrub(pg: 1.62b,from:0'0,to:0'0,epoch:89090/88802,start:1:d47309c2:::500018fa07a.00000026:0,end:1:d47309dc:::4000d6103cf.00000000:0,chunky:1,deep:0,version:9,allow_preemption:1,priority=5) v9 -- 0x55ffd243d340 con 0
2020-04-22 10:43:57.430995 7ff893cf7700  1 -- 128.142.162.30:6839/2364636 --> 128.142.23.53:6837/2376126 -- replica_scrub(pg: 1.62b,from:0'0,to:0'0,epoch:89090/88802,start:1:d47309c2:::500018fa07a.00000026:0,end:1:d47309dc:::4000d6103cf.00000000:0,chunky:1,deep:0,version:9,allow_preemption:1,priority=5) v9 -- 0x55ffd6c102c0 con 0
2020-04-22 10:43:57.431983 7ff8adcfa700  1 -- 128.142.162.30:6839/2364636 <== osd.225 128.142.23.41:6813/3058059 885045 ==== rep_scrubmap(1.62b e88802 from shard 225) v2 ==== 40+0+2025 (1919878307 0 514073952) 0x55ffb854d440 con 0x55ffc516f800
2020-04-22 10:43:57.432114 7ff8aecfc700  1 -- 128.142.162.30:6839/2364636 <== osd.261 128.142.23.53:6837/2376126 885041 ==== rep_scrubmap(1.62b e88802 from shard 261) v2 ==== 40+0+2025 (1869850312 0 514073952) 0x55ffed8d5d40 con 0x55ffc512a000
2020-04-22 10:43:57.473217 7ff8aecfc700  1 -- 128.142.162.30:6842/2364636 <== osd.189 128.142.23.48:0/1918715 758874 ==== osd_ping(ping e89090 stamp 2020-04-22 10:43:57.472356) v4 ==== 2004+0+0 (2588454501 0 0) 0x55ffc129e000 con 0x55ffc1125000
2020-04-22 10:43:57.473233 7ff8aecfc700  1 -- 128.142.162.30:6842/2364636 --> 128.142.23.48:0/1918715 -- osd_ping(ping_reply e89090 stamp 2020-04-22 10:43:57.472356) v4 -- 0x55ffdc6b5200 con 0
2020-04-22 10:43:57.473282 7ff8ae4fb700  1 -- 128.142.162.30:6845/2364636 <== osd.189 128.142.23.48:0/1918715 758874 ==== osd_ping(ping e89090 stamp 2020-04-22 10:43:57.472356) v4 ==== 2004+0+0 (2588454501 0 0) 0x55ffbd698800 con 0x55ffc70b7800
2020-04-22 10:43:57.473298 7ff8ae4fb700  1 -- 128.142.162.30:6845/2364636 --> 128.142.23.48:0/1918715 -- osd_ping(ping_reply e89090 stamp 2020-04-22 10:43:57.472356) v4 -- 0x55ffeda5c400 con 0
2020-04-22 10:43:57.532886 7ff893cf7700  1 -- 128.142.162.30:6839/2364636 --> 128.142.23.41:6813/3058059 -- replica_scrub(pg: 1.62b,from:0'0,to:0'0,epoch:89090/88802,start:1:d47309dc:::4000d6103cf.00000000:0,end:1:d4730a38:::4000e982e93.000001f6:0,chunky:1,deep:0,version:9,allow_preemption:1,priority=5) v9 -- 0x55ffd7f542c0 con 0
2020-04-22 10:43:57.532917 7ff893cf7700  1 -- 128.142.162.30:6839/2364636 --> 128.142.23.53:6837/2376126 -- replica_scrub(pg: 1.62b,from:0'0,to:0'0,epoch:89090/88802,start:1:d47309dc:::4000d6103cf.00000000:0,end:1:d4730a38:::4000e982e93.000001f6:0,chunky:1,deep:0,version:9,allow_preemption:1,priority=5) v9 -- 0x55ffb3d38b00 con 0
2020-04-22 10:43:57.533424 7ff8aecfc700  1 -- 128.142.162.30:6839/2364636 <== osd.261 128.142.23.53:6837/2376126 885042 ==== rep_scrubmap(1.62b e88802 from shard 261) v2 ==== 40+0+2185 (1869850312 0 3644023022) 0x55ffba8ab680 con 0x55ffc512a000
2020-04-22 10:43:57.533487 7ff8adcfa700  1 -- 128.142.162.30:6839/2364636 <== osd.225 128.142.23.41:6813/3058059 885046 ==== rep_scrubmap(1.62b e88802 from shard 225) v2 ==== 40+0+2185 (1919878307 0 3644023022) 0x55ffb4147200 con 0x55ffc516f800
2020-04-22 10:43:57.582953 7ff8ae4fb700  1 -- 128.142.162.30:6842/2364636 <== osd.40 128.142.162.21:0/1647847 758741 ==== osd_ping(ping e89090 stamp 2020-04-22 10:43:57.581469) v4 ==== 2004+0+0 (3676993836 0 0) 0x55fff42c4c00 con 0x55ffc0569000
2020-04-22 10:43:57.582984 7ff8ae4fb700  1 -- 128.142.162.30:6842/2364636 --> 128.142.162.21:0/1647847 -- osd_ping(ping_reply e89090 stamp 2020-04-22 10:43:57.581469) v4 -- 0x55ffeda5c400 con 0
2020-04-22 10:43:57.583068 7ff8aecfc700  1 -- 128.142.162.30:6845/2364636 <== osd.40 128.142.162.21:0/1647847 758741 ==== osd_ping(ping e89090 stamp 2020-04-22 10:43:57.581469) v4 ==== 2004+0+0 (3676993836 0 0) 0x55ffd2a53000 con 0x55ffe18b9800
2020-04-22 10:43:57.583085 7ff8aecfc700  1 -- 128.142.162.30:6845/2364636 --> 128.142.162.21:0/1647847 -- osd_ping(ping_reply e89090 stamp 2020-04-22 10:43:57.581469) v4 -- 0x55ffdc6b5200 con 0
2020-04-22 10:43:57.583823 7ff8ae4fb700  1 -- 128.142.162.30:6845/2364636 <== osd.164 128.142.23.42:0/3266072 759140 ==== osd_ping(ping e89090 stamp 2020-04-22 10:43:57.582865) v4 ==== 2004+0+0 (1807870875 0 0) 0x55ffbd698800 con 0x55ffc00a9800
2020-04-22 10:43:57.583838 7ff8ae4fb700  1 -- 128.142.162.30:6845/2364636 --> 128.142.23.42:0/3266072 -- osd_ping(ping_reply e89090 stamp 2020-04-22 10:43:57.582865) v4 -- 0x55ffeda5c400 con 0
2020-04-22 10:43:57.583839 7ff8aecfc700  1 -- 128.142.162.30:6842/2364636 <== osd.164 128.142.23.42:0/3266072 759140 ==== osd_ping(ping e89090 stamp 2020-04-22 10:43:57.582865) v4 ==== 2004+0+0 (1807870875 0 0) 0x55ffc129e000 con 0x55ffef034000
2020-04-22 10:43:57.583856 7ff8aecfc700  1 -- 128.142.162.30:6842/2364636 --> 128.142.23.42:0/3266072 -- osd_ping(ping_reply e89090 stamp 2020-04-22 10:43:57.582865) v4 -- 0x55ffdc6b5200 con 0
2020-04-22 10:43:57.634397 7ff893cf7700  1 -- 128.142.162.30:6839/2364636 --> 128.142.23.41:6813/3058059 -- replica_scrub(pg: 1.62b,from:0'0,to:0'0,epoch:89090/88802,start:1:d4730a38:::4000e982e93.000001f6:0,end:1:d4730a61:fsvolumens_303fadd2-188b-4d27-984b-cc91bdfbbb73::1001c4f675b.00000000:0,chunky:1,deep:0,version:9,allow_preemption:1,priority=5) v9 -- 0x55ffb3deb340 con 0
2020-04-22 10:43:57.634432 7ff893cf7700  1 -- 128.142.162.30:6839/2364636 --> 128.142.23.53:6837/2376126 -- replica_scrub(pg: 1.62b,from:0'0,to:0'0,epoch:89090/88802,start:1:d4730a38:::4000e982e93.000001f6:0,end:1:d4730a61:fsvolumens_303fadd2-188b-4d27-984b-cc91bdfbbb73::1001c4f675b.00000000:0,chunky:1,deep:0,version:9,allow_preemption:1,priority=5) v9 -- 0x55ffb3cde840 con 0
2020-04-22 10:43:57.635230 7ff8adcfa700  1 -- 128.142.162.30:6839/2364636 <== osd.225 128.142.23.41:6813/3058059 885047 ==== rep_scrubmap(1.62b e88802 from shard 225) v2 ==== 40+0+2310 (1919878307 0 3575594151) 0x560007b38fc0 con 0x55ffc516f800
2020-04-22 10:43:57.635414 7ff8aecfc700  1 -- 128.142.162.30:6839/2364636 <== osd.261 128.142.23.53:6837/2376126 885043 ==== rep_scrubmap(1.62b e88802 from shard 261) v2 ==== 40+0+2310 (1869850312 0 3575594151) 0x55ffb10cdb00 con 0x55ffc512a000
2020-04-22 10:43:57.666777 7ff8ae4fb700  1 -- 128.142.162.30:6842/2364636 <== osd.252 128.142.23.53:0/1376099 760143 ==== osd_ping(ping e89090 stamp 2020-04-22 10:43:57.666490) v4 ==== 2004+0+0 (3905610142 0 0) 0x55fff42c4c00 con 0x55ffd6823000
2020-04-22 10:43:57.666799 7ff8ae4fb700  1 -- 128.142.162.30:6842/2364636 --> 128.142.23.53:0/1376099 -- osd_ping(ping_reply e89090 stamp 2020-04-22 10:43:57.666490) v4 -- 0x55ffeda5c400 con 0
2020-04-22 10:43:57.667189 7ff8aecfc700  1 -- 128.142.162.30:6845/2364636 <== osd.252 128.142.23.53:0/1376099 760143 ==== osd_ping(ping e89090 stamp 2020-04-22 10:43:57.666490) v4 ==== 2004+0+0 (3905610142 0 0) 0x55ffd2a53000 con 0x55ffcbc7a800
2020-04-22 10:43:57.667205 7ff8aecfc700  1 -- 128.142.162.30:6845/2364636 --> 128.142.23.53:0/1376099 -- osd_ping(ping_reply e89090 stamp 2020-04-22 10:43:57.666490) v4 -- 0x55ffdc6b5200 con 0
2020-04-22 10:43:57.713151 7ff8adcfa700  1 -- 128.142.162.30:6845/2364636 <== osd.93 128.142.162.30:0/1364634 758778 ==== osd_ping(ping e89090 stamp 2020-04-22 10:43:57.712263) v4 ==== 2004+0+0 (513531281 0 0) 0x55ffc0361200 con 0x55fff685f000
2020-04-22 10:43:57.713128 7ff8aecfc700  1 -- 128.142.162.30:6842/2364636 <== osd.93 128.142.162.30:0/1364634 758778 ==== osd_ping(ping e89090 stamp 2020-04-22 10:43:57.712263) v4 ==== 2004+0+0 (513531281 0 0) 0x55ffc129e000 con 0x55ffc2e19800
2020-04-22 10:43:57.713170 7ff8adcfa700  1 -- 128.142.162.30:6845/2364636 --> 128.142.162.30:0/1364634 -- osd_ping(ping_reply e89090 stamp 2020-04-22 10:43:57.712263) v4 -- 0x55ffca006a00 con 0
2020-04-22 10:43:57.713190 7ff8aecfc700  1 -- 128.142.162.30:6842/2364636 --> 128.142.162.30:0/1364634 -- osd_ping(ping_reply e89090 stamp 2020-04-22 10:43:57.712263) v4 -- 0x55ffdc6b5200 con 0
2020-04-22 10:43:57.736022 7ff893cf7700  1 -- 128.142.162.30:6839/2364636 --> 128.142.23.41:6813/3058059 -- replica_scrub(pg: 1.62b,from:0'0,to:0'0,epoch:89090/88802,start:1:d4730a61:fsvolumens_303fadd2-188b-4d27-984b-cc91bdfbbb73::1001c4f675b.00000000:0,end:1:d4730a7f:::2000083ddeb.00000000:0,chunky:1,deep:0,version:9,allow_preemption:1,priority=5) v9 -- 0x55ffce331340 con 0
2020-04-22 10:43:57.736058 7ff893cf7700  1 -- 128.142.162.30:6839/2364636 --> 128.142.23.53:6837/2376126 -- replica_scrub(pg: 1.62b,from:0'0,to:0'0,epoch:89090/88802,start:1:d4730a61:fsvolumens_303fadd2-188b-4d27-984b-cc91bdfbbb73::1001c4f675b.00000000:0,end:1:d4730a7f:::2000083ddeb.00000000:0,chunky:1,deep:0,version:9,allow_preemption:1,priority=5) v9 -- 0x55fffb261b80 con 0
2020-04-22 10:43:57.736732 7ff8adcfa700  1 -- 128.142.162.30:6839/2364636 <== osd.225 128.142.23.41:6813/3058059 885048 ==== rep_scrubmap(1.62b e88802 from shard 225) v2 ==== 40+0+2214 (1919878307 0 1982637137) 0x55ffc54cdd40 con 0x55ffc516f800
2020-04-22 10:43:57.736763 7ff8aecfc700  1 -- 128.142.162.30:6839/2364636 <== osd.261 128.142.23.53:6837/2376126 885044 ==== rep_scrubmap(1.62b e88802 from shard 261) v2 ==== 40+0+2214 (1869850312 0 1982637137) 0x55ffea8c8240 con 0x55ffc512a000
2020-04-22 10:43:57.741906 7ff8adcfa700  1 -- 128.142.162.30:6845/2364636 <== osd.207 128.142.23.53:0/1376031 759191 ==== osd_ping(ping e89090 stamp 2020-04-22 10:43:57.740980) v4 ==== 2004+0+0 (2827606860 0 0) 0x560002918400 con 0x55ffcb8cd000
2020-04-22 10:43:57.741922 7ff8adcfa700  1 -- 128.142.162.30:6845/2364636 --> 128.142.23.53:0/1376031 -- osd_ping(ping_reply e89090 stamp 2020-04-22 10:43:57.740980) v4 -- 0x55ffca006a00 con 0
2020-04-22 10:43:57.741999 7ff8aecfc700  1 -- 128.142.162.30:6842/2364636 <== osd.207 128.142.23.53:0/1376031 759191 ==== osd_ping(ping e89090 stamp 2020-04-22 10:43:57.740980) v4 ==== 2004+0+0 (2827606860 0 0) 0x55ffd2a53000 con 0x55ffdf95c000
2020-04-22 10:43:57.742014 7ff8aecfc700  1 -- 128.142.162.30:6842/2364636 --> 128.142.23.53:0/1376031 -- osd_ping(ping_reply e89090 stamp 2020-04-22 10:43:57.740980) v4 -- 0x55ffdc6b5200 con 0
2020-04-22 10:43:57.807967 7ff8adcfa700  1 -- 128.142.162.30:6845/2364636 <== osd.180 128.142.23.41:0/2058089 759393 ==== osd_ping(ping e89090 stamp 2020-04-22 10:43:57.807037) v4 ==== 2004+0+0 (2255735023 0 0) 0x55ffc0361200 con 0x55fff1aad800
2020-04-22 10:43:57.807973 7ff8aecfc700  1 -- 128.142.162.30:6842/2364636 <== osd.180 128.142.23.41:0/2058089 759393 ==== osd_ping(ping e89090 stamp 2020-04-22 10:43:57.807037) v4 ==== 2004+0+0 (2255735023 0 0) 0x55ffc129e000 con 0x55ffe1950800
2020-04-22 10:43:57.807986 7ff8adcfa700  1 -- 128.142.162.30:6845/2364636 --> 128.142.23.41:0/2058089 -- osd_ping(ping_reply e89090 stamp 2020-04-22 10:43:57.807037) v4 -- 0x55ffca006a00 con 0
2020-04-22 10:43:57.808005 7ff8aecfc700  1 -- 128.142.162.30:6842/2364636 --> 128.142.23.41:0/2058089 -- osd_ping(ping_reply e89090 stamp 2020-04-22 10:43:57.807037) v4 -- 0x55ffdc6b5200 con 0
2020-04-22 10:43:57.826049 7ff8aecfc700  1 -- 128.142.162.30:6824/1364636 >> 137.138.123.214:0/903907850 conn(0x55ffe194d800 :6824 s=STATE_OPEN pgs=1749964 cs=1 l=1).tick idle(60000724) more than 60000000 us, mark self fault.
2020-04-22 10:43:57.826063 7ff8aecfc700  1 -- 128.142.162.30:6824/1364636 >> 137.138.123.214:0/903907850 conn(0x55ffe194d800 :6824 s=STATE_OPEN pgs=1749964 cs=1 l=1).fault on lossy channel, failing
2020-04-22 10:43:57.827470 7ff8aecfc700  1 -- 128.142.162.30:6824/1364636 >> - conn(0x55ffd8140800 :6824 s=STATE_ACCEPTING pgs=0 cs=0 l=0)._process_connection sd=58 -
2020-04-22 10:43:57.837535 7ff893cf7700  1 -- 128.142.162.30:6839/2364636 --> 128.142.23.41:6813/3058059 -- replica_scrub(pg: 1.62b,from:0'0,to:0'0,epoch:89090/88802,start:1:d4730a7f:::2000083ddeb.00000000:0,end:1:d4730aa3:::300091928bb.00000000:0,chunky:1,deep:0,version:9,allow_preemption:1,priority=5) v9 -- 0x55ffca9d9b80 con 0
2020-04-22 10:43:57.837564 7ff893cf7700  1 -- 128.142.162.30:6839/2364636 --> 128.142.23.53:6837/2376126 -- replica_scrub(pg: 1.62b,from:0'0,to:0'0,epoch:89090/88802,start:1:d4730a7f:::2000083ddeb.00000000:0,end:1:d4730aa3:::300091928bb.00000000:0,chunky:1,deep:0,version:9,allow_preemption:1,priority=5) v9 -- 0x55ffd627b600 con 0
2020-04-22 10:43:57.838208 7ff8adcfa700  1 -- 128.142.162.30:6839/2364636 <== osd.225 128.142.23.41:6813/3058059 885049 ==== rep_scrubmap(1.62b e88802 from shard 225) v2 ==== 40+0+2693 (1919878307 0 894242200) 0x55ffcced8fc0 con 0x55ffc516f800
2020-04-22 10:43:57.838293 7ff8aecfc700  1 -- 128.142.162.30:6839/2364636 <== osd.261 128.142.23.53:6837/2376126 885045 ==== rep_scrubmap(1.62b e88802 from shard 261) v2 ==== 40+0+2693 (1869850312 0 894242200) 0x55ffe5246240 con 0x55ffc512a000
2020-04-22 10:43:57.856310 7ff8adcfa700  1 -- 128.142.162.30:6842/2364636 <== osd.91 128.142.162.30:0/1364650 759055 ==== osd_ping(ping e89090 stamp 2020-04-22 10:43:57.855233) v4 ==== 2004+0+0 (1313638960 0 0) 0x560002918400 con 0x55ffb524c800
2020-04-22 10:43:57.856331 7ff8adcfa700  1 -- 128.142.162.30:6842/2364636 --> 128.142.162.30:0/1364650 -- osd_ping(ping_reply e89090 stamp 2020-04-22 10:43:57.855233) v4 -- 0x55ffca006a00 con 0
2020-04-22 10:43:57.856399 7ff8adcfa700  1 -- 128.142.162.30:6845/2364636 <== osd.91 128.142.162.30:0/1364650 759055 ==== osd_ping(ping e89090 stamp 2020-04-22 10:43:57.855233) v4 ==== 2004+0+0 (1313638960 0 0) 0x55ffc0361200 con 0x55ffeeb6c000
2020-04-22 10:43:57.856428 7ff8adcfa700  1 -- 128.142.162.30:6845/2364636 --> 128.142.162.30:0/1364650 -- osd_ping(ping_reply e89090 stamp 2020-04-22 10:43:57.855233) v4 -- 0x55ffca006a00 con 0
2020-04-22 10:43:57.859657 7ff8ae4fb700  1 -- 128.142.162.30:6842/2364636 <== osd.122 128.142.161.222:0/4105799 758548 ==== osd_ping(ping e89090 stamp 2020-04-22 10:43:57.858361) v4 ==== 2004+0+0 (860372044 0 0) 0x55ffbd698800 con 0x55ffc97d7800
2020-04-22 10:43:57.859667 7ff8aecfc700  1 -- 128.142.162.30:6845/2364636 <== osd.122 128.142.161.222:0/4105799 758548 ==== osd_ping(ping e89090 stamp 2020-04-22 10:43:57.858361) v4 ==== 2004+0+0 (860372044 0 0) 0x55ffc0cf3400 con 0x55ffc45b2000
2020-04-22 10:43:57.859678 7ff8ae4fb700  1 -- 128.142.162.30:6842/2364636 --> 128.142.161.222:0/4105799 -- osd_ping(ping_reply e89090 stamp 2020-04-22 10:43:57.858361) v4 -- 0x55ffeda5c400 con 0
2020-04-22 10:43:57.859702 7ff8aecfc700  1 -- 128.142.162.30:6845/2364636 --> 128.142.161.222:0/4105799 -- osd_ping(ping_reply e89090 stamp 2020-04-22 10:43:57.858361) v4 -- 0x55ffdc6b5200 con 0
2020-04-22 10:43:57.880222 7ff8adcfa700  1 -- 128.142.162.30:6839/2364636 <== osd.50 128.142.161.225:6834/3706870 682696 ==== osd_repop(mds.2.234668:9276743 2.2b8 e89090/88802) v2 ==== 1010+0+1601 (1135459456 0 3517894203) 0x55ffedb95200 con 0x55ffd1650800
2020-04-22 10:43:57.880620 7ff8a0510700  1 -- 128.142.162.30:6839/2364636 --> 128.142.161.225:6834/3706870 -- osd_repop_reply(mds.2.234668:9276743 2.2b8 e89090/88802 ondisk, result = 0) v2 -- 0x55fffa8fc500 con 0
2020-04-22 10:43:57.880851 7ff8adcfa700  1 -- 128.142.162.30:6839/2364636 <== osd.50 128.142.161.225:6834/3706870 682697 ==== osd_repop(mds.2.234668:9276753 2.2b8 e89090/88802) v2 ==== 1010+0+986 (2166627424 0 447624321) 0x55ffb1211e00 con 0x55ffd1650800
2020-04-22 10:43:57.881107 7ff8a0510700  1 -- 128.142.162.30:6839/2364636 --> 128.142.161.225:6834/3706870 -- osd_repop_reply(mds.2.234668:9276753 2.2b8 e89090/88802 ondisk, result = 0) v2 -- 0x55ffb82d0780 con 0
2020-04-22 10:43:57.897370 7ff8aecfc700  1 -- 128.142.162.30:6839/2364636 <== osd.67 128.142.162.21:6871/2647787 674289 ==== osd_repop(mds.2.234668:9276882 1.262 e89090/88803) v2 ==== 1010+0+229 (3476542923 0 150651707) 0x55ffb1210600 con 0x55ffc6ed2800
2020-04-22 10:43:57.897703 7ff8adcfa700  1 -- 128.142.162.30:6839/2364636 <== osd.189 128.142.23.48:6873/2918715 670383 ==== pg_update_log_missing(2.f epoch 89090/88804 rep_tid 16942749 entries 89090'33934737 (0'0) error    2:f02ae6bd:::3006791129d.00000000:head by mds.2.234668:9276875 0.000000 -2 trim_to 89076'33933162 roll_forward_to 89090'33934735) v3 ==== 229+0+0 (2589636666 0 0) 0x560004449440 con 0x55ffc0622800
2020-04-22 10:43:57.897899 7ff8a0510700  1 -- 128.142.162.30:6839/2364636 --> 128.142.162.21:6871/2647787 -- osd_repop_reply(mds.2.234668:9276882 1.262 e89090/88803 ondisk, result = 0) v2 -- 0x55ffdf610000 con 0
2020-04-22 10:43:57.897999 7ff8a0510700  1 -- 128.142.162.30:6839/2364636 --> 128.142.23.48:6873/2918715 -- pg_update_log_missing_reply(2.f epoch 89090/88804 rep_tid 16942749 lcod 89090'33934737) v3 -- 0x55ffced1e800 con 0
2020-04-22 10:43:57.901704 7ff8ae4fb700  1 -- 128.142.162.30:6824/1364636 <== mds.2 188.184.31.104:6800/1357101921 29579 ==== osd_op(mds.2.234668:9276981 1.6ab 1.ac1996ab (undecoded) ondisk+write+known_if_redirected+full_force e89090) v8 ==== 229+0+0 (1773744262 0 0) 0x55ffcff458c0 con 0x55ffbdc77800
2020-04-22 10:43:57.901904 7ff894cf9700  1 -- 128.142.162.30:6839/2364636 --> 128.142.161.220:6885/2068318 -- pg_update_log_missing(1.6ab epoch 89090/88802 rep_tid 15996694 entries 89090'90534797 (0'0) error    1:d5699835:::30067910dc1.00000000:head by mds.2.234668:9276981 0.000000 -2 trim_to 89076'90533207 roll_forward_to 89090'90534795) v3 -- 0x55ffca9b26c0 con 0
2020-04-22 10:43:57.901937 7ff894cf9700  1 -- 128.142.162.30:6839/2364636 --> 128.142.23.50:6860/2683810 -- pg_update_log_missing(1.6ab epoch 89090/88802 rep_tid 15996694 entries 89090'90534797 (0'0) error    1:d5699835:::30067910dc1.00000000:head by mds.2.234668:9276981 0.000000 -2 trim_to 89076'90533207 roll_forward_to 89090'90534795) v3 -- 0x55ffb3d89680 con 0
2020-04-22 10:43:57.902417 7ff8ae4fb700  1 -- 128.142.162.30:6839/2364636 <== osd.34 128.142.161.220:6885/2068318 1554136 ==== pg_update_log_missing_reply(1.6ab epoch 89090/88802 rep_tid 15996694 lcod 89090'90534797) v3 ==== 53+0+0 (3422715004 0 0) 0x55ffbd698800 con 0x55ffdf754000
2020-04-22 10:43:57.902691 7ff8adcfa700  1 -- 128.142.162.30:6839/2364636 <== osd.242 128.142.23.50:6860/2683810 933121 ==== pg_update_log_missing_reply(1.6ab epoch 89090/88802 rep_tid 15996694 lcod 89090'90534797) v3 ==== 53+0+0 (3422715004 0 0) 0x55ffc0361200 con 0x55ffc5171000
2020-04-22 10:43:57.902727 7ff894cf9700  1 -- 128.142.162.30:6824/1364636 --> 188.184.31.104:6800/1357101921 -- osd_op_reply(9276981 30067910dc1.00000000 [delete] v89090'90534797 uv90534796 ondisk = -2 ((2) No such file or directory)) v8 -- 0x55fff645db80 con 0
2020-04-22 10:43:57.905765 7ff8aecfc700  1 -- 128.142.162.30:6839/2364636 <== osd.71 128.142.161.225:6814/3706886 2141583 ==== osd_repop(mds.2.234668:9277021 1.7f8 e89090/88802) v2 ==== 1104+0+276 (284059034 0 1744249873) 0x55ffedb95e00 con 0x55ffeeb6d800
2020-04-22 10:43:57.906248 7ff8a0510700  1 -- 128.142.162.30:6839/2364636 --> 128.142.161.225:6814/3706886 -- osd_repop_reply(mds.2.234668:9277021 1.7f8 e89090/88802 ondisk, result = 0) v2 -- 0x55fff28ca780 con 0
2020-04-22 10:43:57.916047 7ff8adcfa700  1 -- 128.142.162.30:6824/1364636 >> 137.138.54.40:0/2435157220 conn(0x55ffc1578000 :6824 s=STATE_OPEN pgs=45383074 cs=1 l=1).tick idle(60000724) more than 60000000 us, mark self fault.
2020-04-22 10:43:57.916057 7ff8adcfa700  1 -- 128.142.162.30:6824/1364636 >> 137.138.54.40:0/2435157220 conn(0x55ffc1578000 :6824 s=STATE_OPEN pgs=45383074 cs=1 l=1).fault on lossy channel, failing
2020-04-22 10:43:57.917474 7ff8adcfa700  1 -- 128.142.162.30:6824/1364636 >> - conn(0x55ffe194d800 :6824 s=STATE_ACCEPTING pgs=0 cs=0 l=0)._process_connection sd=313 -
2020-04-22 10:43:57.921841 7ff8adcfa700  1 -- 128.142.162.30:6839/2364636 <== osd.142 128.142.161.222:6837/5105739 720219 ==== pg_update_log_missing(1.1a epoch 89090/88802 rep_tid 26948562 entries 89090'92131407 (0'0) error    1:581082f9:::3006791074e.00000000:head by mds.2.234668:9277134 0.000000 -2 trim_to 89076'92129833 roll_forward_to 89090'92131405) v3 ==== 229+0+0 (3814619120 0 0) 0x55ffe4af8000 con 0x55ffdc4d7800
2020-04-22 10:43:57.922097 7ff8a0510700  1 -- 128.142.162.30:6839/2364636 --> 128.142.161.222:6837/5105739 -- pg_update_log_missing_reply(1.1a epoch 89090/88802 rep_tid 26948562 lcod 89090'92131407) v3 -- 0x55ffe44a3800 con 0
2020-04-22 10:43:57.922273 7ff8ae4fb700  1 -- 128.142.162.30:6824/1364636 <== mds.2 188.184.31.104:6800/1357101921 29580 ==== osd_op(mds.2.234668:9277137 1.7ee 1.74e73fee (undecoded) ondisk+write+known_if_redirected+full_force e89090) v8 ==== 276+0+0 (4267889985 0 0) 0x55fff645db80 con 0x55ffbdc77800
2020-04-22 10:43:57.922388 7ff895cfb700  1 -- 128.142.162.30:6839/2364636 --> 128.142.162.21:6855/2647839 -- osd_repop(mds.2.234668:9277137 1.7ee e89090/88802 1:77fce72e:fsvolumens_57cb3b2d-ea63-498e-ac38-4220e1705228::30067910dc3.00000000:head v 89090'93607431) v2 -- 0x55ffe752ac00 con 0
2020-04-22 10:43:57.922421 7ff895cfb700  1 -- 128.142.162.30:6839/2364636 --> 128.142.161.229:6885/3411837 -- osd_repop(mds.2.234668:9277137 1.7ee e89090/88802 1:77fce72e:fsvolumens_57cb3b2d-ea63-498e-ac38-4220e1705228::30067910dc3.00000000:head v 89090'93607431) v2 -- 0x55ffb271d000 con 0
2020-04-22 10:43:57.922831 7ff8ae4fb700  1 -- 128.142.162.30:6839/2364636 <== osd.69 128.142.162.21:6855/2647839 1228554 ==== osd_repop_reply(mds.2.234668:9277137 1.7ee e89090/88802) v2 ==== 111+0+0 (1800281989 0 0) 0x55ffb6c3c280 con 0x55ffbfe8b000
2020-04-22 10:43:57.922951 7ff8adcfa700  1 -- 128.142.162.30:6839/2364636 <== osd.135 128.142.161.229:6885/3411837 2098828 ==== osd_repop_reply(mds.2.234668:9277137 1.7ee e89090/88802) v2 ==== 111+0+0 (1117749039 0 0) 0x55ffb82d0780 con 0x55ffe1d97800
2020-04-22 10:43:57.922978 7ff895cfb700  1 -- 128.142.162.30:6824/1364636 --> 188.184.31.104:6800/1357101921 -- osd_op_reply(9277137 30067910dc3.00000000 [delete] v89090'93607431 uv93607431 ondisk = 0) v8 -- 0x55ffc6ee62c0 con 0
2020-04-22 10:43:57.925969 7ff8ae4fb700  1 -- 128.142.162.30:6845/2364636 <== osd.29 128.142.161.220:0/2219320 758587 ==== osd_ping(ping e89090 stamp 2020-04-22 10:43:57.924568) v4 ==== 2004+0+0 (893041318 0 0) 0x55fff42c4c00 con 0x55ffc8951800
2020-04-22 10:43:57.925986 7ff8ae4fb700  1 -- 128.142.162.30:6845/2364636 --> 128.142.161.220:0/2219320 -- osd_ping(ping_reply e89090 stamp 2020-04-22 10:43:57.924568) v4 -- 0x55ffb2669600 con 0
2020-04-22 10:43:57.926074 7ff8aecfc700  1 -- 128.142.162.30:6842/2364636 <== osd.29 128.142.161.220:0/2219320 758587 ==== osd_ping(ping e89090 stamp 2020-04-22 10:43:57.924568) v4 ==== 2004+0+0 (893041318 0 0) 0x55ffc129e000 con 0x55ffc167e000
2020-04-22 10:43:57.926100 7ff8aecfc700  1 -- 128.142.162.30:6842/2364636 --> 128.142.161.220:0/2219320 -- osd_ping(ping_reply e89090 stamp 2020-04-22 10:43:57.924568) v4 -- 0x55ffc02a4800 con 0
2020-04-22 10:43:57.939153 7ff893cf7700  1 -- 128.142.162.30:6839/2364636 --> 128.142.23.41:6813/3058059 -- replica_scrub(pg: 1.62b,from:0'0,to:0'0,epoch:89090/88802,start:1:d4730aa3:::300091928bb.00000000:0,end:1:d4730ac8:fsvolumens_303fadd2-188b-4d27-984b-cc91bdfbbb73::300027a81a8.00000000:0,chunky:1,deep:0,version:9,allow_preemption:1,priority=5) v9 -- 0x55ffe2d97600 con 0
2020-04-22 10:43:57.939183 7ff893cf7700  1 -- 128.142.162.30:6839/2364636 --> 128.142.23.53:6837/2376126 -- replica_scrub(pg: 1.62b,from:0'0,to:0'0,epoch:89090/88802,start:1:d4730aa3:::300091928bb.00000000:0,end:1:d4730ac8:fsvolumens_303fadd2-188b-4d27-984b-cc91bdfbbb73::300027a81a8.00000000:0,chunky:1,deep:0,version:9,allow_preemption:1,priority=5) v9 -- 0x55fff5c47b80 con 0
2020-04-22 10:43:57.939645 7ff8adcfa700  1 -- 128.142.162.30:6839/2364636 <== osd.225 128.142.23.41:6813/3058059 885050 ==== rep_scrubmap(1.62b e88802 from shard 225) v2 ==== 40+0+2463 (1919878307 0 1112605324) 0x55ffb137a000 con 0x55ffc516f800
2020-04-22 10:43:57.939750 7ff8aecfc700  1 -- 128.142.162.30:6839/2364636 <== osd.261 128.142.23.53:6837/2376126 885046 ==== rep_scrubmap(1.62b e88802 from shard 261) v2 ==== 40+0+2463 (1869850312 0 1112605324) 0x55ffdc053d40 con 0x55ffc512a000
2020-04-22 10:43:57.959999 7ff8adcfa700  1 -- 128.142.162.30:6845/2364636 <== osd.46 128.142.161.225:0/2706881 758709 ==== osd_ping(ping e89090 stamp 2020-04-22 10:43:57.958853) v4 ==== 2004+0+0 (1798454186 0 0) 0x55ffe44a3800 con 0x55ffcb354000
2020-04-22 10:43:57.960019 7ff8adcfa700  1 -- 128.142.162.30:6845/2364636 --> 128.142.161.225:0/2706881 -- osd_ping(ping_reply e89090 stamp 2020-04-22 10:43:57.958853) v4 -- 0x55ffdc8d2200 con 0
2020-04-22 10:43:57.960056 7ff8ae4fb700  1 -- 128.142.162.30:6842/2364636 <== osd.46 128.142.161.225:0/2706881 758709 ==== osd_ping(ping e89090 stamp 2020-04-22 10:43:57.958853) v4 ==== 2004+0+0 (1798454186 0 0) 0x55ffeda5c400 con 0x55ffc7e34000
2020-04-22 10:43:57.960075 7ff8ae4fb700  1 -- 128.142.162.30:6842/2364636 --> 128.142.161.225:0/2706881 -- osd_ping(ping_reply e89090 stamp 2020-04-22 10:43:57.958853) v4 -- 0x55ffbea41600 con 0
2020-04-22 10:43:58.040672 7ff893cf7700  1 -- 128.142.162.30:6839/2364636 --> 128.142.23.41:6813/3058059 -- replica_scrub(pg: 1.62b,from:0'0,to:0'0,epoch:89090/88802,start:1:d4730ac8:fsvolumens_303fadd2-188b-4d27-984b-cc91bdfbbb73::300027a81a8.00000000:0,end:1:d4730ada:fsvolumens_69d07521-b740-46d1-a545-7057160a8fb2::30064c3639f.00000000:0,chunky:1,deep:0,version:9,allow_preemption:1,priority=5) v9 -- 0x55ffd44f4dc0 con 0
2020-04-22 10:43:58.040704 7ff893cf7700  1 -- 128.142.162.30:6839/2364636 --> 128.142.23.53:6837/2376126 -- replica_scrub(pg: 1.62b,from:0'0,to:0'0,epoch:89090/88802,start:1:d4730ac8:fsvolumens_303fadd2-188b-4d27-984b-cc91bdfbbb73::300027a81a8.00000000:0,end:1:d4730ada:fsvolumens_69d07521-b740-46d1-a545-7057160a8fb2::30064c3639f.00000000:0,chunky:1,deep:0,version:9,allow_preemption:1,priority=5) v9 -- 0x55ffcbf1b600 con 0
2020-04-22 10:43:58.041577 7ff8adcfa700  1 -- 128.142.162.30:6839/2364636 <== osd.225 128.142.23.41:6813/3058059 885051 ==== rep_scrubmap(1.62b e88802 from shard 225) v2 ==== 40+0+2473 (1919878307 0 638909858) 0x55ffcffbe6c0 con 0x55ffc516f800
2020-04-22 10:43:58.041630 7ff8aecfc700  1 -- 128.142.162.30:6839/2364636 <== osd.261 128.142.23.53:6837/2376126 885047 ==== rep_scrubmap(1.62b e88802 from shard 261) v2 ==== 40+0+2473 (1869850312 0 638909858) 0x55ffbbf6a000 con 0x55ffc512a000
2020-04-22 10:43:58.052806 7ff8aecfc700  1 -- 128.142.162.30:6824/1364636 <== client.92171262 137.138.152.167:0/3525862917 1 ==== osd_op(client.92171262.0:3397240 1.43a 1.f5f4243a (undecoded) ondisk+write+known_if_redirected e89090) v8 ==== 276+0+416 (2414464836 0 268064887) 0x55ffcbf1b600 con 0x55ffbde0e000
2020-04-22 10:43:58.053020 7ff894cf9700  1 -- 128.142.162.30:6839/2364636 --> 128.142.23.48:6815/2918678 -- osd_repop(client.92171262.0:3397240 1.43a e89090/88802 1:5c242faf:fsvolumens_57cb3b2d-ea63-498e-ac38-4220e1705228::30067910769.00000000:head v 89090'93346118) v2 -- 0x55ffc7603200 con 0
2020-04-22 10:43:58.053070 7ff894cf9700  1 -- 128.142.162.30:6839/2364636 --> 128.142.23.41:6847/3058158 -- osd_repop(client.92171262.0:3397240 1.43a e89090/88802 1:5c242faf:fsvolumens_57cb3b2d-ea63-498e-ac38-4220e1705228::30067910769.00000000:head v 89090'93346118) v2 -- 0x55fff5239e00 con 0
2020-04-22 10:43:58.053939 7ff8adcfa700  1 -- 128.142.162.30:6839/2364636 <== osd.219 128.142.23.41:6847/3058158 1234476 ==== osd_repop_reply(client.92171262.0:3397240 1.43a e89090/88802) v2 ==== 111+0+0 (384527976 0 0) 0x55fffa8fc500 con 0x55fff5f3a800
2020-04-22 10:43:58.054002 7ff8ae4fb700  1 -- 128.142.162.30:6839/2364636 <== osd.214 128.142.23.48:6815/2918678 1234481 ==== osd_repop_reply(client.92171262.0:3397240 1.43a e89090/88802) v2 ==== 111+0+0 (198751461 0 0) 0x55ffc45b1680 con 0x55ffc0306800
2020-04-22 10:43:58.054029 7ff894cf9700  1 -- 128.142.162.30:6824/1364636 --> 137.138.152.167:0/3525862917 -- osd_op_reply(3397240 30067910769.00000000 [write 0~416] v89090'93346118 uv93346118 ondisk = 0) v8 -- 0x55ffc0e0d340 con 0
2020-04-22 10:43:58.056457 7ff8aecfc700  1 -- 128.142.162.30:6845/2364636 <== osd.230 128.142.23.50:0/1683798 759214 ==== osd_ping(ping e89090 stamp 2020-04-22 10:43:58.055191) v4 ==== 2004+0+0 (1342873228 0 0) 0x55ffcb001e00 con 0x55ffeb9c1800
2020-04-22 10:43:58.056473 7ff8aecfc700  1 -- 128.142.162.30:6845/2364636 --> 128.142.23.50:0/1683798 -- osd_ping(ping_reply e89090 stamp 2020-04-22 10:43:58.055191) v4 -- 0x55ffc0cf3400 con 0
2020-04-22 10:43:58.056617 7ff8ae4fb700  1 -- 128.142.162.30:6842/2364636 <== osd.230 128.142.23.50:0/1683798 759214 ==== osd_ping(ping e89090 stamp 2020-04-22 10:43:58.055191) v4 ==== 2004+0+0 (1342873228 0 0) 0x55fff42c4c00 con 0x55ffc10a6000
2020-04-22 10:43:58.056632 7ff8ae4fb700  1 -- 128.142.162.30:6842/2364636 --> 128.142.23.50:0/1683798 -- osd_ping(ping_reply e89090 stamp 2020-04-22 10:43:58.055191) v4 -- 0x55ffbea41600 con 0
2020-04-22 10:43:58.073252 7ff8adcfa700  1 -- 128.142.162.30:6842/2364636 <== osd.62 128.142.162.21:0/1647834 759719 ==== osd_ping(ping e89090 stamp 2020-04-22 10:43:58.072221) v4 ==== 2004+0+0 (1778033496 0 0) 0x55ffca006a00 con 0x55ffc7141000
2020-04-22 10:43:58.073272 7ff8adcfa700  1 -- 128.142.162.30:6842/2364636 --> 128.142.162.21:0/1647834 -- osd_ping(ping_reply e89090 stamp 2020-04-22 10:43:58.072221) v4 -- 0x55ffbad03200 con 0
2020-04-22 10:43:58.073322 7ff8adcfa700  1 -- 128.142.162.30:6845/2364636 <== osd.62 128.142.162.21:0/1647834 759719 ==== osd_ping(ping e89090 stamp 2020-04-22 10:43:58.072221) v4 ==== 2004+0+0 (1778033496 0 0) 0x55ffdc8d2200 con 0x55ffc00ab000
2020-04-22 10:43:58.073336 7ff8adcfa700  1 -- 128.142.162.30:6845/2364636 --> 128.142.162.21:0/1647834 -- osd_ping(ping_reply e89090 stamp 2020-04-22 10:43:58.072221) v4 -- 0x55ffbad03200 con 0
2020-04-22 10:43:58.142292 7ff893cf7700  1 -- 128.142.162.30:6839/2364636 --> 128.142.23.41:6813/3058059 -- replica_scrub(pg: 1.62b,from:0'0,to:0'0,epoch:89090/88802,start:1:d4730ada:fsvolumens_69d07521-b740-46d1-a545-7057160a8fb2::30064c3639f.00000000:0,end:1:d4730af7:::3005df0e929.00000000:0,chunky:1,deep:0,version:9,allow_preemption:1,priority=5) v9 -- 0x55ffcd9f38c0 con 0
2020-04-22 10:43:58.142324 7ff893cf7700  1 -- 128.142.162.30:6839/2364636 --> 128.142.23.53:6837/2376126 -- replica_scrub(pg: 1.62b,from:0'0,to:0'0,epoch:89090/88802,start:1:d4730ada:fsvolumens_69d07521-b740-46d1-a545-7057160a8fb2::30064c3639f.00000000:0,end:1:d4730af7:::3005df0e929.00000000:0,chunky:1,deep:0,version:9,allow_preemption:1,priority=5) v9 -- 0x55ffdee8e580 con 0
2020-04-22 10:43:58.142969 7ff8adcfa700  1 -- 128.142.162.30:6839/2364636 <== osd.225 128.142.23.41:6813/3058059 885052 ==== rep_scrubmap(1.62b e88802 from shard 225) v2 ==== 40+0+2272 (1919878307 0 2735713122) 0x55ffbd03a240 con 0x55ffc516f800
2020-04-22 10:43:58.143052 7ff8aecfc700  1 -- 128.142.162.30:6839/2364636 <== osd.261 128.142.23.53:6837/2376126 885048 ==== rep_scrubmap(1.62b e88802 from shard 261) v2 ==== 40+0+2272 (1869850312 0 2735713122) 0x55ffbf25b680 con 0x55ffc512a000
2020-04-22 10:43:58.199195 7ff8ae4fb700  1 -- 128.142.162.30:6845/2364636 <== osd.7 128.142.161.225:0/2706899 759331 ==== osd_ping(ping e89090 stamp 2020-04-22 10:43:58.198186) v4 ==== 2004+0+0 (3219946427 0 0) 0x55ffeda5c400 con 0x55ffe4139800
2020-04-22 10:43:58.199219 7ff8ae4fb700  1 -- 128.142.162.30:6845/2364636 --> 128.142.161.225:0/2706899 -- osd_ping(ping_reply e89090 stamp 2020-04-22 10:43:58.198186) v4 -- 0x55ffbea41600 con 0
2020-04-22 10:43:58.199290 7ff8aecfc700  1 -- 128.142.162.30:6842/2364636 <== osd.7 128.142.161.225:0/2706899 759331 ==== osd_ping(ping e89090 stamp 2020-04-22 10:43:58.198186) v4 ==== 2004+0+0 (3219946427 0 0) 0x55ffb52b8600 con 0x55fffdc56800
2020-04-22 10:43:58.199310 7ff8aecfc700  1 -- 128.142.162.30:6842/2364636 --> 128.142.161.225:0/2706899 -- osd_ping(ping_reply e89090 stamp 2020-04-22 10:43:58.198186) v4 -- 0x55ffc0cf3400 con 0
2020-04-22 10:43:58.242768 7ff8aecfc700  1 -- 128.142.162.30:6842/2364636 <== osd.207 128.142.23.53:0/1376031 759192 ==== osd_ping(ping e89090 stamp 2020-04-22 10:43:58.241874) v4 ==== 2004+0+0 (2063197910 0 0) 0x55ffcb001e00 con 0x55ffdf95c000
2020-04-22 10:43:58.242786 7ff8aecfc700  1 -- 128.142.162.30:6842/2364636 --> 128.142.23.53:0/1376031 -- osd_ping(ping_reply e89090 stamp 2020-04-22 10:43:58.241874) v4 -- 0x55ffc0cf3400 con 0
2020-04-22 10:43:58.242788 7ff8adcfa700  1 -- 128.142.162.30:6845/2364636 <== osd.207 128.142.23.53:0/1376031 759192 ==== osd_ping(ping e89090 stamp 2020-04-22 10:43:58.241874) v4 ==== 2004+0+0 (2063197910 0 0) 0x55ffca006a00 con 0x55ffcb8cd000
2020-04-22 10:43:58.242804 7ff8adcfa700  1 -- 128.142.162.30:6845/2364636 --> 128.142.23.53:0/1376031 -- osd_ping(ping_reply e89090 stamp 2020-04-22 10:43:58.241874) v4 -- 0x55ffbad03200 con 0
2020-04-22 10:43:58.243957 7ff893cf7700  1 -- 128.142.162.30:6839/2364636 --> 128.142.23.41:6813/3058059 -- replica_scrub(pg: 1.62b,from:0'0,to:0'0,epoch:89090/88802,start:1:d4730af7:::3005df0e929.00000000:0,end:1:d4730b25:::10000c2c515.00000001:0,chunky:1,deep:0,version:9,allow_preemption:1,priority=5) v9 -- 0x5600114738c0 con 0
2020-04-22 10:43:58.243989 7ff893cf7700  1 -- 128.142.162.30:6839/2364636 --> 128.142.23.53:6837/2376126 -- replica_scrub(pg: 1.62b,from:0'0,to:0'0,epoch:89090/88802,start:1:d4730af7:::3005df0e929.00000000:0,end:1:d4730b25:::10000c2c515.00000001:0,chunky:1,deep:0,version:9,allow_preemption:1,priority=5) v9 -- 0x55ffb4095600 con 0
2020-04-22 10:43:58.244851 7ff8aecfc700  1 -- 128.142.162.30:6839/2364636 <== osd.261 128.142.23.53:6837/2376126 885049 ==== rep_scrubmap(1.62b e88802 from shard 261) v2 ==== 40+0+2847 (1869850312 0 3501991518) 0x55ffce7e78c0 con 0x55ffc512a000
2020-04-22 10:43:58.244844 7ff8adcfa700  1 -- 128.142.162.30:6839/2364636 <== osd.225 128.142.23.41:6813/3058059 885053 ==== rep_scrubmap(1.62b e88802 from shard 225) v2 ==== 40+0+2847 (1919878307 0 3501991518) 0x55ffcaf3d200 con 0x55ffc516f800
2020-04-22 10:43:58.286826 7ff8aecfc700  1 -- 128.142.162.30:6845/2364636 <== osd.44 128.142.161.220:0/2219306 759508 ==== osd_ping(ping e89090 stamp 2020-04-22 10:43:58.285629) v4 ==== 2004+0+0 (1904743139 0 0) 0x55ffb52b8600 con 0x55ffb6a12000
2020-04-22 10:43:58.286846 7ff8aecfc700  1 -- 128.142.162.30:6845/2364636 --> 128.142.161.220:0/2219306 -- osd_ping(ping_reply e89090 stamp 2020-04-22 10:43:58.285629) v4 -- 0x55ffc0cf3400 con 0
2020-04-22 10:43:58.286920 7ff8adcfa700  1 -- 128.142.162.30:6842/2364636 <== osd.44 128.142.161.220:0/2219306 759508 ==== osd_ping(ping e89090 stamp 2020-04-22 10:43:58.285629) v4 ==== 2004+0+0 (1904743139 0 0) 0x55ffdc8d2200 con 0x55ffe50f4800
2020-04-22 10:43:58.286936 7ff8adcfa700  1 -- 128.142.162.30:6842/2364636 --> 128.142.161.220:0/2219306 -- osd_ping(ping_reply e89090 stamp 2020-04-22 10:43:58.285629) v4 -- 0x55ffbad03200 con 0
2020-04-22 10:43:58.345969 7ff893cf7700  1 -- 128.142.162.30:6839/2364636 --> 128.142.23.41:6813/3058059 -- replica_scrub(pg: 1.62b,from:0'0,to:0'0,epoch:89090/88802,start:1:d4730b25:::10000c2c515.00000001:0,end:1:d4730b57:::4000ed9a0ac.0000001b:0,chunky:1,deep:0,version:9,allow_preemption:1,priority=5) v9 -- 0x55ffe08c82c0 con 0
2020-04-22 10:43:58.346002 7ff893cf7700  1 -- 128.142.162.30:6839/2364636 --> 128.142.23.53:6837/2376126 -- replica_scrub(pg: 1.62b,from:0'0,to:0'0,epoch:89090/88802,start:1:d4730b25:::10000c2c515.00000001:0,end:1:d4730b57:::4000ed9a0ac.0000001b:0,chunky:1,deep:0,version:9,allow_preemption:1,priority=5) v9 -- 0x55ffb86b6580 con 0
2020-04-22 10:43:58.346829 7ff8adcfa700  1 -- 128.142.162.30:6839/2364636 <== osd.225 128.142.23.41:6813/3058059 885054 ==== rep_scrubmap(1.62b e88802 from shard 225) v2 ==== 40+0+1656 (1919878307 0 275854550) 0x55ffb7e2d440 con 0x55ffc516f800
2020-04-22 10:43:58.347063 7ff8aecfc700  1 -- 128.142.162.30:6839/2364636 <== osd.261 128.142.23.53:6837/2376126 885050 ==== rep_scrubmap(1.62b e88802 from shard 261) v2 ==== 40+0+1656 (1869850312 0 275854550) 0x55ffd399ad80 con 0x55ffc512a000
2020-04-22 10:43:58.397141 7ff8ae4fb700  1 -- 128.142.162.30:6839/2364636 <== osd.29 128.142.161.220:6874/3219320 969222 ==== osd_repop(client.103300012.0:46528951 1.81 e89090/88802) v2 ==== 1104+0+4195160 (3460305162 0 968450569) 0x55ffc7603200 con 0x55ffe45a8800
2020-04-22 10:43:58.407215 7ff8aecfc700  1 -- 128.142.162.30:6839/2364636 <== osd.174 128.142.23.41:6873/3058146 1177029 ==== osd_repop(client.103300012.0:46528954 1.5eb e89090/89023) v2 ==== 1104+0+4195160 (2511577358 0 1437456120) 0x55ffdc153000 con 0x55ffe320f000
2020-04-22 10:43:58.417047 7ff8aecfc700  1 -- 128.142.162.30:6839/2364636 <== osd.155 128.142.23.55:6810/2802074 1108889 ==== osd_repop(client.103300012.0:46528939 1.4ef e89090/88802) v2 ==== 1104+0+4195160 (2333277292 0 1806619887) 0x55ffdc152400 con 0x55ffc059e000
2020-04-22 10:43:58.438890 7ff8aecfc700  1 -- 128.142.162.30:6845/2364636 <== osd.120 128.142.161.222:0/4105792 759066 ==== osd_ping(ping e89090 stamp 2020-04-22 10:43:58.437341) v4 ==== 2004+0+0 (280140302 0 0) 0x55ffbf6f0800 con 0x55ffc11a5000
2020-04-22 10:43:58.438889 7ff8ae4fb700  1 -- 128.142.162.30:6842/2364636 <== osd.120 128.142.161.222:0/4105792 759066 ==== osd_ping(ping e89090 stamp 2020-04-22 10:43:58.437341) v4 ==== 2004+0+0 (280140302 0 0) 0x55ffeda5c400 con 0x55ffc6ecf800
2020-04-22 10:43:58.438920 7ff8aecfc700  1 -- 128.142.162.30:6845/2364636 --> 128.142.161.222:0/4105792 -- osd_ping(ping_reply e89090 stamp 2020-04-22 10:43:58.437341) v4 -- 0x55ffbaa3e200 con 0
2020-04-22 10:43:58.438942 7ff8ae4fb700  1 -- 128.142.162.30:6842/2364636 --> 128.142.161.222:0/4105792 -- osd_ping(ping_reply e89090 stamp 2020-04-22 10:43:58.437341) v4 -- 0x55ffc6c50000 con 0
2020-04-22 10:43:58.448021 7ff893cf7700  1 -- 128.142.162.30:6839/2364636 --> 128.142.23.41:6813/3058059 -- replica_scrub(pg: 1.62b,from:0'0,to:0'0,epoch:89090/88802,start:1:d4730b57:::4000ed9a0ac.0000001b:0,end:1:d4730b8b:::30000700ae9.00000000:0,chunky:1,deep:0,version:9,allow_preemption:1,priority=5) v9 -- 0x55ffc8eb18c0 con 0
2020-04-22 10:43:58.448063 7ff893cf7700  1 -- 128.142.162.30:6839/2364636 --> 128.142.23.53:6837/2376126 -- replica_scrub(pg: 1.62b,from:0'0,to:0'0,epoch:89090/88802,start:1:d4730b57:::4000ed9a0ac.0000001b:0,end:1:d4730b8b:::30000700ae9.00000000:0,chunky:1,deep:0,version:9,allow_preemption:1,priority=5) v9 -- 0x55ffb440b600 con 0
2020-04-22 10:43:58.448956 7ff8aecfc700  1 -- 128.142.162.30:6839/2364636 <== osd.261 128.142.23.53:6837/2376126 885051 ==== rep_scrubmap(1.62b e88802 from shard 261) v2 ==== 40+0+2002 (1869850312 0 2101166658) 0x55ffc54cdb00 con 0x55ffc512a000
2020-04-22 10:43:58.448959 7ff8adcfa700  1 -- 128.142.162.30:6839/2364636 <== osd.225 128.142.23.41:6813/3058059 885055 ==== rep_scrubmap(1.62b e88802 from shard 225) v2 ==== 40+0+2002 (1919878307 0 2101166658) 0x55ffdfdd7d40 con 0x55ffc516f800
2020-04-22 10:43:58.464634 7ff8aecfc700  1 -- 128.142.162.30:6842/2364636 <== osd.102 128.142.161.222:0/4105821 758571 ==== osd_ping(ping e89090 stamp 2020-04-22 10:43:58.463608) v4 ==== 2004+0+0 (1446335223 0 0) 0x55ffb52b8600 con 0x55ffe45a7000
2020-04-22 10:43:58.464654 7ff8aecfc700  1 -- 128.142.162.30:6842/2364636 --> 128.142.161.222:0/4105821 -- osd_ping(ping_reply e89090 stamp 2020-04-22 10:43:58.463608) v4 -- 0x55ffbaa3e200 con 0
2020-04-22 10:43:58.464661 7ff8adcfa700  1 -- 128.142.162.30:6845/2364636 <== osd.102 128.142.161.222:0/4105821 758571 ==== osd_ping(ping e89090 stamp 2020-04-22 10:43:58.463608) v4 ==== 2004+0+0 (1446335223 0 0) 0x55ffca006a00 con 0x55ffdf96a800
2020-04-22 10:43:58.464677 7ff8adcfa700  1 -- 128.142.162.30:6845/2364636 --> 128.142.161.222:0/4105821 -- osd_ping(ping_reply e89090 stamp 2020-04-22 10:43:58.463608) v4 -- 0x55ffbad03200 con 0
2020-04-22 10:43:58.483062 7ff8aecfc700  1 -- 128.142.162.30:6845/2364636 <== osd.33 128.142.162.21:0/1675202 758424 ==== osd_ping(ping e89090 stamp 2020-04-22 10:43:58.482031) v4 ==== 2004+0+0 (1204864435 0 0) 0x55ffbf6f0800 con 0x55ffb238b800
2020-04-22 10:43:58.483074 7ff8adcfa700  1 -- 128.142.162.30:6842/2364636 <== osd.33 128.142.162.21:0/1675202 758424 ==== osd_ping(ping e89090 stamp 2020-04-22 10:43:58.482031) v4 ==== 2004+0+0 (1204864435 0 0) 0x55ffdc8d2200 con 0x55ffe164e000
2020-04-22 10:43:58.483080 7ff8aecfc700  1 -- 128.142.162.30:6845/2364636 --> 128.142.162.21:0/1675202 -- osd_ping(ping_reply e89090 stamp 2020-04-22 10:43:58.482031) v4 -- 0x55ffbaa3e200 con 0
2020-04-22 10:43:58.483098 7ff8adcfa700  1 -- 128.142.162.30:6842/2364636 --> 128.142.162.21:0/1675202 -- osd_ping(ping_reply e89090 stamp 2020-04-22 10:43:58.482031) v4 -- 0x55ffbad03200 con 0
2020-04-22 10:43:58.493390 7ff8a0510700  1 -- 128.142.162.30:6839/2364636 --> 128.142.161.220:6874/3219320 -- osd_repop_reply(client.103300012.0:46528951 1.81 e89090/88802 ondisk, result = 0) v2 -- 0x55ffb7b5d180 con 0
2020-04-22 10:43:58.513003 7ff8adcfa700  1 -- 128.142.162.30:6845/2364636 <== osd.202 128.142.23.48:0/1918770 759493 ==== osd_ping(ping e89090 stamp 2020-04-22 10:43:58.511799) v4 ==== 2004+0+0 (713743235 0 0) 0x55ffca006a00 con 0x55ffd6704000
2020-04-22 10:43:58.513019 7ff8adcfa700  1 -- 128.142.162.30:6845/2364636 --> 128.142.23.48:0/1918770 -- osd_ping(ping_reply e89090 stamp 2020-04-22 10:43:58.511799) v4 -- 0x55ffbad03200 con 0
2020-04-22 10:43:58.513090 7ff8ae4fb700  1 -- 128.142.162.30:6842/2364636 <== osd.202 128.142.23.48:0/1918770 759493 ==== osd_ping(ping e89090 stamp 2020-04-22 10:43:58.511799) v4 ==== 2004+0+0 (713743235 0 0) 0x55ffeda5c400 con 0x55ffd1ead800
2020-04-22 10:43:58.513106 7ff8ae4fb700  1 -- 128.142.162.30:6842/2364636 --> 128.142.23.48:0/1918770 -- osd_ping(ping_reply e89090 stamp 2020-04-22 10:43:58.511799) v4 -- 0x55ffc6c50000 con 0
2020-04-22 10:43:58.544520 7ff8a0510700  1 -- 128.142.162.30:6839/2364636 --> 128.142.23.41:6873/3058146 -- osd_repop_reply(client.103300012.0:46528954 1.5eb e89090/89023 ondisk, result = 0) v2 -- 0x55ffbd24f180 con 0
2020-04-22 10:43:58.544776 7ff8a0510700  1 -- 128.142.162.30:6839/2364636 --> 128.142.23.55:6810/2802074 -- osd_repop_reply(client.103300012.0:46528939 1.4ef e89090/88802 ondisk, result = 0) v2 -- 0x55ffef4c5400 con 0
2020-04-22 10:43:58.549885 7ff893cf7700  1 -- 128.142.162.30:6839/2364636 --> 128.142.23.41:6813/3058059 -- replica_scrub(pg: 1.62b,from:0'0,to:0'0,epoch:89090/88802,start:1:d4730b8b:::30000700ae9.00000000:0,end:1:d4730bfc:::3006563396e.00000000:0,chunky:1,deep:0,version:9,allow_preemption:1,priority=5) v9 -- 0x55ffd16dd080 con 0
2020-04-22 10:43:58.549914 7ff893cf7700  1 -- 128.142.162.30:6839/2364636 --> 128.142.23.53:6837/2376126 -- replica_scrub(pg: 1.62b,from:0'0,to:0'0,epoch:89090/88802,start:1:d4730b8b:::30000700ae9.00000000:0,end:1:d4730bfc:::3006563396e.00000000:0,chunky:1,deep:0,version:9,allow_preemption:1,priority=5) v9 -- 0x55ffd2cab600 con 0
2020-04-22 10:43:58.550646 7ff8aecfc700  1 -- 128.142.162.30:6839/2364636 <== osd.261 128.142.23.53:6837/2376126 885052 ==== rep_scrubmap(1.62b e88802 from shard 261) v2 ==== 40+0+2240 (1869850312 0 69116657) 0x55ffbbcc8b40 con 0x55ffc512a000
2020-04-22 10:43:58.550747 7ff8adcfa700  1 -- 128.142.162.30:6839/2364636 <== osd.225 128.142.23.41:6813/3058059 885056 ==== rep_scrubmap(1.62b e88802 from shard 225) v2 ==== 40+0+2240 (1919878307 0 69116657) 0x55ffdababd40 con 0x55ffc516f800
2020-04-22 10:43:58.561044 7ff8ae4fb700  1 -- 128.142.162.30:6824/1364636 >> 137.138.149.41:0/2796022655 conn(0x55ffe8b13800 :6824 s=STATE_OPEN pgs=4868183 cs=1 l=1).tick idle(60000724) more than 60000000 us, mark self fault.
2020-04-22 10:43:58.561056 7ff8ae4fb700  1 -- 128.142.162.30:6824/1364636 >> 137.138.149.41:0/2796022655 conn(0x55ffe8b13800 :6824 s=STATE_OPEN pgs=4868183 cs=1 l=1).fault on lossy channel, failing
2020-04-22 10:43:58.562243 7ff8ae4fb700  1 -- 128.142.162.30:6824/1364636 >> - conn(0x55ffcb60c800 :6824 s=STATE_ACCEPTING pgs=0 cs=0 l=0)._process_connection sd=72 -
2020-04-22 10:43:58.601077 7ff8ae4fb700  1 -- 128.142.162.30:6845/2364636 <== osd.135 128.142.161.229:0/2411837 759452 ==== osd_ping(ping e89090 stamp 2020-04-22 10:43:58.599472) v4 ==== 2004+0+0 (140849797 0 0) 0x55ffce809000 con 0x55ffc1545800
2020-04-22 10:43:58.601094 7ff8ae4fb700  1 -- 128.142.162.30:6845/2364636 --> 128.142.161.229:0/2411837 -- osd_ping(ping_reply e89090 stamp 2020-04-22 10:43:58.599472) v4 -- 0x55ffc6c50000 con 0
2020-04-22 10:43:58.601195 7ff8adcfa700  1 -- 128.142.162.30:6842/2364636 <== osd.135 128.142.161.229:0/2411837 759452 ==== osd_ping(ping e89090 stamp 2020-04-22 10:43:58.599472) v4 ==== 2004+0+0 (140849797 0 0) 0x55ffdc8d2200 con 0x55ffc1654000
2020-04-22 10:43:58.601214 7ff8adcfa700  1 -- 128.142.162.30:6842/2364636 --> 128.142.161.229:0/2411837 -- osd_ping(ping_reply e89090 stamp 2020-04-22 10:43:58.599472) v4 -- 0x55ffbad03200 con 0
2020-04-22 10:43:58.651360 7ff893cf7700  1 -- 128.142.162.30:6839/2364636 --> 128.142.23.41:6813/3058059 -- replica_scrub(pg: 1.62b,from:0'0,to:0'0,epoch:89090/88802,start:1:d4730bfc:::3006563396e.00000000:0,end:1:d4730c5b:::3001a8d8f22.00000000:0,chunky:1,deep:0,version:9,allow_preemption:1,priority=5) v9 -- 0x55ffd2354000 con 0
2020-04-22 10:43:58.651394 7ff893cf7700  1 -- 128.142.162.30:6839/2364636 --> 128.142.23.53:6837/2376126 -- replica_scrub(pg: 1.62b,from:0'0,to:0'0,epoch:89090/88802,start:1:d4730bfc:::3006563396e.00000000:0,end:1:d4730c5b:::3001a8d8f22.00000000:0,chunky:1,deep:0,version:9,allow_preemption:1,priority=5) v9 -- 0x55ffbf8d1340 con 0
2020-04-22 10:43:58.652063 7ff8adcfa700  1 -- 128.142.162.30:6839/2364636 <== osd.225 128.142.23.41:6813/3058059 885057 ==== rep_scrubmap(1.62b e88802 from shard 225) v2 ==== 40+0+2773 (1919878307 0 251704399) 0x55ffddee9200 con 0x55ffc516f800
2020-04-22 10:43:58.652076 7ff8aecfc700  1 -- 128.142.162.30:6839/2364636 <== osd.261 128.142.23.53:6837/2376126 885053 ==== rep_scrubmap(1.62b e88802 from shard 261) v2 ==== 40+0+2773 (1869850312 0 251704399) 0x55ffecf41440 con 0x55ffc512a000
2020-04-22 10:43:58.715810 7ff8ae4fb700  1 -- 128.142.162.30:6842/2364636 <== osd.50 128.142.161.225:0/2706870 759557 ==== osd_ping(ping e89090 stamp 2020-04-22 10:43:58.714822) v4 ==== 2004+0+0 (2394032121 0 0) 0x55ffeda5c400 con 0x55ffdc4da800
2020-04-22 10:43:58.715832 7ff8ae4fb700  1 -- 128.142.162.30:6842/2364636 --> 128.142.161.225:0/2706870 -- osd_ping(ping_reply e89090 stamp 2020-04-22 10:43:58.714822) v4 -- 0x55ffc6c50000 con 0
2020-04-22 10:43:58.715871 7ff8adcfa700  1 -- 128.142.162.30:6845/2364636 <== osd.50 128.142.161.225:0/2706870 759557 ==== osd_ping(ping e89090 stamp 2020-04-22 10:43:58.714822) v4 ==== 2004+0+0 (2394032121 0 0) 0x55ffca006a00 con 0x55ffe2d90000
2020-04-22 10:43:58.715892 7ff8adcfa700  1 -- 128.142.162.30:6845/2364636 --> 128.142.161.225:0/2706870 -- osd_ping(ping_reply e89090 stamp 2020-04-22 10:43:58.714822) v4 -- 0x55ffbad03200 con 0
2020-04-22 10:43:58.738374 7ff8adcfa700  1 -- 128.142.162.30:6842/2364636 <== osd.131 128.142.161.229:0/2411878 759186 ==== osd_ping(ping e89090 stamp 2020-04-22 10:43:58.737297) v4 ==== 2004+0+0 (2666087840 0 0) 0x55ffdc8d2200 con 0x55ffc0bb0800
