2020-04-22 10:43:58.738395 7ff8adcfa700  1 -- 128.142.162.30:6842/2364636 --> 128.142.161.229:0/2411878 -- osd_ping(ping_reply e89090 stamp 2020-04-22 10:43:58.737297) v4 -- 0x55ffbad03200 con 0
2020-04-22 10:43:58.738469 7ff8adcfa700  1 -- 128.142.162.30:6845/2364636 <== osd.131 128.142.161.229:0/2411878 759186 ==== osd_ping(ping e89090 stamp 2020-04-22 10:43:58.737297) v4 ==== 2004+0+0 (2666087840 0 0) 0x55ffca006a00 con 0x55ffc458c000
2020-04-22 10:43:58.738487 7ff8adcfa700  1 -- 128.142.162.30:6845/2364636 --> 128.142.161.229:0/2411878 -- osd_ping(ping_reply e89090 stamp 2020-04-22 10:43:58.737297) v4 -- 0x55ffbad03200 con 0
2020-04-22 10:43:58.743651 7ff8adcfa700  1 -- 128.142.162.30:6845/2364636 <== osd.207 128.142.23.53:0/1376031 759193 ==== osd_ping(ping e89090 stamp 2020-04-22 10:43:58.742736) v4 ==== 2004+0+0 (3670188372 0 0) 0x55ffdc8d2200 con 0x55ffcb8cd000
2020-04-22 10:43:58.743671 7ff8aecfc700  1 -- 128.142.162.30:6842/2364636 <== osd.207 128.142.23.53:0/1376031 759193 ==== osd_ping(ping e89090 stamp 2020-04-22 10:43:58.742736) v4 ==== 2004+0+0 (3670188372 0 0) 0x55ffb52b8600 con 0x55ffdf95c000
2020-04-22 10:43:58.743677 7ff8adcfa700  1 -- 128.142.162.30:6845/2364636 --> 128.142.23.53:0/1376031 -- osd_ping(ping_reply e89090 stamp 2020-04-22 10:43:58.742736) v4 -- 0x55ffbad03200 con 0
2020-04-22 10:43:58.743695 7ff8aecfc700  1 -- 128.142.162.30:6842/2364636 --> 128.142.23.53:0/1376031 -- osd_ping(ping_reply e89090 stamp 2020-04-22 10:43:58.742736) v4 -- 0x55ffbaa3e200 con 0
2020-04-22 10:43:58.752860 7ff893cf7700  1 -- 128.142.162.30:6839/2364636 --> 128.142.23.41:6813/3058059 -- replica_scrub(pg: 1.62b,from:0'0,to:0'0,epoch:89090/88802,start:1:d4730c5b:::3001a8d8f22.00000000:0,end:1:d4730c87:::40007a3012e.000020a2:0,chunky:1,deep:0,version:9,allow_preemption:1,priority=5) v9 -- 0x55ffb39d6580 con 0
2020-04-22 10:43:58.752891 7ff893cf7700  1 -- 128.142.162.30:6839/2364636 --> 128.142.23.53:6837/2376126 -- replica_scrub(pg: 1.62b,from:0'0,to:0'0,epoch:89090/88802,start:1:d4730c5b:::3001a8d8f22.00000000:0,end:1:d4730c87:::40007a3012e.000020a2:0,chunky:1,deep:0,version:9,allow_preemption:1,priority=5) v9 -- 0x55ffbed0e2c0 con 0
2020-04-22 10:43:58.753532 7ff8adcfa700  1 -- 128.142.162.30:6839/2364636 <== osd.225 128.142.23.41:6813/3058059 885058 ==== rep_scrubmap(1.62b e88802 from shard 225) v2 ==== 40+0+2496 (1919878307 0 1272564861) 0x55ffba7d4fc0 con 0x55ffc516f800
2020-04-22 10:43:58.753594 7ff8aecfc700  1 -- 128.142.162.30:6839/2364636 <== osd.261 128.142.23.53:6837/2376126 885054 ==== rep_scrubmap(1.62b e88802 from shard 261) v2 ==== 40+0+2496 (1869850312 0 1272564861) 0x55ffce7e7b00 con 0x55ffc512a000
2020-04-22 10:43:58.787719 7ff8aecfc700  1 -- 128.142.162.30:6845/2364636 <== osd.44 128.142.161.220:0/2219306 759509 ==== osd_ping(ping e89090 stamp 2020-04-22 10:43:58.786641) v4 ==== 2004+0+0 (3347094568 0 0) 0x55ffbf6f0800 con 0x55ffb6a12000
2020-04-22 10:43:58.787739 7ff8aecfc700  1 -- 128.142.162.30:6845/2364636 --> 128.142.161.220:0/2219306 -- osd_ping(ping_reply e89090 stamp 2020-04-22 10:43:58.786641) v4 -- 0x55ffbaa3e200 con 0
2020-04-22 10:43:58.787852 7ff8adcfa700  1 -- 128.142.162.30:6842/2364636 <== osd.44 128.142.161.220:0/2219306 759509 ==== osd_ping(ping e89090 stamp 2020-04-22 10:43:58.786641) v4 ==== 2004+0+0 (3347094568 0 0) 0x55ffca006a00 con 0x55ffe50f4800
2020-04-22 10:43:58.787869 7ff8adcfa700  1 -- 128.142.162.30:6842/2364636 --> 128.142.161.220:0/2219306 -- osd_ping(ping_reply e89090 stamp 2020-04-22 10:43:58.786641) v4 -- 0x55ffbad03200 con 0
2020-04-22 10:43:58.792002 7ff8adcfa700  1 -- 128.142.162.30:6845/2364636 <== osd.172 128.142.23.42:0/3266088 759047 ==== osd_ping(ping e89090 stamp 2020-04-22 10:43:58.790898) v4 ==== 2004+0+0 (2772850526 0 0) 0x55ffdc8d2200 con 0x55fff5f39000
2020-04-22 10:43:58.792025 7ff8adcfa700  1 -- 128.142.162.30:6845/2364636 --> 128.142.23.42:0/3266088 -- osd_ping(ping_reply e89090 stamp 2020-04-22 10:43:58.790898) v4 -- 0x55ffbad03200 con 0
2020-04-22 10:43:58.792033 7ff8aecfc700  1 -- 128.142.162.30:6842/2364636 <== osd.172 128.142.23.42:0/3266088 759047 ==== osd_ping(ping e89090 stamp 2020-04-22 10:43:58.790898) v4 ==== 2004+0+0 (2772850526 0 0) 0x55ffb52b8600 con 0x55ffe39d9000
2020-04-22 10:43:58.792054 7ff8aecfc700  1 -- 128.142.162.30:6842/2364636 --> 128.142.23.42:0/3266088 -- osd_ping(ping_reply e89090 stamp 2020-04-22 10:43:58.790898) v4 -- 0x55ffbaa3e200 con 0
2020-04-22 10:43:58.817046 7ff8ae4fb700  1 -- 128.142.162.30:6824/1364636 >> 188.184.117.30:0/280510427 conn(0x55ffc9738800 :6824 s=STATE_OPEN pgs=5998156 cs=1 l=1).tick idle(60000724) more than 60000000 us, mark self fault.
2020-04-22 10:43:58.817058 7ff8ae4fb700  1 -- 128.142.162.30:6824/1364636 >> 188.184.117.30:0/280510427 conn(0x55ffc9738800 :6824 s=STATE_OPEN pgs=5998156 cs=1 l=1).fault on lossy channel, failing
2020-04-22 10:43:58.818147 7ff8ae4fb700  1 -- 128.142.162.30:6824/1364636 >> - conn(0x55ffd2274000 :6824 s=STATE_ACCEPTING pgs=0 cs=0 l=0)._process_connection sd=349 -
2020-04-22 10:43:58.845248 7ff8ae4fb700  1 -- 128.142.162.30:6824/1364636 <== client.106076317 188.184.84.80:0/3194684915 2 ==== osd_op(client.106076317.0:3826247 1.7ee 1.1cbc8fee (undecoded) ondisk+read+known_if_redirected e89090) v8 ==== 276+0+0 (1883516187 0 0) 0x55ffc6ee62c0 con 0x55ffe3eae000
2020-04-22 10:43:58.854483 7ff893cf7700  1 -- 128.142.162.30:6839/2364636 --> 128.142.23.41:6813/3058059 -- replica_scrub(pg: 1.62b,from:0'0,to:0'0,epoch:89090/88802,start:1:d4730c87:::40007a3012e.000020a2:0,end:1:d4730cb9:::30014f015bd.00000000:0,chunky:1,deep:0,version:9,allow_preemption:1,priority=5) v9 -- 0x55ffe09f0840 con 0
2020-04-22 10:43:58.854512 7ff893cf7700  1 -- 128.142.162.30:6839/2364636 --> 128.142.23.53:6837/2376126 -- replica_scrub(pg: 1.62b,from:0'0,to:0'0,epoch:89090/88802,start:1:d4730c87:::40007a3012e.000020a2:0,end:1:d4730cb9:::30014f015bd.00000000:0,chunky:1,deep:0,version:9,allow_preemption:1,priority=5) v9 -- 0x55ffcbf1b8c0 con 0
2020-04-22 10:43:58.855350 7ff8adcfa700  1 -- 128.142.162.30:6839/2364636 <== osd.225 128.142.23.41:6813/3058059 885059 ==== rep_scrubmap(1.62b e88802 from shard 225) v2 ==== 40+0+2667 (1919878307 0 959971898) 0x55fffb566240 con 0x55ffc516f800
2020-04-22 10:43:58.855392 7ff8aecfc700  1 -- 128.142.162.30:6839/2364636 <== osd.261 128.142.23.53:6837/2376126 885055 ==== rep_scrubmap(1.62b e88802 from shard 261) v2 ==== 40+0+2667 (1869850312 0 959971898) 0x55ffb7e2c000 con 0x55ffc512a000
2020-04-22 10:43:58.863405 7ff895cfb700  1 -- 128.142.162.30:6824/1364636 --> 188.184.84.80:0/3194684915 -- osd_op_reply(3826247 700134ec25f.00000000 [read 0~1851] v0'0 uv93607394 ondisk = 0) v8 -- 0x55ffd44f42c0 con 0
2020-04-22 10:43:58.865156 7ff8adcfa700  1 -- 128.142.162.30:6845/2364636 <== osd.238 128.142.23.50:0/1683881 758699 ==== osd_ping(ping e89090 stamp 2020-04-22 10:43:58.863889) v4 ==== 2004+0+0 (3535986527 0 0) 0x55ffca006a00 con 0x55ffc7e37000
2020-04-22 10:43:58.865172 7ff8adcfa700  1 -- 128.142.162.30:6845/2364636 --> 128.142.23.50:0/1683881 -- osd_ping(ping_reply e89090 stamp 2020-04-22 10:43:58.863889) v4 -- 0x55ffbad03200 con 0
2020-04-22 10:43:58.865257 7ff8aecfc700  1 -- 128.142.162.30:6842/2364636 <== osd.238 128.142.23.50:0/1683881 758699 ==== osd_ping(ping e89090 stamp 2020-04-22 10:43:58.863889) v4 ==== 2004+0+0 (3535986527 0 0) 0x55ffbf6f0800 con 0x55ffc8a4c000
2020-04-22 10:43:58.865276 7ff8aecfc700  1 -- 128.142.162.30:6842/2364636 --> 128.142.23.50:0/1683881 -- osd_ping(ping_reply e89090 stamp 2020-04-22 10:43:58.863889) v4 -- 0x55ffbaa3e200 con 0
2020-04-22 10:43:58.899144 7ff8adcfa700  1 -- 128.142.162.30:6824/1364636 <== mds.6 137.138.159.168:6800/1504920787 45216 ==== osd_op(mds.6.230348:452341669 2.138 2.e5e0a138 (undecoded) ondisk+read+known_if_redirected+full_force e89090) v8 ==== 305+0+22 (1891583256 0 337253869) 0x55ffe09f0840 con 0x55ffc0518800
2020-04-22 10:43:58.899641 7ff894cf9700  1 -- 128.142.162.30:6824/1364636 --> 137.138.159.168:6800/1504920787 -- osd_op_reply(452341669 7001337cd89.00000000 [omap-get-header,omap-get-vals,getxattr parent (398)] v0'0 uv33745769 ondisk = 0) v8 -- 0x55ffb418cb00 con 0
2020-04-22 10:43:58.956314 7ff893cf7700  1 -- 128.142.162.30:6839/2364636 --> 128.142.23.41:6813/3058059 -- replica_scrub(pg: 1.62b,from:0'0,to:0'0,epoch:89090/88802,start:1:d4730cb9:::30014f015bd.00000000:0,end:1:d4730ccd:::7001336d558.00000000:0,chunky:1,deep:0,version:9,allow_preemption:1,priority=5) v9 -- 0x55ffdc9362c0 con 0
2020-04-22 10:43:58.956345 7ff893cf7700  1 -- 128.142.162.30:6839/2364636 --> 128.142.23.53:6837/2376126 -- replica_scrub(pg: 1.62b,from:0'0,to:0'0,epoch:89090/88802,start:1:d4730cb9:::30014f015bd.00000000:0,end:1:d4730ccd:::7001336d558.00000000:0,chunky:1,deep:0,version:9,allow_preemption:1,priority=5) v9 -- 0x55ffbd780840 con 0
2020-04-22 10:43:58.957005 7ff8adcfa700  1 -- 128.142.162.30:6839/2364636 <== osd.225 128.142.23.41:6813/3058059 885060 ==== rep_scrubmap(1.62b e88802 from shard 225) v2 ==== 40+0+2635 (1919878307 0 4122086321) 0x55ffb7bbd440 con 0x55ffc516f800
2020-04-22 10:43:58.957203 7ff8aecfc700  1 -- 128.142.162.30:6839/2364636 <== osd.261 128.142.23.53:6837/2376126 885056 ==== rep_scrubmap(1.62b e88802 from shard 261) v2 ==== 40+0+2635 (1869850312 0 4122086321) 0x55ffb87fab40 con 0x55ffc512a000
2020-04-22 10:43:59.024414 7ff8aecfc700  1 -- 128.142.162.30:6842/2364636 <== osd.176 128.142.23.50:0/1683766 759226 ==== osd_ping(ping e89090 stamp 2020-04-22 10:43:59.022874) v4 ==== 2004+0+0 (3187688481 0 0) 0x55ffb52b8600 con 0x55ffc0520000
2020-04-22 10:43:59.024435 7ff8aecfc700  1 -- 128.142.162.30:6842/2364636 --> 128.142.23.50:0/1683766 -- osd_ping(ping_reply e89090 stamp 2020-04-22 10:43:59.022874) v4 -- 0x55ffbaa3e200 con 0
2020-04-22 10:43:59.024483 7ff8aecfc700  1 -- 128.142.162.30:6845/2364636 <== osd.176 128.142.23.50:0/1683766 759226 ==== osd_ping(ping e89090 stamp 2020-04-22 10:43:59.022874) v4 ==== 2004+0+0 (3187688481 0 0) 0x55ffbf6f0800 con 0x55ffe17cb000
2020-04-22 10:43:59.024495 7ff8aecfc700  1 -- 128.142.162.30:6845/2364636 --> 128.142.23.50:0/1683766 -- osd_ping(ping_reply e89090 stamp 2020-04-22 10:43:59.022874) v4 -- 0x55ffbaa3e200 con 0
2020-04-22 10:43:59.058001 7ff893cf7700  1 -- 128.142.162.30:6839/2364636 --> 128.142.23.41:6813/3058059 -- replica_scrub(pg: 1.62b,from:0'0,to:0'0,epoch:89090/88802,start:1:d4730ccd:::7001336d558.00000000:0,end:1:d4730cfd:fsvolumens_3ad6676d-666c-479c-afd3-5afe8816d5df::4000c0cefeb.00000000:0,chunky:1,deep:0,version:9,allow_preemption:1,priority=5) v9 -- 0x55ffb88d4dc0 con 0
2020-04-22 10:43:59.058033 7ff893cf7700  1 -- 128.142.162.30:6839/2364636 --> 128.142.23.53:6837/2376126 -- replica_scrub(pg: 1.62b,from:0'0,to:0'0,epoch:89090/88802,start:1:d4730ccd:::7001336d558.00000000:0,end:1:d4730cfd:fsvolumens_3ad6676d-666c-479c-afd3-5afe8816d5df::4000c0cefeb.00000000:0,chunky:1,deep:0,version:9,allow_preemption:1,priority=5) v9 -- 0x55ffb42a98c0 con 0
2020-04-22 10:43:59.058551 7ff8aecfc700  1 -- 128.142.162.30:6839/2364636 <== osd.261 128.142.23.53:6837/2376126 885057 ==== rep_scrubmap(1.62b e88802 from shard 261) v2 ==== 40+0+2640 (1869850312 0 888549665) 0x55ffcdb20b40 con 0x55ffc512a000
2020-04-22 10:43:59.058711 7ff8adcfa700  1 -- 128.142.162.30:6839/2364636 <== osd.225 128.142.23.41:6813/3058059 885061 ==== rep_scrubmap(1.62b e88802 from shard 225) v2 ==== 40+0+2640 (1919878307 0 888549665) 0x55ffb137a000 con 0x55ffc516f800
2020-04-22 10:43:59.064571 7ff8adcfa700  1 -- 128.142.162.30:6845/2364636 <== osd.56 128.142.162.21:0/1647843 759037 ==== osd_ping(ping e89090 stamp 2020-04-22 10:43:59.063532) v4 ==== 2004+0+0 (1585800402 0 0) 0x55ffca006a00 con 0x55ffe9687000
2020-04-22 10:43:59.064594 7ff8adcfa700  1 -- 128.142.162.30:6845/2364636 --> 128.142.162.21:0/1647843 -- osd_ping(ping_reply e89090 stamp 2020-04-22 10:43:59.063532) v4 -- 0x55ffbad03200 con 0
2020-04-22 10:43:59.064631 7ff8aecfc700  1 -- 128.142.162.30:6842/2364636 <== osd.56 128.142.162.21:0/1647843 759037 ==== osd_ping(ping e89090 stamp 2020-04-22 10:43:59.063532) v4 ==== 2004+0+0 (1585800402 0 0) 0x55ffb52b8600 con 0x55fffb4dc800
2020-04-22 10:43:59.064653 7ff8aecfc700  1 -- 128.142.162.30:6842/2364636 --> 128.142.162.21:0/1647843 -- osd_ping(ping_reply e89090 stamp 2020-04-22 10:43:59.063532) v4 -- 0x55ffbaa3e200 con 0
2020-04-22 10:43:59.072690 7ff8aecfc700  1 -- 128.142.162.30:6842/2364636 <== osd.246 128.142.23.41:0/2058137 759529 ==== osd_ping(ping e89090 stamp 2020-04-22 10:43:59.071893) v4 ==== 2004+0+0 (3955631012 0 0) 0x55ffbf6f0800 con 0x55ffcc0b7000
2020-04-22 10:43:59.072702 7ff8aecfc700  1 -- 128.142.162.30:6842/2364636 --> 128.142.23.41:0/2058137 -- osd_ping(ping_reply e89090 stamp 2020-04-22 10:43:59.071893) v4 -- 0x55ffbaa3e200 con 0
2020-04-22 10:43:59.072762 7ff8adcfa700  1 -- 128.142.162.30:6845/2364636 <== osd.246 128.142.23.41:0/2058137 759529 ==== osd_ping(ping e89090 stamp 2020-04-22 10:43:59.071893) v4 ==== 2004+0+0 (3955631012 0 0) 0x55ffdc8d2200 con 0x55ffcc0b5800
2020-04-22 10:43:59.072777 7ff8adcfa700  1 -- 128.142.162.30:6845/2364636 --> 128.142.23.41:0/2058137 -- osd_ping(ping_reply e89090 stamp 2020-04-22 10:43:59.071893) v4 -- 0x55ffbad03200 con 0
2020-04-22 10:43:59.084495 7ff8aecfc700  1 -- 128.142.162.30:6845/2364636 <== osd.63 128.142.161.225:0/2706892 758492 ==== osd_ping(ping e89090 stamp 2020-04-22 10:43:59.083579) v4 ==== 2004+0+0 (1778890680 0 0) 0x55ffb52b8600 con 0x55ffc1658800
2020-04-22 10:43:59.084508 7ff8aecfc700  1 -- 128.142.162.30:6845/2364636 --> 128.142.161.225:0/2706892 -- osd_ping(ping_reply e89090 stamp 2020-04-22 10:43:59.083579) v4 -- 0x55ffbaa3e200 con 0
2020-04-22 10:43:59.084613 7ff8adcfa700  1 -- 128.142.162.30:6842/2364636 <== osd.63 128.142.161.225:0/2706892 758492 ==== osd_ping(ping e89090 stamp 2020-04-22 10:43:59.083579) v4 ==== 2004+0+0 (1778890680 0 0) 0x55ffca006a00 con 0x55ffc0632000
2020-04-22 10:43:59.084628 7ff8adcfa700  1 -- 128.142.162.30:6842/2364636 --> 128.142.161.225:0/2706892 -- osd_ping(ping_reply e89090 stamp 2020-04-22 10:43:59.083579) v4 -- 0x55ffbad03200 con 0
2020-04-22 10:43:59.113710 7ff8adcfa700  1 -- 128.142.162.30:6845/2364636 <== osd.70 128.142.162.21:0/1647845 759543 ==== osd_ping(ping e89090 stamp 2020-04-22 10:43:59.112594) v4 ==== 2004+0+0 (4002381006 0 0) 0x55ffdc8d2200 con 0x55ffbfe82800
2020-04-22 10:43:59.113713 7ff8ae4fb700  1 -- 128.142.162.30:6842/2364636 <== osd.70 128.142.162.21:0/1647845 759543 ==== osd_ping(ping e89090 stamp 2020-04-22 10:43:59.112594) v4 ==== 2004+0+0 (4002381006 0 0) 0x55ffeda5c400 con 0x55ffc11a6800
2020-04-22 10:43:59.113730 7ff8adcfa700  1 -- 128.142.162.30:6845/2364636 --> 128.142.162.21:0/1647845 -- osd_ping(ping_reply e89090 stamp 2020-04-22 10:43:59.112594) v4 -- 0x55ffbad03200 con 0
2020-04-22 10:43:59.113754 7ff8ae4fb700  1 -- 128.142.162.30:6842/2364636 --> 128.142.162.21:0/1647845 -- osd_ping(ping_reply e89090 stamp 2020-04-22 10:43:59.112594) v4 -- 0x55ffc6c50000 con 0
2020-04-22 10:43:59.159472 7ff893cf7700  1 -- 128.142.162.30:6839/2364636 --> 128.142.23.41:6813/3058059 -- replica_scrub(pg: 1.62b,from:0'0,to:0'0,epoch:89090/88802,start:1:d4730cfd:fsvolumens_3ad6676d-666c-479c-afd3-5afe8816d5df::4000c0cefeb.00000000:0,end:1:d4730d4b:::200006314f7.00000000:0,chunky:1,deep:0,version:9,allow_preemption:1,priority=5) v9 -- 0x55ffd2a5fb80 con 0
2020-04-22 10:43:59.159501 7ff893cf7700  1 -- 128.142.162.30:6839/2364636 --> 128.142.23.53:6837/2376126 -- replica_scrub(pg: 1.62b,from:0'0,to:0'0,epoch:89090/88802,start:1:d4730cfd:fsvolumens_3ad6676d-666c-479c-afd3-5afe8816d5df::4000c0cefeb.00000000:0,end:1:d4730d4b:::200006314f7.00000000:0,chunky:1,deep:0,version:9,allow_preemption:1,priority=5) v9 -- 0x55ffb7ab0580 con 0
2020-04-22 10:43:59.160189 7ff8adcfa700  1 -- 128.142.162.30:6839/2364636 <== osd.225 128.142.23.41:6813/3058059 885062 ==== rep_scrubmap(1.62b e88802 from shard 225) v2 ==== 40+0+2054 (1919878307 0 1752095320) 0x55ffcced8fc0 con 0x55ffc516f800
2020-04-22 10:43:59.160480 7ff8aecfc700  1 -- 128.142.162.30:6839/2364636 <== osd.261 128.142.23.53:6837/2376126 885058 ==== rep_scrubmap(1.62b e88802 from shard 261) v2 ==== 40+0+2054 (1869850312 0 1752095320) 0x55ffd6b858c0 con 0x55ffc512a000
2020-04-22 10:43:59.168042 7ff8adcfa700  1 -- 128.142.162.30:6824/1364636 >> 188.184.98.134:0/949054005 conn(0x55ffc22c5000 :6824 s=STATE_OPEN pgs=12637227 cs=1 l=1).tick idle(60000724) more than 60000000 us, mark self fault.
2020-04-22 10:43:59.168051 7ff8adcfa700  1 -- 128.142.162.30:6824/1364636 >> 188.184.98.134:0/949054005 conn(0x55ffc22c5000 :6824 s=STATE_OPEN pgs=12637227 cs=1 l=1).fault on lossy channel, failing
2020-04-22 10:43:59.169017 7ff8adcfa700  1 -- 128.142.162.30:6824/1364636 >> - conn(0x55fff0c8e000 :6824 s=STATE_ACCEPTING pgs=0 cs=0 l=0)._process_connection sd=362 -
2020-04-22 10:43:59.228515 7ff891cf3700  1 -- 128.142.162.30:0/1364636 --> 128.142.161.220:6897/3219344 -- osd_ping(ping e89090 stamp 2020-04-22 10:43:59.228514) v4 -- 0x55ffc0811000 con 0
2020-04-22 10:43:59.228538 7ff891cf3700  1 -- 128.142.162.30:0/1364636 --> 128.142.161.220:6898/3219344 -- osd_ping(ping e89090 stamp 2020-04-22 10:43:59.228514) v4 -- 0x55ffc12a6c00 con 0
2020-04-22 10:43:59.228554 7ff891cf3700  1 -- 128.142.162.30:0/1364636 --> 128.142.161.225:6807/3706846 -- osd_ping(ping e89090 stamp 2020-04-22 10:43:59.228514) v4 -- 0x55ffbe2d6a00 con 0
2020-04-22 10:43:59.228565 7ff891cf3700  1 -- 128.142.162.30:0/1364636 --> 128.142.161.225:6808/3706846 -- osd_ping(ping e89090 stamp 2020-04-22 10:43:59.228514) v4 -- 0x55ffcab60a00 con 0
2020-04-22 10:43:59.228579 7ff891cf3700  1 -- 128.142.162.30:0/1364636 --> 128.142.161.225:6874/3706896 -- osd_ping(ping e89090 stamp 2020-04-22 10:43:59.228514) v4 -- 0x55ffc1ea7e00 con 0
2020-04-22 10:43:59.228588 7ff891cf3700  1 -- 128.142.162.30:0/1364636 --> 128.142.161.225:6875/3706896 -- osd_ping(ping e89090 stamp 2020-04-22 10:43:59.228514) v4 -- 0x55ffc8b5e600 con 0
2020-04-22 10:43:59.228598 7ff891cf3700  1 -- 128.142.162.30:0/1364636 --> 128.142.161.225:6888/3706879 -- osd_ping(ping e89090 stamp 2020-04-22 10:43:59.228514) v4 -- 0x55ffd2490e00 con 0
2020-04-22 10:43:59.228607 7ff891cf3700  1 -- 128.142.162.30:0/1364636 --> 128.142.161.225:6890/3706879 -- osd_ping(ping e89090 stamp 2020-04-22 10:43:59.228514) v4 -- 0x5600081c0e00 con 0
2020-04-22 10:43:59.228616 7ff891cf3700  1 -- 128.142.162.30:0/1364636 --> 128.142.161.220:6818/3219322 -- osd_ping(ping e89090 stamp 2020-04-22 10:43:59.228514) v4 -- 0x55ffe0633800 con 0
2020-04-22 10:43:59.228624 7ff891cf3700  1 -- 128.142.162.30:0/1364636 --> 128.142.161.220:6819/3219322 -- osd_ping(ping e89090 stamp 2020-04-22 10:43:59.228514) v4 -- 0x55ffb15d3800 con 0
2020-04-22 10:43:59.228633 7ff891cf3700  1 -- 128.142.162.30:0/1364636 --> 128.142.161.220:6835/3219329 -- osd_ping(ping e89090 stamp 2020-04-22 10:43:59.228514) v4 -- 0x55ffdc50d600 con 0
2020-04-22 10:43:59.228642 7ff891cf3700  1 -- 128.142.162.30:0/1364636 --> 128.142.161.220:6877/3219329 -- osd_ping(ping e89090 stamp 2020-04-22 10:43:59.228514) v4 -- 0x5600006b5e00 con 0
2020-04-22 10:43:59.228651 7ff891cf3700  1 -- 128.142.162.30:0/1364636 --> 128.142.161.220:6875/3219352 -- osd_ping(ping e89090 stamp 2020-04-22 10:43:59.228514) v4 -- 0x55ffe274a000 con 0
2020-04-22 10:43:59.228660 7ff891cf3700  1 -- 128.142.162.30:0/1364636 --> 128.142.161.220:6880/3219352 -- osd_ping(ping e89090 stamp 2020-04-22 10:43:59.228514) v4 -- 0x560016944600 con 0
2020-04-22 10:43:59.228667 7ff891cf3700  1 -- 128.142.162.30:0/1364636 --> 128.142.162.21:6825/3675202 -- osd_ping(ping e89090 stamp 2020-04-22 10:43:59.228514) v4 -- 0x55ffbe7b8c00 con 0
2020-04-22 10:43:59.228675 7ff891cf3700  1 -- 128.142.162.30:0/1364636 --> 128.142.162.21:6827/3675202 -- osd_ping(ping e89090 stamp 2020-04-22 10:43:59.228514) v4 -- 0x55ffd9738a00 con 0
2020-04-22 10:43:59.228697 7ff891cf3700  1 -- 128.142.162.30:0/1364636 --> 128.142.161.220:6886/2068318 -- osd_ping(ping e89090 stamp 2020-04-22 10:43:59.228514) v4 -- 0x55ffb1eb5e00 con 0
2020-04-22 10:43:59.228714 7ff891cf3700  1 -- 128.142.162.30:0/1364636 --> 128.142.161.220:6887/2068318 -- osd_ping(ping e89090 stamp 2020-04-22 10:43:59.228514) v4 -- 0x55ffbb020400 con 0
2020-04-22 10:43:59.228724 7ff891cf3700  1 -- 128.142.162.30:0/1364636 --> 128.142.162.21:6810/2647847 -- osd_ping(ping e89090 stamp 2020-04-22 10:43:59.228514) v4 -- 0x55ffc0f32a00 con 0
2020-04-22 10:43:59.228734 7ff891cf3700  1 -- 128.142.162.30:0/1364636 --> 128.142.162.21:6811/2647847 -- osd_ping(ping e89090 stamp 2020-04-22 10:43:59.228514) v4 -- 0x55ffb2534c00 con 0
2020-04-22 10:43:59.228742 7ff891cf3700  1 -- 128.142.162.30:0/1364636 --> 128.142.161.220:6890/3219306 -- osd_ping(ping e89090 stamp 2020-04-22 10:43:59.228514) v4 -- 0x55ffcc2f9c00 con 0
2020-04-22 10:43:59.228764 7ff891cf3700  1 -- 128.142.162.30:0/1364636 --> 128.142.161.220:6891/3219306 -- osd_ping(ping e89090 stamp 2020-04-22 10:43:59.228514) v4 -- 0x55ffdc18a800 con 0
2020-04-22 10:43:59.228757 7ff8aecfc700  1 -- 128.142.162.30:0/1364636 <== osd.2 128.142.161.220:6898/3219344 758985 ==== osd_ping(ping_reply e89090 stamp 2020-04-22 10:43:59.228514) v4 ==== 2004+0+0 (2311076342 0 0) 0x55ffb52b8600 con 0x55ffdfe59000
2020-04-22 10:43:59.228770 7ff8adcfa700  1 -- 128.142.162.30:0/1364636 <== osd.2 128.142.161.220:6897/3219344 758985 ==== osd_ping(ping_reply e89090 stamp 2020-04-22 10:43:59.228514) v4 ==== 2004+0+0 (2311076342 0 0) 0x56000740ae00 con 0x55ffe164f800
2020-04-22 10:43:59.228793 7ff8ae4fb700  1 -- 128.142.162.30:0/1364636 <== osd.3 128.142.161.225:6808/3706846 758985 ==== osd_ping(ping_reply e89090 stamp 2020-04-22 10:43:59.228514) v4 ==== 2004+0+0 (2311076342 0 0) 0x55ffeda5c400 con 0x55ffc2967800
2020-04-22 10:43:59.228800 7ff891cf3700  1 -- 128.142.162.30:0/1364636 --> 128.142.162.21:6841/2647830 -- osd_ping(ping e89090 stamp 2020-04-22 10:43:59.228514) v4 -- 0x55ffff3e7800 con 0
2020-04-22 10:43:59.228810 7ff891cf3700  1 -- 128.142.162.30:0/1364636 --> 128.142.162.21:6843/2647830 -- osd_ping(ping e89090 stamp 2020-04-22 10:43:59.228514) v4 -- 0x55ffd8c5fa00 con 0
2020-04-22 10:43:59.228818 7ff891cf3700  1 -- 128.142.162.30:0/1364636 --> 128.142.162.21:6882/2647848 -- osd_ping(ping e89090 stamp 2020-04-22 10:43:59.228514) v4 -- 0x55ffd33b1e00 con 0
2020-04-22 10:43:59.228826 7ff891cf3700  1 -- 128.142.162.30:0/1364636 --> 128.142.162.21:6885/2647848 -- osd_ping(ping e89090 stamp 2020-04-22 10:43:59.228514) v4 -- 0x55ffd2cae600 con 0
2020-04-22 10:43:59.228840 7ff891cf3700  1 -- 128.142.162.30:0/1364636 --> 128.142.162.21:6802/2647843 -- osd_ping(ping e89090 stamp 2020-04-22 10:43:59.228514) v4 -- 0x55fff5a02600 con 0
2020-04-22 10:43:59.228848 7ff891cf3700  1 -- 128.142.162.30:0/1364636 --> 128.142.162.21:6803/2647843 -- osd_ping(ping e89090 stamp 2020-04-22 10:43:59.228514) v4 -- 0x55ffcef2b800 con 0
2020-04-22 10:43:59.228856 7ff891cf3700  1 -- 128.142.162.30:0/1364636 --> 128.142.161.225:6864/3706833 -- osd_ping(ping e89090 stamp 2020-04-22 10:43:59.228514) v4 -- 0x55ffeab10000 con 0
2020-04-22 10:43:59.228864 7ff891cf3700  1 -- 128.142.162.30:0/1364636 --> 128.142.161.225:6870/3706833 -- osd_ping(ping e89090 stamp 2020-04-22 10:43:59.228514) v4 -- 0x55ffb9c0e600 con 0
2020-04-22 10:43:59.228874 7ff891cf3700  1 -- 128.142.162.30:0/1364636 --> 128.142.162.21:6852/2647834 -- osd_ping(ping e89090 stamp 2020-04-22 10:43:59.228514) v4 -- 0x55ffb86bd000 con 0
2020-04-22 10:43:59.228880 7ff891cf3700  1 -- 128.142.162.30:0/1364636 --> 128.142.162.21:6856/2647834 -- osd_ping(ping e89090 stamp 2020-04-22 10:43:59.228514) v4 -- 0x55ffbf5e9000 con 0
2020-04-22 10:43:59.228889 7ff891cf3700  1 -- 128.142.162.30:0/1364636 --> 128.142.162.21:6858/2647839 -- osd_ping(ping e89090 stamp 2020-04-22 10:43:59.228514) v4 -- 0x55ffcaf40200 con 0
2020-04-22 10:43:59.228897 7ff891cf3700  1 -- 128.142.162.30:0/1364636 --> 128.142.162.21:6859/2647839 -- osd_ping(ping e89090 stamp 2020-04-22 10:43:59.228514) v4 -- 0x55ffcdd18e00 con 0
2020-04-22 10:43:59.228906 7ff891cf3700  1 -- 128.142.162.30:0/1364636 --> 128.142.161.225:6816/3706886 -- osd_ping(ping e89090 stamp 2020-04-22 10:43:59.228514) v4 -- 0x55ffd6d9e200 con 0
2020-04-22 10:43:59.228912 7ff891cf3700  1 -- 128.142.162.30:0/1364636 --> 128.142.161.225:6819/3706886 -- osd_ping(ping e89090 stamp 2020-04-22 10:43:59.228514) v4 -- 0x560028888600 con 0
2020-04-22 10:43:59.228920 7ff891cf3700  1 -- 128.142.162.30:0/1364636 --> 128.142.162.30:6870/3364650 -- osd_ping(ping e89090 stamp 2020-04-22 10:43:59.228514) v4 -- 0x55ffc0eb3200 con 0
2020-04-22 10:43:59.228928 7ff891cf3700  1 -- 128.142.162.30:0/1364636 --> 128.142.162.30:6888/3364650 -- osd_ping(ping e89090 stamp 2020-04-22 10:43:59.228514) v4 -- 0x55ffbb13a000 con 0
2020-04-22 10:43:59.228936 7ff891cf3700  1 -- 128.142.162.30:0/1364636 --> 128.142.162.30:6854/3364634 -- osd_ping(ping e89090 stamp 2020-04-22 10:43:59.228514) v4 -- 0x55ffcbd37400 con 0
2020-04-22 10:43:59.228944 7ff891cf3700  1 -- 128.142.162.30:0/1364636 --> 128.142.162.30:6868/3364634 -- osd_ping(ping e89090 stamp 2020-04-22 10:43:59.228514) v4 -- 0x55ffcd85ea00 con 0
2020-04-22 10:43:59.228953 7ff891cf3700  1 -- 128.142.162.30:0/1364636 --> 128.142.162.30:6829/2367875 -- osd_ping(ping e89090 stamp 2020-04-22 10:43:59.228514) v4 -- 0x55ffdf424200 con 0
2020-04-22 10:43:59.228961 7ff891cf3700  1 -- 128.142.162.30:0/1364636 --> 128.142.162.30:6832/2367875 -- osd_ping(ping e89090 stamp 2020-04-22 10:43:59.228514) v4 -- 0x55ffc95a3c00 con 0
2020-04-22 10:43:59.228969 7ff891cf3700  1 -- 128.142.162.30:0/1364636 --> 128.142.161.222:6842/5105806 -- osd_ping(ping e89090 stamp 2020-04-22 10:43:59.228514) v4 -- 0x55ffe44a9c00 con 0
2020-04-22 10:43:59.228977 7ff891cf3700  1 -- 128.142.162.30:0/1364636 --> 128.142.161.222:6843/5105806 -- osd_ping(ping e89090 stamp 2020-04-22 10:43:59.228514) v4 -- 0x55ffd3977a00 con 0
2020-04-22 10:43:59.228985 7ff891cf3700  1 -- 128.142.162.30:0/1364636 --> 128.142.161.229:6803/3411896 -- osd_ping(ping e89090 stamp 2020-04-22 10:43:59.228514) v4 -- 0x55ffc3228800 con 0
2020-04-22 10:43:59.228993 7ff891cf3700  1 -- 128.142.162.30:0/1364636 --> 128.142.161.229:6805/3411896 -- osd_ping(ping e89090 stamp 2020-04-22 10:43:59.228514) v4 -- 0x560002411600 con 0
2020-04-22 10:43:59.229002 7ff891cf3700  1 -- 128.142.162.30:0/1364636 --> 128.142.161.229:6869/3411898 -- osd_ping(ping e89090 stamp 2020-04-22 10:43:59.228514) v4 -- 0x55ffb81cbc00 con 0
2020-04-22 10:43:59.229010 7ff891cf3700  1 -- 128.142.162.30:0/1364636 --> 128.142.161.229:6871/3411898 -- osd_ping(ping e89090 stamp 2020-04-22 10:43:59.228514) v4 -- 0x55ffc8922400 con 0
2020-04-22 10:43:59.229019 7ff891cf3700  1 -- 128.142.162.30:0/1364636 --> 128.142.161.222:6814/5105780 -- osd_ping(ping e89090 stamp 2020-04-22 10:43:59.228514) v4 -- 0x55fff7271000 con 0
2020-04-22 10:43:59.229028 7ff891cf3700  1 -- 128.142.162.30:0/1364636 --> 128.142.161.222:6817/5105780 -- osd_ping(ping e89090 stamp 2020-04-22 10:43:59.228514) v4 -- 0x55ffffc7d600 con 0
2020-04-22 10:43:59.229043 7ff891cf3700  1 -- 128.142.162.30:0/1364636 --> 128.142.161.229:6857/3411880 -- osd_ping(ping e89090 stamp 2020-04-22 10:43:59.228514) v4 -- 0x55ffcd9fd400 con 0
2020-04-22 10:43:59.229050 7ff891cf3700  1 -- 128.142.162.30:0/1364636 --> 128.142.161.229:6859/3411880 -- osd_ping(ping e89090 stamp 2020-04-22 10:43:59.228514) v4 -- 0x55ffca9e7a00 con 0
2020-04-22 10:43:59.229059 7ff891cf3700  1 -- 128.142.162.30:0/1364636 --> 128.142.161.229:6886/3411837 -- osd_ping(ping e89090 stamp 2020-04-22 10:43:59.228514) v4 -- 0x55ffeb2b1c00 con 0
2020-04-22 10:43:59.229067 7ff891cf3700  1 -- 128.142.162.30:0/1364636 --> 128.142.161.229:6887/3411837 -- osd_ping(ping e89090 stamp 2020-04-22 10:43:59.228514) v4 -- 0x55ffc5162600 con 0
2020-04-22 10:43:59.229074 7ff891cf3700  1 -- 128.142.162.30:0/1364636 --> 128.142.161.229:6837/3411886 -- osd_ping(ping e89090 stamp 2020-04-22 10:43:59.228514) v4 -- 0x55ffd3984000 con 0
2020-04-22 10:43:59.229081 7ff891cf3700  1 -- 128.142.162.30:0/1364636 --> 128.142.161.229:6841/3411886 -- osd_ping(ping e89090 stamp 2020-04-22 10:43:59.228514) v4 -- 0x55ffb4d7e400 con 0
2020-04-22 10:43:59.229088 7ff891cf3700  1 -- 128.142.162.30:0/1364636 --> 128.142.161.229:6894/3411849 -- osd_ping(ping e89090 stamp 2020-04-22 10:43:59.228514) v4 -- 0x55ffc04d3e00 con 0
2020-04-22 10:43:59.229096 7ff891cf3700  1 -- 128.142.162.30:0/1364636 --> 128.142.161.229:6895/3411849 -- osd_ping(ping e89090 stamp 2020-04-22 10:43:59.228514) v4 -- 0x55ffcf8d4e00 con 0
2020-04-22 10:43:59.229104 7ff891cf3700  1 -- 128.142.162.30:0/1364636 --> 128.142.161.229:6874/3411859 -- osd_ping(ping e89090 stamp 2020-04-22 10:43:59.228514) v4 -- 0x55ffeca8be00 con 0
2020-04-22 10:43:59.229113 7ff891cf3700  1 -- 128.142.162.30:0/1364636 --> 128.142.161.229:6875/3411859 -- osd_ping(ping e89090 stamp 2020-04-22 10:43:59.228514) v4 -- 0x55ffc2934800 con 0
2020-04-22 10:43:59.229120 7ff891cf3700  1 -- 128.142.162.30:0/1364636 --> 128.142.23.55:6850/2802022 -- osd_ping(ping e89090 stamp 2020-04-22 10:43:59.228514) v4 -- 0x55ffd22bda00 con 0
2020-04-22 10:43:59.229128 7ff891cf3700  1 -- 128.142.162.30:0/1364636 --> 128.142.23.55:6852/2802022 -- osd_ping(ping e89090 stamp 2020-04-22 10:43:59.228514) v4 -- 0x55ffe168b600 con 0
2020-04-22 10:43:59.229136 7ff891cf3700  1 -- 128.142.162.30:0/1364636 --> 128.142.23.50:6832/2683838 -- osd_ping(ping e89090 stamp 2020-04-22 10:43:59.228514) v4 -- 0x55ffc1050000 con 0
2020-04-22 10:43:59.229143 7ff891cf3700  1 -- 128.142.162.30:0/1364636 --> 128.142.23.50:6834/2683838 -- osd_ping(ping e89090 stamp 2020-04-22 10:43:59.228514) v4 -- 0x55ffb3102600 con 0
2020-04-22 10:43:59.229152 7ff891cf3700  1 -- 128.142.162.30:0/1364636 --> 128.142.23.41:6862/3058112 -- osd_ping(ping e89090 stamp 2020-04-22 10:43:59.228514) v4 -- 0x55ffb4a1e400 con 0
2020-04-22 10:43:59.229159 7ff891cf3700  1 -- 128.142.162.30:0/1364636 --> 128.142.23.41:6863/3058112 -- osd_ping(ping e89090 stamp 2020-04-22 10:43:59.228514) v4 -- 0x55ffebffa600 con 0
2020-04-22 10:43:59.229167 7ff891cf3700  1 -- 128.142.162.30:0/1364636 --> 128.142.23.41:6826/3058089 -- osd_ping(ping e89090 stamp 2020-04-22 10:43:59.228514) v4 -- 0x55ffdbfada00 con 0
2020-04-22 10:43:59.229175 7ff891cf3700  1 -- 128.142.162.30:0/1364636 --> 128.142.23.41:6827/3058089 -- osd_ping(ping e89090 stamp 2020-04-22 10:43:59.228514) v4 -- 0x55ffc2987e00 con 0
2020-04-22 10:43:59.229182 7ff891cf3700  1 -- 128.142.162.30:0/1364636 --> 128.142.23.50:6814/2683755 -- osd_ping(ping e89090 stamp 2020-04-22 10:43:59.228514) v4 -- 0x55ffec0ad800 con 0
2020-04-22 10:43:59.229190 7ff891cf3700  1 -- 128.142.162.30:0/1364636 --> 128.142.23.50:6815/2683755 -- osd_ping(ping e89090 stamp 2020-04-22 10:43:59.228514) v4 -- 0x55ffbe455c00 con 0
2020-04-22 10:43:59.229200 7ff891cf3700  1 -- 128.142.162.30:0/1364636 --> 128.142.23.41:6858/3058067 -- osd_ping(ping e89090 stamp 2020-04-22 10:43:59.228514) v4 -- 0x55ffd6eaba00 con 0
2020-04-22 10:43:59.229208 7ff891cf3700  1 -- 128.142.162.30:0/1364636 --> 128.142.23.41:6859/3058067 -- osd_ping(ping e89090 stamp 2020-04-22 10:43:59.228514) v4 -- 0x55ffd6d9fa00 con 0
2020-04-22 10:43:59.229217 7ff891cf3700  1 -- 128.142.162.30:0/1364636 --> 128.142.23.42:6866/4266020 -- osd_ping(ping e89090 stamp 2020-04-22 10:43:59.228514) v4 -- 0x55ffd3a6f400 con 0
2020-04-22 10:43:59.229225 7ff891cf3700  1 -- 128.142.162.30:0/1364636 --> 128.142.23.42:6867/4266020 -- osd_ping(ping e89090 stamp 2020-04-22 10:43:59.228514) v4 -- 0x55ffbab0ec00 con 0
2020-04-22 10:43:59.229233 7ff891cf3700  1 -- 128.142.162.30:0/1364636 --> 128.142.23.48:6874/2918715 -- osd_ping(ping e89090 stamp 2020-04-22 10:43:59.228514) v4 -- 0x55ffbf0d9e00 con 0
2020-04-22 10:43:59.229241 7ff891cf3700  1 -- 128.142.162.30:0/1364636 --> 128.142.23.48:6875/2918715 -- osd_ping(ping e89090 stamp 2020-04-22 10:43:59.228514) v4 -- 0x55ffba7aa800 con 0
2020-04-22 10:43:59.229250 7ff891cf3700  1 -- 128.142.162.30:0/1364636 --> 128.142.23.55:6842/2802094 -- osd_ping(ping e89090 stamp 2020-04-22 10:43:59.228514) v4 -- 0x560007849e00 con 0
2020-04-22 10:43:59.229258 7ff891cf3700  1 -- 128.142.162.30:0/1364636 --> 128.142.23.55:6809/2802094 -- osd_ping(ping e89090 stamp 2020-04-22 10:43:59.228514) v4 -- 0x55ffbf00a200 con 0
2020-04-22 10:43:59.229267 7ff891cf3700  1 -- 128.142.162.30:0/1364636 --> 128.142.23.53:6874/2376091 -- osd_ping(ping e89090 stamp 2020-04-22 10:43:59.228514) v4 -- 0x55ffc75cf800 con 0
2020-04-22 10:43:59.229274 7ff891cf3700  1 -- 128.142.162.30:0/1364636 --> 128.142.23.53:6875/2376091 -- osd_ping(ping e89090 stamp 2020-04-22 10:43:59.228514) v4 -- 0x55ffc95a3400 con 0
2020-04-22 10:43:59.229283 7ff891cf3700  1 -- 128.142.162.30:0/1364636 --> 128.142.23.55:6814/2802111 -- osd_ping(ping e89090 stamp 2020-04-22 10:43:59.228514) v4 -- 0x55ffcaf41400 con 0
2020-04-22 10:43:59.229292 7ff891cf3700  1 -- 128.142.162.30:0/1364636 --> 128.142.23.55:6815/2802111 -- osd_ping(ping e89090 stamp 2020-04-22 10:43:59.228514) v4 -- 0x55ffd7212c00 con 0
2020-04-22 10:43:59.229301 7ff891cf3700  1 -- 128.142.162.30:0/1364636 --> 128.142.23.48:6818/2918678 -- osd_ping(ping e89090 stamp 2020-04-22 10:43:59.228514) v4 -- 0x55ffc9b58800 con 0
2020-04-22 10:43:59.229311 7ff891cf3700  1 -- 128.142.162.30:0/1364636 --> 128.142.23.48:6819/2918678 -- osd_ping(ping e89090 stamp 2020-04-22 10:43:59.228514) v4 -- 0x55fff51e6a00 con 0
2020-04-22 10:43:59.229320 7ff891cf3700  1 -- 128.142.162.30:0/1364636 --> 128.142.23.41:6851/3058158 -- osd_ping(ping e89090 stamp 2020-04-22 10:43:59.228514) v4 -- 0x55ffe1c9f400 con 0
2020-04-22 10:43:59.229329 7ff891cf3700  1 -- 128.142.162.30:0/1364636 --> 128.142.23.41:6853/3058158 -- osd_ping(ping e89090 stamp 2020-04-22 10:43:59.228514) v4 -- 0x55ffea8fbc00 con 0
2020-04-22 10:43:59.229337 7ff891cf3700  1 -- 128.142.162.30:0/1364636 --> 128.142.23.41:6865/3058188 -- osd_ping(ping e89090 stamp 2020-04-22 10:43:59.228514) v4 -- 0x55ffc04d1400 con 0
2020-04-22 10:43:59.229344 7ff891cf3700  1 -- 128.142.162.30:0/1364636 --> 128.142.23.41:6802/3058188 -- osd_ping(ping e89090 stamp 2020-04-22 10:43:59.228514) v4 -- 0x55ffd1a4c600 con 0
2020-04-22 10:43:59.229353 7ff891cf3700  1 -- 128.142.162.30:0/1364636 --> 128.142.23.41:6814/3058059 -- osd_ping(ping e89090 stamp 2020-04-22 10:43:59.228514) v4 -- 0x55ffbad02600 con 0
2020-04-22 10:43:59.229361 7ff891cf3700  1 -- 128.142.162.30:0/1364636 --> 128.142.23.41:6815/3058059 -- osd_ping(ping e89090 stamp 2020-04-22 10:43:59.228514) v4 -- 0x55ffce06ee00 con 0
2020-04-22 10:43:59.229371 7ff891cf3700  1 -- 128.142.162.30:0/1364636 --> 128.142.23.41:6810/3058101 -- osd_ping(ping e89090 stamp 2020-04-22 10:43:59.228514) v4 -- 0x55ffbe6f2200 con 0
2020-04-22 10:43:59.229379 7ff891cf3700  1 -- 128.142.162.30:0/1364636 --> 128.142.23.41:6811/3058101 -- osd_ping(ping e89090 stamp 2020-04-22 10:43:59.228514) v4 -- 0x55ffe0633200 con 0
2020-04-22 10:43:59.229387 7ff891cf3700  1 -- 128.142.162.30:0/1364636 --> 128.142.23.50:6802/2683881 -- osd_ping(ping e89090 stamp 2020-04-22 10:43:59.228514) v4 -- 0x55ffbd6ff600 con 0
2020-04-22 10:43:59.229394 7ff891cf3700  1 -- 128.142.162.30:0/1364636 --> 128.142.23.50:6803/2683881 -- osd_ping(ping e89090 stamp 2020-04-22 10:43:59.228514) v4 -- 0x55ffe699f400 con 0
2020-04-22 10:43:59.229401 7ff891cf3700  1 -- 128.142.162.30:0/1364636 --> 128.142.23.50:6863/2683810 -- osd_ping(ping e89090 stamp 2020-04-22 10:43:59.228514) v4 -- 0x55ffd4e39c00 con 0
2020-04-22 10:43:59.229407 7ff891cf3700  1 -- 128.142.162.30:0/1364636 --> 128.142.23.50:6865/2683810 -- osd_ping(ping e89090 stamp 2020-04-22 10:43:59.228514) v4 -- 0x55ffdca43400 con 0
2020-04-22 10:43:59.229416 7ff891cf3700  1 -- 128.142.162.30:0/1364636 --> 128.142.23.41:6838/3058064 -- osd_ping(ping e89090 stamp 2020-04-22 10:43:59.228514) v4 -- 0x55ffd2d0e200 con 0
2020-04-22 10:43:59.229424 7ff891cf3700  1 -- 128.142.162.30:0/1364636 --> 128.142.23.41:6839/3058064 -- osd_ping(ping e89090 stamp 2020-04-22 10:43:59.228514) v4 -- 0x55ffb349f400 con 0
2020-04-22 10:43:59.229432 7ff891cf3700  1 -- 128.142.162.30:0/1364636 --> 128.142.23.53:6860/2376099 -- osd_ping(ping e89090 stamp 2020-04-22 10:43:59.228514) v4 -- 0x55ffc8006a00 con 0
2020-04-22 10:43:59.229439 7ff891cf3700  1 -- 128.142.162.30:0/1364636 --> 128.142.23.53:6862/2376099 -- osd_ping(ping e89090 stamp 2020-04-22 10:43:59.228514) v4 -- 0x55ffbf7bd200 con 0
2020-04-22 10:43:59.229447 7ff891cf3700  1 -- 128.142.162.30:0/1364636 --> 128.142.23.53:6806/2376034 -- osd_ping(ping e89090 stamp 2020-04-22 10:43:59.228514) v4 -- 0x55ffe6341e00 con 0
2020-04-22 10:43:59.229455 7ff891cf3700  1 -- 128.142.162.30:0/1364636 --> 128.142.23.53:6807/2376034 -- osd_ping(ping e89090 stamp 2020-04-22 10:43:59.228514) v4 -- 0x55ffd71f9400 con 0
2020-04-22 10:43:59.229463 7ff891cf3700  1 -- 128.142.162.30:0/1364636 --> 128.142.23.53:6838/2376126 -- osd_ping(ping e89090 stamp 2020-04-22 10:43:59.228514) v4 -- 0x55ffcc839800 con 0
2020-04-22 10:43:59.229471 7ff891cf3700  1 -- 128.142.162.30:0/1364636 --> 128.142.23.53:6839/2376126 -- osd_ping(ping e89090 stamp 2020-04-22 10:43:59.228514) v4 -- 0x55ffc0c16c00 con 0
2020-04-22 10:43:59.229479 7ff891cf3700  1 -- 128.142.162.30:0/1364636 --> 128.142.23.48:6835/2918780 -- osd_ping(ping e89090 stamp 2020-04-22 10:43:59.228514) v4 -- 0x55ffd3a51200 con 0
2020-04-22 10:43:59.229487 7ff891cf3700  1 -- 128.142.162.30:0/1364636 --> 128.142.23.48:6838/2918780 -- osd_ping(ping e89090 stamp 2020-04-22 10:43:59.228514) v4 -- 0x55ffb9c48e00 con 0
2020-04-22 10:43:59.229821 7ff8aecfc700  1 -- 128.142.162.30:0/1364636 <== osd.3 128.142.161.225:6807/3706846 758985 ==== osd_ping(ping_reply e89090 stamp 2020-04-22 10:43:59.228514) v4 ==== 2004+0+0 (2311076342 0 0) 0x55ffbf6f0800 con 0x55ffdcb71800
2020-04-22 10:43:59.229859 7ff8aecfc700  1 -- 128.142.162.30:0/1364636 <== osd.33 128.142.162.21:6825/3675202 758985 ==== osd_ping(ping_reply e89090 stamp 2020-04-22 10:43:59.228514) v4 ==== 2004+0+0 (2311076342 0 0) 0x55ffbf6f0800 con 0x55fff1aac000
2020-04-22 10:43:59.229885 7ff8aecfc700  1 -- 128.142.162.30:0/1364636 <== osd.23 128.142.161.220:6880/3219352 758985 ==== osd_ping(ping_reply e89090 stamp 2020-04-22 10:43:59.228514) v4 ==== 2004+0+0 (2311076342 0 0) 0x55ffbf6f0800 con 0x55ffc512d000
2020-04-22 10:43:59.229925 7ff8aecfc700  1 -- 128.142.162.30:0/1364636 <== osd.21 128.142.161.220:6877/3219329 758985 ==== osd_ping(ping_reply e89090 stamp 2020-04-22 10:43:59.228514) v4 ==== 2004+0+0 (2311076342 0 0) 0x55ffbf6f0800 con 0x55fff4632800
2020-04-22 10:43:59.229942 7ff8aecfc700  1 -- 128.142.162.30:0/1364636 <== osd.34 128.142.161.220:6886/2068318 758985 ==== osd_ping(ping_reply e89090 stamp 2020-04-22 10:43:59.228514) v4 ==== 2004+0+0 (2311076342 0 0) 0x55ffbf6f0800 con 0x55ffc16b3800
2020-04-22 10:43:59.229962 7ff8aecfc700  1 -- 128.142.162.30:0/1364636 <== osd.45 128.142.162.21:6843/2647830 758985 ==== osd_ping(ping_reply e89090 stamp 2020-04-22 10:43:59.228514) v4 ==== 2004+0+0 (2311076342 0 0) 0x55ffbf6f0800 con 0x55ffe1a84800
2020-04-22 10:43:59.229984 7ff8aecfc700  1 -- 128.142.162.30:0/1364636 <== osd.59 128.142.161.225:6864/3706833 758985 ==== osd_ping(ping_reply e89090 stamp 2020-04-22 10:43:59.228514) v4 ==== 2004+0+0 (2311076342 0 0) 0x55ffbf6f0800 con 0x55fffd20e000
2020-04-22 10:43:59.230005 7ff8aecfc700  1 -- 128.142.162.30:0/1364636 <== osd.55 128.142.162.21:6885/2647848 758985 ==== osd_ping(ping_reply e89090 stamp 2020-04-22 10:43:59.228514) v4 ==== 2004+0+0 (2311076342 0 0) 0x55ffbf6f0800 con 0x55ffe7b20800
2020-04-22 10:43:59.230044 7ff8aecfc700  1 -- 128.142.162.30:0/1364636 <== osd.62 128.142.162.21:6856/2647834 758985 ==== osd_ping(ping_reply e89090 stamp 2020-04-22 10:43:59.228514) v4 ==== 2004+0+0 (2311076342 0 0) 0x55ffbf6f0800 con 0x55ffe5661000
2020-04-22 10:43:59.230065 7ff8aecfc700  1 -- 128.142.162.30:0/1364636 <== osd.112 128.142.161.222:6817/5105780 758985 ==== osd_ping(ping_reply e89090 stamp 2020-04-22 10:43:59.228514) v4 ==== 2004+0+0 (2311076342 0 0) 0x55ffbf6f0800 con 0x55ffe063c800
2020-04-22 10:43:59.230080 7ff8aecfc700  1 -- 128.142.162.30:0/1364636 <== osd.135 128.142.161.229:6886/3411837 758985 ==== osd_ping(ping_reply e89090 stamp 2020-04-22 10:43:59.228514) v4 ==== 2004+0+0 (2311076342 0 0) 0x55ffbf6f0800 con 0x55ffe3eb1000
2020-04-22 10:43:59.230094 7ff8aecfc700  1 -- 128.142.162.30:0/1364636 <== osd.137 128.142.161.229:6837/3411886 758985 ==== osd_ping(ping_reply e89090 stamp 2020-04-22 10:43:59.228514) v4 ==== 2004+0+0 (2311076342 0 0) 0x55ffbf6f0800 con 0x55ffc03e5800
2020-04-22 10:43:59.230106 7ff8aecfc700  1 -- 128.142.162.30:0/1364636 <== osd.139 128.142.161.229:6894/3411849 758985 ==== osd_ping(ping_reply e89090 stamp 2020-04-22 10:43:59.228514) v4 ==== 2004+0+0 (2311076342 0 0) 0x55ffbf6f0800 con 0x55ffe25bc800
2020-04-22 10:43:59.230118 7ff8aecfc700  1 -- 128.142.162.30:0/1364636 <== osd.177 128.142.23.41:6863/3058112 758985 ==== osd_ping(ping_reply e89090 stamp 2020-04-22 10:43:59.228514) v4 ==== 2004+0+0 (2311076342 0 0) 0x55ffbf6f0800 con 0x55ffe5d5e000
2020-04-22 10:43:59.230137 7ff8aecfc700  1 -- 128.142.162.30:0/1364636 <== osd.180 128.142.23.41:6826/3058089 758985 ==== osd_ping(ping_reply e89090 stamp 2020-04-22 10:43:59.228514) v4 ==== 2004+0+0 (2311076342 0 0) 0x55ffbf6f0800 con 0x55ffeb9c3000
2020-04-22 10:43:59.230157 7ff8aecfc700  1 -- 128.142.162.30:0/1364636 <== osd.170 128.142.23.50:6832/2683838 758985 ==== osd_ping(ping_reply e89090 stamp 2020-04-22 10:43:59.228514) v4 ==== 2004+0+0 (2311076342 0 0) 0x55ffbf6f0800 con 0x55ffee556000
2020-04-22 10:43:59.230170 7ff8aecfc700  1 -- 128.142.162.30:0/1364636 <== osd.183 128.142.23.41:6858/3058067 758985 ==== osd_ping(ping_reply e89090 stamp 2020-04-22 10:43:59.228514) v4 ==== 2004+0+0 (2311076342 0 0) 0x55ffbf6f0800 con 0x55ffec20a800
2020-04-22 10:43:59.230183 7ff8aecfc700  1 -- 128.142.162.30:0/1364636 <== osd.189 128.142.23.48:6875/2918715 758985 ==== osd_ping(ping_reply e89090 stamp 2020-04-22 10:43:59.228514) v4 ==== 2004+0+0 (2311076342 0 0) 0x55ffbf6f0800 con 0x55ffe8720000
2020-04-22 10:43:59.230183 7ff8ae4fb700  1 -- 128.142.162.30:0/1364636 <== osd.4 128.142.161.225:6874/3706896 758985 ==== osd_ping(ping_reply e89090 stamp 2020-04-22 10:43:59.228514) v4 ==== 2004+0+0 (2311076342 0 0) 0x55ffc434ca00 con 0x55ffc06ba800
2020-04-22 10:43:59.230195 7ff8aecfc700  1 -- 128.142.162.30:0/1364636 <== osd.187 128.142.23.42:6867/4266020 758985 ==== osd_ping(ping_reply e89090 stamp 2020-04-22 10:43:59.228514) v4 ==== 2004+0+0 (2311076342 0 0) 0x55ffbf6f0800 con 0x55ffc79bb000
2020-04-22 10:43:59.230220 7ff8aecfc700  1 -- 128.142.162.30:0/1364636 <== osd.222 128.142.23.41:6865/3058188 758985 ==== osd_ping(ping_reply e89090 stamp 2020-04-22 10:43:59.228514) v4 ==== 2004+0+0 (2311076342 0 0) 0x55ffbf6f0800 con 0x560007ae0800
2020-04-22 10:43:59.230216 7ff8adcfa700  1 -- 128.142.162.30:0/1364636 <== osd.4 128.142.161.225:6875/3706896 758985 ==== osd_ping(ping_reply e89090 stamp 2020-04-22 10:43:59.228514) v4 ==== 2004+0+0 (2311076342 0 0) 0x55ffdc8d2200 con 0x55ffe3633800
2020-04-22 10:43:59.230234 7ff8aecfc700  1 -- 128.142.162.30:0/1364636 <== osd.196 128.142.23.53:6874/2376091 758985 ==== osd_ping(ping_reply e89090 stamp 2020-04-22 10:43:59.228514) v4 ==== 2004+0+0 (2311076342 0 0) 0x55ffbf6f0800 con 0x55ffbec4f000
2020-04-22 10:43:59.230245 7ff8aecfc700  1 -- 128.142.162.30:0/1364636 <== osd.225 128.142.23.41:6814/3058059 758985 ==== osd_ping(ping_reply e89090 stamp 2020-04-22 10:43:59.228514) v4 ==== 2004+0+0 (2311076342 0 0) 0x55ffbf6f0800 con 0x55ffe1640800
2020-04-22 10:43:59.230240 7ff8ae4fb700  1 -- 128.142.162.30:0/1364636 <== osd.6 128.142.161.225:6888/3706879 758985 ==== osd_ping(ping_reply e89090 stamp 2020-04-22 10:43:59.228514) v4 ==== 2004+0+0 (2311076342 0 0) 0x55ffc434ca00 con 0x55ffe3ebd800
2020-04-22 10:43:59.230258 7ff8aecfc700  1 -- 128.142.162.30:0/1364636 <== osd.237 128.142.23.41:6811/3058101 758985 ==== osd_ping(ping_reply e89090 stamp 2020-04-22 10:43:59.228514) v4 ==== 2004+0+0 (2311076342 0 0) 0x55ffbf6f0800 con 0x55ffd9384800
2020-04-22 10:43:59.230258 7ff8adcfa700  1 -- 128.142.162.30:0/1364636 <== osd.21 128.142.161.220:6835/3219329 758985 ==== osd_ping(ping_reply e89090 stamp 2020-04-22 10:43:59.228514) v4 ==== 2004+0+0 (2311076342 0 0) 0x55ffdc8d2200 con 0x55fffdc52000
2020-04-22 10:43:59.230270 7ff8aecfc700  1 -- 128.142.162.30:0/1364636 <== osd.182 128.142.23.50:6814/2683755 758985 ==== osd_ping(ping_reply e89090 stamp 2020-04-22 10:43:59.228514) v4 ==== 2004+0+0 (2311076342 0 0) 0x55ffbf6f0800 con 0x55fff6ba9000
2020-04-22 10:43:59.230268 7ff8ae4fb700  1 -- 128.142.162.30:0/1364636 <== osd.14 128.142.161.220:6818/3219322 758985 ==== osd_ping(ping_reply e89090 stamp 2020-04-22 10:43:59.228514) v4 ==== 2004+0+0 (2311076342 0 0) 0x55ffc434ca00 con 0x55ffcc972800
2020-04-22 10:43:59.230283 7ff8aecfc700  1 -- 128.142.162.30:0/1364636 <== osd.214 128.142.23.48:6819/2918678 758985 ==== osd_ping(ping_reply e89090 stamp 2020-04-22 10:43:59.228514) v4 ==== 2004+0+0 (2311076342 0 0) 0x55ffbf6f0800 con 0x55ffc0c06000
2020-04-22 10:43:59.230281 7ff8adcfa700  1 -- 128.142.162.30:0/1364636 <== osd.6 128.142.161.225:6890/3706879 758985 ==== osd_ping(ping_reply e89090 stamp 2020-04-22 10:43:59.228514) v4 ==== 2004+0+0 (2311076342 0 0) 0x55ffdc8d2200 con 0x55ffe3ebf000
2020-04-22 10:43:59.230303 7ff8aecfc700  1 -- 128.142.162.30:0/1364636 <== osd.261 128.142.23.53:6839/2376126 758985 ==== osd_ping(ping_reply e89090 stamp 2020-04-22 10:43:59.228514) v4 ==== 2004+0+0 (2311076342 0 0) 0x55ffbf6f0800 con 0x55ffcff91800
2020-04-22 10:43:59.230304 7ff8ae4fb700  1 -- 128.142.162.30:0/1364636 <== osd.33 128.142.162.21:6827/3675202 758985 ==== osd_ping(ping_reply e89090 stamp 2020-04-22 10:43:59.228514) v4 ==== 2004+0+0 (2311076342 0 0) 0x55ffc434ca00 con 0x55ffb238d000
2020-04-22 10:43:59.230304 7ff8adcfa700  1 -- 128.142.162.30:0/1364636 <== osd.23 128.142.161.220:6875/3219352 758985 ==== osd_ping(ping_reply e89090 stamp 2020-04-22 10:43:59.228514) v4 ==== 2004+0+0 (2311076342 0 0) 0x55ffdc8d2200 con 0x55ffeb89d000
2020-04-22 10:43:59.230316 7ff8aecfc700  1 -- 128.142.162.30:0/1364636 <== osd.242 128.142.23.50:6865/2683810 758985 ==== osd_ping(ping_reply e89090 stamp 2020-04-22 10:43:59.228514) v4 ==== 2004+0+0 (2311076342 0 0) 0x55ffbf6f0800 con 0x55ffcff90000
2020-04-22 10:43:59.230327 7ff8ae4fb700  1 -- 128.142.162.30:0/1364636 <== osd.34 128.142.161.220:6887/2068318 758985 ==== osd_ping(ping_reply e89090 stamp 2020-04-22 10:43:59.228514) v4 ==== 2004+0+0 (2311076342 0 0) 0x55ffc434ca00 con 0x55ffc174a000
2020-04-22 10:43:59.230334 7ff8aecfc700  1 -- 128.142.162.30:0/1364636 <== osd.255 128.142.23.53:6807/2376034 758985 ==== osd_ping(ping_reply e89090 stamp 2020-04-22 10:43:59.228514) v4 ==== 2004+0+0 (2311076342 0 0) 0x55ffbf6f0800 con 0x55ffc9b60000
2020-04-22 10:43:59.230359 7ff8adcfa700  1 -- 128.142.162.30:0/1364636 <== osd.14 128.142.161.220:6819/3219322 758985 ==== osd_ping(ping_reply e89090 stamp 2020-04-22 10:43:59.228514) v4 ==== 2004+0+0 (2311076342 0 0) 0x55ffdc8d2200 con 0x55ffcc971000
2020-04-22 10:43:59.230367 7ff8aecfc700  1 -- 128.142.162.30:0/1364636 <== osd.262 128.142.23.48:6835/2918780 758985 ==== osd_ping(ping_reply e89090 stamp 2020-04-22 10:43:59.228514) v4 ==== 2004+0+0 (2311076342 0 0) 0x55ffbf6f0800 con 0x55ffe8031000
2020-04-22 10:43:59.230368 7ff8ae4fb700  1 -- 128.142.162.30:0/1364636 <== osd.40 128.142.162.21:6810/2647847 758985 ==== osd_ping(ping_reply e89090 stamp 2020-04-22 10:43:59.228514) v4 ==== 2004+0+0 (2311076342 0 0) 0x55ffc434ca00 con 0x55ffc0706000
2020-04-22 10:43:59.230389 7ff8adcfa700  1 -- 128.142.162.30:0/1364636 <== osd.40 128.142.162.21:6811/2647847 758985 ==== osd_ping(ping_reply e89090 stamp 2020-04-22 10:43:59.228514) v4 ==== 2004+0+0 (2311076342 0 0) 0x55ffdc8d2200 con 0x55ffb9fe4800
2020-04-22 10:43:59.230401 7ff8ae4fb700  1 -- 128.142.162.30:0/1364636 <== osd.91 128.142.162.30:6870/3364650 758987 ==== osd_ping(ping_reply e89090 stamp 2020-04-22 10:43:59.228514) v4 ==== 2004+0+0 (2311076342 0 0) 0x55ffc434ca00 con 0x55ffc5b3b800
2020-04-22 10:43:59.230417 7ff8adcfa700  1 -- 128.142.162.30:0/1364636 <== osd.45 128.142.162.21:6841/2647830 758985 ==== osd_ping(ping_reply e89090 stamp 2020-04-22 10:43:59.228514) v4 ==== 2004+0+0 (2311076342 0 0) 0x55ffdc8d2200 con 0x55ffd3759000
2020-04-22 10:43:59.230446 7ff8ae4fb700  1 -- 128.142.162.30:0/1364636 <== osd.56 128.142.162.21:6802/2647843 758985 ==== osd_ping(ping_reply e89090 stamp 2020-04-22 10:43:59.228514) v4 ==== 2004+0+0 (2311076342 0 0) 0x55ffc434ca00 con 0x55ffc0f38000
2020-04-22 10:43:59.230449 7ff8adcfa700  1 -- 128.142.162.30:0/1364636 <== osd.44 128.142.161.220:6891/3219306 758985 ==== osd_ping(ping_reply e89090 stamp 2020-04-22 10:43:59.228514) v4 ==== 2004+0+0 (2311076342 0 0) 0x55ffdc8d2200 con 0x55ffdc4d9000
2020-04-22 10:43:59.230476 7ff8ae4fb700  1 -- 128.142.162.30:0/1364636 <== osd.44 128.142.161.220:6890/3219306 758985 ==== osd_ping(ping_reply e89090 stamp 2020-04-22 10:43:59.228514) v4 ==== 2004+0+0 (2311076342 0 0) 0x55ffc434ca00 con 0x55ffcb564800
2020-04-22 10:43:59.230476 7ff8adcfa700  1 -- 128.142.162.30:0/1364636 <== osd.56 128.142.162.21:6803/2647843 758985 ==== osd_ping(ping_reply e89090 stamp 2020-04-22 10:43:59.228514) v4 ==== 2004+0+0 (2311076342 0 0) 0x55ffdc8d2200 con 0x55ffe9a8a000
2020-04-22 10:43:59.230500 7ff8ae4fb700  1 -- 128.142.162.30:0/1364636 <== osd.59 128.142.161.225:6870/3706833 758985 ==== osd_ping(ping_reply e89090 stamp 2020-04-22 10:43:59.228514) v4 ==== 2004+0+0 (2311076342 0 0) 0x55ffc434ca00 con 0x55ffe163d800
2020-04-22 10:43:59.230502 7ff8adcfa700  1 -- 128.142.162.30:0/1364636 <== osd.55 128.142.162.21:6882/2647848 758985 ==== osd_ping(ping_reply e89090 stamp 2020-04-22 10:43:59.228514) v4 ==== 2004+0+0 (2311076342 0 0) 0x55ffdc8d2200 con 0x55ffe03fe000
