2020-04-22 10:43:59.230524 7ff8ae4fb700  1 -- 128.142.162.30:0/1364636 <== osd.93 128.142.162.30:6854/3364634 758987 ==== osd_ping(ping_reply e89090 stamp 2020-04-22 10:43:59.228514) v4 ==== 2004+0+0 (2311076342 0 0) 0x55ffc434ca00 con 0x55ffdf434000
2020-04-22 10:43:59.230527 7ff8adcfa700  1 -- 128.142.162.30:0/1364636 <== osd.69 128.142.162.21:6859/2647839 758985 ==== osd_ping(ping_reply e89090 stamp 2020-04-22 10:43:59.228514) v4 ==== 2004+0+0 (2311076342 0 0) 0x55ffdc8d2200 con 0x55ffe125b800
2020-04-22 10:43:59.230549 7ff8ae4fb700  1 -- 128.142.162.30:0/1364636 <== osd.69 128.142.162.21:6858/2647839 758985 ==== osd_ping(ping_reply e89090 stamp 2020-04-22 10:43:59.228514) v4 ==== 2004+0+0 (2311076342 0 0) 0x55ffc434ca00 con 0x55ffec207800
2020-04-22 10:43:59.230553 7ff8adcfa700  1 -- 128.142.162.30:0/1364636 <== osd.71 128.142.161.225:6819/3706886 758985 ==== osd_ping(ping_reply e89090 stamp 2020-04-22 10:43:59.228514) v4 ==== 2004+0+0 (2311076342 0 0) 0x55ffdc8d2200 con 0x55ffc994c000
2020-04-22 10:43:59.230573 7ff8ae4fb700  1 -- 128.142.162.30:0/1364636 <== osd.71 128.142.161.225:6816/3706886 758985 ==== osd_ping(ping_reply e89090 stamp 2020-04-22 10:43:59.228514) v4 ==== 2004+0+0 (2311076342 0 0) 0x55ffc434ca00 con 0x55ffe31a9800
2020-04-22 10:43:59.230576 7ff8adcfa700  1 -- 128.142.162.30:0/1364636 <== osd.62 128.142.162.21:6852/2647834 758985 ==== osd_ping(ping_reply e89090 stamp 2020-04-22 10:43:59.228514) v4 ==== 2004+0+0 (2311076342 0 0) 0x55ffdc8d2200 con 0x55ffe3a31800
2020-04-22 10:43:59.230596 7ff8ae4fb700  1 -- 128.142.162.30:0/1364636 <== osd.93 128.142.162.30:6868/3364634 758987 ==== osd_ping(ping_reply e89090 stamp 2020-04-22 10:43:59.228514) v4 ==== 2004+0+0 (2311076342 0 0) 0x55ffc434ca00 con 0x55ffd9383000
2020-04-22 10:43:59.230598 7ff8adcfa700  1 -- 128.142.162.30:0/1364636 <== osd.107 128.142.161.229:6871/3411898 758985 ==== osd_ping(ping_reply e89090 stamp 2020-04-22 10:43:59.228514) v4 ==== 2004+0+0 (2311076342 0 0) 0x55ffdc8d2200 con 0x55ffc0635000
2020-04-22 10:43:59.230621 7ff8adcfa700  1 -- 128.142.162.30:0/1364636 <== osd.112 128.142.161.222:6814/5105780 758985 ==== osd_ping(ping_reply e89090 stamp 2020-04-22 10:43:59.228514) v4 ==== 2004+0+0 (2311076342 0 0) 0x55ffdc8d2200 con 0x55ffe1772800
2020-04-22 10:43:59.230621 7ff8ae4fb700  1 -- 128.142.162.30:0/1364636 <== osd.91 128.142.162.30:6888/3364650 758987 ==== osd_ping(ping_reply e89090 stamp 2020-04-22 10:43:59.228514) v4 ==== 2004+0+0 (2311076342 0 0) 0x55ffc434ca00 con 0x55ffe3794800
2020-04-22 10:43:59.230648 7ff8ae4fb700  1 -- 128.142.162.30:0/1364636 <== osd.95 128.142.162.30:6829/2367875 758984 ==== osd_ping(ping_reply e89090 stamp 2020-04-22 10:43:59.228514) v4 ==== 2004+0+0 (2311076342 0 0) 0x55ffc434ca00 con 0x55ffe163f000
2020-04-22 10:43:59.230662 7ff8adcfa700  1 -- 128.142.162.30:0/1364636 <== osd.141 128.142.161.229:6875/3411859 758985 ==== osd_ping(ping_reply e89090 stamp 2020-04-22 10:43:59.228514) v4 ==== 2004+0+0 (2311076342 0 0) 0x55ffdc8d2200 con 0x55ffd49b3000
2020-04-22 10:43:59.230690 7ff8adcfa700  1 -- 128.142.162.30:0/1364636 <== osd.113 128.142.161.229:6859/3411880 758985 ==== osd_ping(ping_reply e89090 stamp 2020-04-22 10:43:59.228514) v4 ==== 2004+0+0 (2311076342 0 0) 0x55ffdc8d2200 con 0x55ffc0f3b000
2020-04-22 10:43:59.230688 7ff8ae4fb700  1 -- 128.142.162.30:0/1364636 <== osd.95 128.142.162.30:6832/2367875 758984 ==== osd_ping(ping_reply e89090 stamp 2020-04-22 10:43:59.228514) v4 ==== 2004+0+0 (2311076342 0 0) 0x55ffc434ca00 con 0x55ffc9734000
2020-04-22 10:43:59.230714 7ff8adcfa700  1 -- 128.142.162.30:0/1364636 <== osd.146 128.142.23.55:6852/2802022 758985 ==== osd_ping(ping_reply e89090 stamp 2020-04-22 10:43:59.228514) v4 ==== 2004+0+0 (2311076342 0 0) 0x55ffdc8d2200 con 0x55ffeeb70800
2020-04-22 10:43:59.230717 7ff8ae4fb700  1 -- 128.142.162.30:0/1364636 <== osd.98 128.142.161.222:6842/5105806 758987 ==== osd_ping(ping_reply e89090 stamp 2020-04-22 10:43:59.228514) v4 ==== 2004+0+0 (2311076342 0 0) 0x55ffc434ca00 con 0x55ffc0f3c800
2020-04-22 10:43:59.230739 7ff8adcfa700  1 -- 128.142.162.30:0/1364636 <== osd.187 128.142.23.42:6866/4266020 758985 ==== osd_ping(ping_reply e89090 stamp 2020-04-22 10:43:59.228514) v4 ==== 2004+0+0 (2311076342 0 0) 0x55ffdc8d2200 con 0x55ffd813d800
2020-04-22 10:43:59.230744 7ff8ae4fb700  1 -- 128.142.162.30:0/1364636 <== osd.98 128.142.161.222:6843/5105806 758987 ==== osd_ping(ping_reply e89090 stamp 2020-04-22 10:43:59.228514) v4 ==== 2004+0+0 (2311076342 0 0) 0x55ffc434ca00 con 0x55ffc0c07800
2020-04-22 10:43:59.230764 7ff8adcfa700  1 -- 128.142.162.30:0/1364636 <== osd.189 128.142.23.48:6874/2918715 758985 ==== osd_ping(ping_reply e89090 stamp 2020-04-22 10:43:59.228514) v4 ==== 2004+0+0 (2311076342 0 0) 0x55ffdc8d2200 con 0x55ffe8f11800
2020-04-22 10:43:59.230776 7ff8ae4fb700  1 -- 128.142.162.30:0/1364636 <== osd.99 128.142.161.229:6803/3411896 758987 ==== osd_ping(ping_reply e89090 stamp 2020-04-22 10:43:59.228514) v4 ==== 2004+0+0 (2311076342 0 0) 0x55ffc434ca00 con 0x55ffc06b7800
2020-04-22 10:43:59.230798 7ff8adcfa700  1 -- 128.142.162.30:0/1364636 <== osd.177 128.142.23.41:6862/3058112 758985 ==== osd_ping(ping_reply e89090 stamp 2020-04-22 10:43:59.228514) v4 ==== 2004+0+0 (2311076342 0 0) 0x55ffdc8d2200 con 0x55ffe5d62800
2020-04-22 10:43:59.230799 7ff8ae4fb700  1 -- 128.142.162.30:0/1364636 <== osd.99 128.142.161.229:6805/3411896 758987 ==== osd_ping(ping_reply e89090 stamp 2020-04-22 10:43:59.228514) v4 ==== 2004+0+0 (2311076342 0 0) 0x55ffc434ca00 con 0x55ffc0633800
2020-04-22 10:43:59.230827 7ff8ae4fb700  1 -- 128.142.162.30:0/1364636 <== osd.113 128.142.161.229:6857/3411880 758985 ==== osd_ping(ping_reply e89090 stamp 2020-04-22 10:43:59.228514) v4 ==== 2004+0+0 (2311076342 0 0) 0x55ffc434ca00 con 0x55ffc2b97000
2020-04-22 10:43:59.230827 7ff8adcfa700  1 -- 128.142.162.30:0/1364636 <== osd.194 128.142.23.55:6809/2802094 758985 ==== osd_ping(ping_reply e89090 stamp 2020-04-22 10:43:59.228514) v4 ==== 2004+0+0 (2311076342 0 0) 0x55ffdc8d2200 con 0x55ffc145a000
2020-04-22 10:43:59.230850 7ff8ae4fb700  1 -- 128.142.162.30:0/1364636 <== osd.107 128.142.161.229:6869/3411898 758985 ==== osd_ping(ping_reply e89090 stamp 2020-04-22 10:43:59.228514) v4 ==== 2004+0+0 (2311076342 0 0) 0x55ffc434ca00 con 0x55ffc9983000
2020-04-22 10:43:59.230853 7ff8adcfa700  1 -- 128.142.162.30:0/1364636 <== osd.214 128.142.23.48:6818/2918678 758985 ==== osd_ping(ping_reply e89090 stamp 2020-04-22 10:43:59.228514) v4 ==== 2004+0+0 (2311076342 0 0) 0x55ffdc8d2200 con 0x55ffd94b7800
2020-04-22 10:43:59.230875 7ff8ae4fb700  1 -- 128.142.162.30:0/1364636 <== osd.135 128.142.161.229:6887/3411837 758985 ==== osd_ping(ping_reply e89090 stamp 2020-04-22 10:43:59.228514) v4 ==== 2004+0+0 (2311076342 0 0) 0x55ffc434ca00 con 0x55ffe9688800
2020-04-22 10:43:59.230875 7ff8adcfa700  1 -- 128.142.162.30:0/1364636 <== osd.209 128.142.23.55:6815/2802111 758985 ==== osd_ping(ping_reply e89090 stamp 2020-04-22 10:43:59.228514) v4 ==== 2004+0+0 (2311076342 0 0) 0x55ffdc8d2200 con 0x55ffe176e000
2020-04-22 10:43:59.230900 7ff8ae4fb700  1 -- 128.142.162.30:0/1364636 <== osd.139 128.142.161.229:6895/3411849 758985 ==== osd_ping(ping_reply e89090 stamp 2020-04-22 10:43:59.228514) v4 ==== 2004+0+0 (2311076342 0 0) 0x55ffc434ca00 con 0x55fff0c91000
2020-04-22 10:43:59.230908 7ff8adcfa700  1 -- 128.142.162.30:0/1364636 <== osd.219 128.142.23.41:6853/3058158 758985 ==== osd_ping(ping_reply e89090 stamp 2020-04-22 10:43:59.228514) v4 ==== 2004+0+0 (2311076342 0 0) 0x55ffdc8d2200 con 0x55ffce70b800
2020-04-22 10:43:59.230922 7ff8ae4fb700  1 -- 128.142.162.30:0/1364636 <== osd.137 128.142.161.229:6841/3411886 758985 ==== osd_ping(ping_reply e89090 stamp 2020-04-22 10:43:59.228514) v4 ==== 2004+0+0 (2311076342 0 0) 0x55ffc434ca00 con 0x55ffff3b9000
2020-04-22 10:43:59.230929 7ff8adcfa700  1 -- 128.142.162.30:0/1364636 <== osd.237 128.142.23.41:6810/3058101 758985 ==== osd_ping(ping_reply e89090 stamp 2020-04-22 10:43:59.228514) v4 ==== 2004+0+0 (2311076342 0 0) 0x55ffdc8d2200 con 0x55ffc3317800
2020-04-22 10:43:59.230942 7ff8ae4fb700  1 -- 128.142.162.30:0/1364636 <== osd.141 128.142.161.229:6874/3411859 758985 ==== osd_ping(ping_reply e89090 stamp 2020-04-22 10:43:59.228514) v4 ==== 2004+0+0 (2311076342 0 0) 0x55ffc434ca00 con 0x55fffd20f800
2020-04-22 10:43:59.230947 7ff8adcfa700  1 -- 128.142.162.30:0/1364636 <== osd.242 128.142.23.50:6863/2683810 758985 ==== osd_ping(ping_reply e89090 stamp 2020-04-22 10:43:59.228514) v4 ==== 2004+0+0 (2311076342 0 0) 0x55ffdc8d2200 con 0x55ffc3319000
2020-04-22 10:43:59.230963 7ff8ae4fb700  1 -- 128.142.162.30:0/1364636 <== osd.182 128.142.23.50:6815/2683755 758985 ==== osd_ping(ping_reply e89090 stamp 2020-04-22 10:43:59.228514) v4 ==== 2004+0+0 (2311076342 0 0) 0x55ffc434ca00 con 0x55ffd1ff9000
2020-04-22 10:43:59.230966 7ff8adcfa700  1 -- 128.142.162.30:0/1364636 <== osd.238 128.142.23.50:6803/2683881 758985 ==== osd_ping(ping_reply e89090 stamp 2020-04-22 10:43:59.228514) v4 ==== 2004+0+0 (2311076342 0 0) 0x55ffdc8d2200 con 0x55ffc10aa800
2020-04-22 10:43:59.230986 7ff8ae4fb700  1 -- 128.142.162.30:0/1364636 <== osd.180 128.142.23.41:6827/3058089 758985 ==== osd_ping(ping_reply e89090 stamp 2020-04-22 10:43:59.228514) v4 ==== 2004+0+0 (2311076342 0 0) 0x55ffc434ca00 con 0x55ffe3035000
2020-04-22 10:43:59.230989 7ff8adcfa700  1 -- 128.142.162.30:0/1364636 <== osd.243 128.142.23.41:6839/3058064 758985 ==== osd_ping(ping_reply e89090 stamp 2020-04-22 10:43:59.228514) v4 ==== 2004+0+0 (2311076342 0 0) 0x55ffdc8d2200 con 0x55ffc1070000
2020-04-22 10:43:59.231015 7ff8ae4fb700  1 -- 128.142.162.30:0/1364636 <== osd.183 128.142.23.41:6859/3058067 758985 ==== osd_ping(ping_reply e89090 stamp 2020-04-22 10:43:59.228514) v4 ==== 2004+0+0 (2311076342 0 0) 0x55ffc434ca00 con 0x55ffeb89a000
2020-04-22 10:43:59.231015 7ff8adcfa700  1 -- 128.142.162.30:0/1364636 <== osd.252 128.142.23.53:6862/2376099 758985 ==== osd_ping(ping_reply e89090 stamp 2020-04-22 10:43:59.228514) v4 ==== 2004+0+0 (2311076342 0 0) 0x55ffdc8d2200 con 0x55ffd153e000
2020-04-22 10:43:59.231046 7ff8ae4fb700  1 -- 128.142.162.30:0/1364636 <== osd.146 128.142.23.55:6850/2802022 758985 ==== osd_ping(ping_reply e89090 stamp 2020-04-22 10:43:59.228514) v4 ==== 2004+0+0 (2311076342 0 0) 0x55ffc434ca00 con 0x55ffeebd9800
2020-04-22 10:43:59.231047 7ff8adcfa700  1 -- 128.142.162.30:0/1364636 <== osd.255 128.142.23.53:6806/2376034 758985 ==== osd_ping(ping_reply e89090 stamp 2020-04-22 10:43:59.228514) v4 ==== 2004+0+0 (2311076342 0 0) 0x55ffdc8d2200 con 0x55ffd6c36800
2020-04-22 10:43:59.231072 7ff8adcfa700  1 -- 128.142.162.30:0/1364636 <== osd.261 128.142.23.53:6838/2376126 758985 ==== osd_ping(ping_reply e89090 stamp 2020-04-22 10:43:59.228514) v4 ==== 2004+0+0 (2311076342 0 0) 0x55ffdc8d2200 con 0x55ffc22c6800
2020-04-22 10:43:59.231071 7ff8ae4fb700  1 -- 128.142.162.30:0/1364636 <== osd.170 128.142.23.50:6834/2683838 758985 ==== osd_ping(ping_reply e89090 stamp 2020-04-22 10:43:59.228514) v4 ==== 2004+0+0 (2311076342 0 0) 0x55ffc434ca00 con 0x55ffe3793000
2020-04-22 10:43:59.231097 7ff8ae4fb700  1 -- 128.142.162.30:0/1364636 <== osd.196 128.142.23.53:6875/2376091 758985 ==== osd_ping(ping_reply e89090 stamp 2020-04-22 10:43:59.228514) v4 ==== 2004+0+0 (2311076342 0 0) 0x55ffc434ca00 con 0x55ffc0d66800
2020-04-22 10:43:59.231112 7ff8ae4fb700  1 -- 128.142.162.30:0/1364636 <== osd.194 128.142.23.55:6842/2802094 758985 ==== osd_ping(ping_reply e89090 stamp 2020-04-22 10:43:59.228514) v4 ==== 2004+0+0 (2311076342 0 0) 0x55ffc434ca00 con 0x55ffefbdb800
2020-04-22 10:43:59.231124 7ff8ae4fb700  1 -- 128.142.162.30:0/1364636 <== osd.209 128.142.23.55:6814/2802111 758985 ==== osd_ping(ping_reply e89090 stamp 2020-04-22 10:43:59.228514) v4 ==== 2004+0+0 (2311076342 0 0) 0x55ffc434ca00 con 0x55ffe1d99000
2020-04-22 10:43:59.231135 7ff8ae4fb700  1 -- 128.142.162.30:0/1364636 <== osd.219 128.142.23.41:6851/3058158 758985 ==== osd_ping(ping_reply e89090 stamp 2020-04-22 10:43:59.228514) v4 ==== 2004+0+0 (2311076342 0 0) 0x55ffc434ca00 con 0x55ffc2969000
2020-04-22 10:43:59.231147 7ff8ae4fb700  1 -- 128.142.162.30:0/1364636 <== osd.243 128.142.23.41:6838/3058064 758985 ==== osd_ping(ping_reply e89090 stamp 2020-04-22 10:43:59.228514) v4 ==== 2004+0+0 (2311076342 0 0) 0x55ffc434ca00 con 0x55ffc99d6800
2020-04-22 10:43:59.231159 7ff8ae4fb700  1 -- 128.142.162.30:0/1364636 <== osd.225 128.142.23.41:6815/3058059 758985 ==== osd_ping(ping_reply e89090 stamp 2020-04-22 10:43:59.228514) v4 ==== 2004+0+0 (2311076342 0 0) 0x55ffc434ca00 con 0x55ffe45a4000
2020-04-22 10:43:59.231171 7ff8ae4fb700  1 -- 128.142.162.30:0/1364636 <== osd.238 128.142.23.50:6802/2683881 758985 ==== osd_ping(ping_reply e89090 stamp 2020-04-22 10:43:59.228514) v4 ==== 2004+0+0 (2311076342 0 0) 0x55ffc434ca00 con 0x55ffc45b6800
2020-04-22 10:43:59.231183 7ff8ae4fb700  1 -- 128.142.162.30:0/1364636 <== osd.262 128.142.23.48:6838/2918780 758985 ==== osd_ping(ping_reply e89090 stamp 2020-04-22 10:43:59.228514) v4 ==== 2004+0+0 (2311076342 0 0) 0x55ffc434ca00 con 0x55ffe1d96000
2020-04-22 10:43:59.231194 7ff8ae4fb700  1 -- 128.142.162.30:0/1364636 <== osd.222 128.142.23.41:6802/3058188 758985 ==== osd_ping(ping_reply e89090 stamp 2020-04-22 10:43:59.228514) v4 ==== 2004+0+0 (2311076342 0 0) 0x55ffc434ca00 con 0x55ffc70b9000
2020-04-22 10:43:59.231206 7ff8ae4fb700  1 -- 128.142.162.30:0/1364636 <== osd.252 128.142.23.53:6860/2376099 758985 ==== osd_ping(ping_reply e89090 stamp 2020-04-22 10:43:59.228514) v4 ==== 2004+0+0 (2311076342 0 0) 0x55ffc434ca00 con 0x55ffd950a800
2020-04-22 10:43:59.261237 7ff893cf7700  1 -- 128.142.162.30:6839/2364636 --> 128.142.23.41:6813/3058059 -- replica_scrub(pg: 1.62b,from:0'0,to:0'0,epoch:89090/88802,start:1:d4730d4b:::200006314f7.00000000:0,end:1:d4730d6b:fsvolumens_303fadd2-188b-4d27-984b-cc91bdfbbb73::1002c1fc320.0000001c:0,chunky:1,deep:0,version:9,allow_preemption:1,priority=5) v9 -- 0x55ffee8aadc0 con 0
2020-04-22 10:43:59.261268 7ff893cf7700  1 -- 128.142.162.30:6839/2364636 --> 128.142.23.53:6837/2376126 -- replica_scrub(pg: 1.62b,from:0'0,to:0'0,epoch:89090/88802,start:1:d4730d4b:::200006314f7.00000000:0,end:1:d4730d6b:fsvolumens_303fadd2-188b-4d27-984b-cc91bdfbbb73::1002c1fc320.0000001c:0,chunky:1,deep:0,version:9,allow_preemption:1,priority=5) v9 -- 0x55ffd3714000 con 0
2020-04-22 10:43:59.261903 7ff8adcfa700  1 -- 128.142.162.30:6839/2364636 <== osd.225 128.142.23.41:6813/3058059 885063 ==== rep_scrubmap(1.62b e88802 from shard 225) v2 ==== 40+0+2626 (1919878307 0 1174215757) 0x55ffe5246240 con 0x55ffc516f800
2020-04-22 10:43:59.262009 7ff8aecfc700  1 -- 128.142.162.30:6839/2364636 <== osd.261 128.142.23.53:6837/2376126 885059 ==== rep_scrubmap(1.62b e88802 from shard 261) v2 ==== 40+0+2626 (1869850312 0 1174215757) 0x55ffdf560d80 con 0x55ffc512a000
2020-04-22 10:43:59.269080 7ff8ae4fb700  1 -- 128.142.162.30:6845/2364636 <== osd.113 128.142.161.229:0/2411880 759662 ==== osd_ping(ping e89090 stamp 2020-04-22 10:43:59.267720) v4 ==== 2004+0+0 (3073048458 0 0) 0x55ffc434ca00 con 0x55ffdd523000
2020-04-22 10:43:59.269085 7ff8aecfc700  1 -- 128.142.162.30:6842/2364636 <== osd.113 128.142.161.229:0/2411880 759662 ==== osd_ping(ping e89090 stamp 2020-04-22 10:43:59.267720) v4 ==== 2004+0+0 (3073048458 0 0) 0x55ffbf6f0800 con 0x55ffcb8e8800
2020-04-22 10:43:59.269098 7ff8ae4fb700  1 -- 128.142.162.30:6845/2364636 --> 128.142.161.229:0/2411880 -- osd_ping(ping_reply e89090 stamp 2020-04-22 10:43:59.267720) v4 -- 0x55ffb9c48e00 con 0
2020-04-22 10:43:59.269119 7ff8aecfc700  1 -- 128.142.162.30:6842/2364636 --> 128.142.161.229:0/2411880 -- osd_ping(ping_reply e89090 stamp 2020-04-22 10:43:59.267720) v4 -- 0x55ffd3a51200 con 0
2020-04-22 10:43:59.322581 7ff8adcfa700  1 -- 128.142.162.30:6842/2364636 <== osd.199 128.142.23.53:0/1376038 758591 ==== osd_ping(ping e89090 stamp 2020-04-22 10:43:59.321537) v4 ==== 2004+0+0 (3428721999 0 0) 0x55ffdc8d2200 con 0x55ffb9fe0000
2020-04-22 10:43:59.322599 7ff8adcfa700  1 -- 128.142.162.30:6842/2364636 --> 128.142.23.53:0/1376038 -- osd_ping(ping_reply e89090 stamp 2020-04-22 10:43:59.321537) v4 -- 0x55ffcc839800 con 0
2020-04-22 10:43:59.322635 7ff8ae4fb700  1 -- 128.142.162.30:6845/2364636 <== osd.199 128.142.23.53:0/1376038 758591 ==== osd_ping(ping e89090 stamp 2020-04-22 10:43:59.321537) v4 ==== 2004+0+0 (3428721999 0 0) 0x55ffeda5c400 con 0x55ffe565f800
2020-04-22 10:43:59.322654 7ff8ae4fb700  1 -- 128.142.162.30:6845/2364636 --> 128.142.23.53:0/1376038 -- osd_ping(ping_reply e89090 stamp 2020-04-22 10:43:59.321537) v4 -- 0x55ffb9c48e00 con 0
2020-04-22 10:43:59.327343 7ff8adcfa700  1 -- 128.142.162.30:6842/2364636 <== osd.138 128.142.161.222:0/4105813 759296 ==== osd_ping(ping e89090 stamp 2020-04-22 10:43:59.326284) v4 ==== 2004+0+0 (2939163489 0 0) 0x56000740ae00 con 0x55ffd251a000
2020-04-22 10:43:59.327358 7ff8ae4fb700  1 -- 128.142.162.30:6845/2364636 <== osd.138 128.142.161.222:0/4105813 759296 ==== osd_ping(ping e89090 stamp 2020-04-22 10:43:59.326284) v4 ==== 2004+0+0 (2939163489 0 0) 0x55ffc434ca00 con 0x55ffc11b0000
2020-04-22 10:43:59.327365 7ff8adcfa700  1 -- 128.142.162.30:6842/2364636 --> 128.142.161.222:0/4105813 -- osd_ping(ping_reply e89090 stamp 2020-04-22 10:43:59.326284) v4 -- 0x55ffcc839800 con 0
2020-04-22 10:43:59.327393 7ff8ae4fb700  1 -- 128.142.162.30:6845/2364636 --> 128.142.161.222:0/4105813 -- osd_ping(ping_reply e89090 stamp 2020-04-22 10:43:59.326284) v4 -- 0x55ffb9c48e00 con 0
2020-04-22 10:43:59.354756 7ff8ae4fb700  1 -- 128.142.162.30:6842/2364636 <== osd.174 128.142.23.41:0/2058146 758996 ==== osd_ping(ping e89090 stamp 2020-04-22 10:43:59.354073) v4 ==== 2004+0+0 (3246611273 0 0) 0x55ffeda5c400 con 0x55ffe31ab000
2020-04-22 10:43:59.354756 7ff8aecfc700  1 -- 128.142.162.30:6845/2364636 <== osd.174 128.142.23.41:0/2058146 758996 ==== osd_ping(ping e89090 stamp 2020-04-22 10:43:59.354073) v4 ==== 2004+0+0 (3246611273 0 0) 0x55ffb52b8600 con 0x55ffd3757800
2020-04-22 10:43:59.354780 7ff8ae4fb700  1 -- 128.142.162.30:6842/2364636 --> 128.142.23.41:0/2058146 -- osd_ping(ping_reply e89090 stamp 2020-04-22 10:43:59.354073) v4 -- 0x55ffb9c48e00 con 0
2020-04-22 10:43:59.354850 7ff8aecfc700  1 -- 128.142.162.30:6845/2364636 --> 128.142.23.41:0/2058146 -- osd_ping(ping_reply e89090 stamp 2020-04-22 10:43:59.354073) v4 -- 0x55ffd3a51200 con 0
2020-04-22 10:43:59.363065 7ff893cf7700  1 -- 128.142.162.30:6839/2364636 --> 128.142.23.41:6813/3058059 -- replica_scrub(pg: 1.62b,from:0'0,to:0'0,epoch:89090/88802,start:1:d4730d6b:fsvolumens_303fadd2-188b-4d27-984b-cc91bdfbbb73::1002c1fc320.0000001c:0,end:1:d4730d9a:fsvolumens_3ad6676d-666c-479c-afd3-5afe8816d5df::4000b54959e.00000000:0,chunky:1,deep:0,version:9,allow_preemption:1,priority=5) v9 -- 0x55ffe6efdb80 con 0
2020-04-22 10:43:59.363096 7ff893cf7700  1 -- 128.142.162.30:6839/2364636 --> 128.142.23.53:6837/2376126 -- replica_scrub(pg: 1.62b,from:0'0,to:0'0,epoch:89090/88802,start:1:d4730d6b:fsvolumens_303fadd2-188b-4d27-984b-cc91bdfbbb73::1002c1fc320.0000001c:0,end:1:d4730d9a:fsvolumens_3ad6676d-666c-479c-afd3-5afe8816d5df::4000b54959e.00000000:0,chunky:1,deep:0,version:9,allow_preemption:1,priority=5) v9 -- 0x55ffcb05edc0 con 0
2020-04-22 10:43:59.363821 7ff8aecfc700  1 -- 128.142.162.30:6839/2364636 <== osd.261 128.142.23.53:6837/2376126 885060 ==== rep_scrubmap(1.62b e88802 from shard 261) v2 ==== 40+0+1821 (1869850312 0 494911085) 0x55fff02cc900 con 0x55ffc512a000
2020-04-22 10:43:59.363902 7ff8adcfa700  1 -- 128.142.162.30:6839/2364636 <== osd.225 128.142.23.41:6813/3058059 885064 ==== rep_scrubmap(1.62b e88802 from shard 225) v2 ==== 40+0+1821 (1919878307 0 494911085) 0x55ffdc882480 con 0x55ffc516f800
2020-04-22 10:43:59.414119 7ff8aecfc700  1 -- 128.142.162.30:6842/2364636 <== osd.93 128.142.162.30:0/1364634 758779 ==== osd_ping(ping e89090 stamp 2020-04-22 10:43:59.413106) v4 ==== 2004+0+0 (3627430292 0 0) 0x55ffbf6f0800 con 0x55ffc2e19800
2020-04-22 10:43:59.414135 7ff8aecfc700  1 -- 128.142.162.30:6842/2364636 --> 128.142.162.30:0/1364634 -- osd_ping(ping_reply e89090 stamp 2020-04-22 10:43:59.413106) v4 -- 0x55ffd3a51200 con 0
2020-04-22 10:43:59.414215 7ff8adcfa700  1 -- 128.142.162.30:6845/2364636 <== osd.93 128.142.162.30:0/1364634 758779 ==== osd_ping(ping e89090 stamp 2020-04-22 10:43:59.413106) v4 ==== 2004+0+0 (3627430292 0 0) 0x55ffdc8d2200 con 0x55fff685f000
2020-04-22 10:43:59.414233 7ff8adcfa700  1 -- 128.142.162.30:6845/2364636 --> 128.142.162.30:0/1364634 -- osd_ping(ping_reply e89090 stamp 2020-04-22 10:43:59.413106) v4 -- 0x55ffcc839800 con 0
2020-04-22 10:43:59.416740 7ff8adcfa700  1 -- 128.142.162.30:6839/2364636 <== osd.24 128.142.161.225:6889/3706888 1931844 ==== osd_repop(mds.6.230348:452341734 2.3c5 e89090/88802) v2 ==== 1010+0+1571 (1106388879 0 1680814499) 0x55fff5239e00 con 0x55ffd94ba800
2020-04-22 10:43:59.416891 7ff8adcfa700  1 -- 128.142.162.30:6839/2364636 <== osd.11 128.142.161.225:6801/3706890 589416 ==== osd_repop(mds.6.230348:452341738 2.4 e89090/88802) v2 ==== 1010+0+1589 (1484946392 0 3938571654) 0x55ffb271d000 con 0x55ffc0302000
2020-04-22 10:43:59.417226 7ff8a0510700  1 -- 128.142.162.30:6839/2364636 --> 128.142.161.225:6889/3706888 -- osd_repop_reply(mds.6.230348:452341734 2.3c5 e89090/88802 ondisk, result = 0) v2 -- 0x55ffd29ef180 con 0
2020-04-22 10:43:59.417365 7ff8a0510700  1 -- 128.142.162.30:6839/2364636 --> 128.142.161.225:6801/3706890 -- osd_repop_reply(mds.6.230348:452341738 2.4 e89090/88802 ondisk, result = 0) v2 -- 0x55ffbe950500 con 0
2020-04-22 10:43:59.418008 7ff8adcfa700  1 -- 128.142.162.30:6839/2364636 <== osd.238 128.142.23.50:6801/2683881 702811 ==== osd_repop(mds.6.230348:452341750 2.37d e89090/88802) v2 ==== 1010+0+1571 (3334071289 0 60018704) 0x55fff6bf3000 con 0x55ffe5662800
2020-04-22 10:43:59.418383 7ff8a0510700  1 -- 128.142.162.30:6839/2364636 --> 128.142.23.50:6801/2683881 -- osd_repop_reply(mds.6.230348:452341750 2.37d e89090/88802 ondisk, result = 0) v2 -- 0x55ffb11e5680 con 0
2020-04-22 10:43:59.464501 7ff893cf7700  1 -- 128.142.162.30:6839/2364636 --> 128.142.23.41:6813/3058059 -- replica_scrub(pg: 1.62b,from:0'0,to:0'0,epoch:89090/88802,start:1:d4730d9a:fsvolumens_3ad6676d-666c-479c-afd3-5afe8816d5df::4000b54959e.00000000:0,end:1:d4730dbf:fsvolumens_77d1af46-c893-4b94-8dc7-25989669255f::10025bfb51f.0000008d:0,chunky:1,deep:0,version:9,allow_preemption:1,priority=5) v9 -- 0x55ffce9c0000 con 0
2020-04-22 10:43:59.464538 7ff893cf7700  1 -- 128.142.162.30:6839/2364636 --> 128.142.23.53:6837/2376126 -- replica_scrub(pg: 1.62b,from:0'0,to:0'0,epoch:89090/88802,start:1:d4730d9a:fsvolumens_3ad6676d-666c-479c-afd3-5afe8816d5df::4000b54959e.00000000:0,end:1:d4730dbf:fsvolumens_77d1af46-c893-4b94-8dc7-25989669255f::10025bfb51f.0000008d:0,chunky:1,deep:0,version:9,allow_preemption:1,priority=5) v9 -- 0x55ffe1f8d080 con 0
2020-04-22 10:43:59.465055 7ff8adcfa700  1 -- 128.142.162.30:6839/2364636 <== osd.225 128.142.23.41:6813/3058059 885065 ==== rep_scrubmap(1.62b e88802 from shard 225) v2 ==== 40+0+2139 (1919878307 0 914760093) 0x55ffb30cd440 con 0x55ffc516f800
2020-04-22 10:43:59.465246 7ff8aecfc700  1 -- 128.142.162.30:6839/2364636 <== osd.261 128.142.23.53:6837/2376126 885061 ==== rep_scrubmap(1.62b e88802 from shard 261) v2 ==== 40+0+2139 (1869850312 0 914760093) 0x55ffff3a0000 con 0x55ffc512a000
2020-04-22 10:43:59.482044 7ff8aecfc700  1 -- 128.142.162.30:6824/1364636 >> 188.185.70.130:0/3554702921 conn(0x55fff9fb5000 :6824 s=STATE_OPEN pgs=1689089 cs=1 l=1).tick idle(60000724) more than 60000000 us, mark self fault.
2020-04-22 10:43:59.482055 7ff8aecfc700  1 -- 128.142.162.30:6824/1364636 >> 188.185.70.130:0/3554702921 conn(0x55fff9fb5000 :6824 s=STATE_OPEN pgs=1689089 cs=1 l=1).fault on lossy channel, failing
2020-04-22 10:43:59.483075 7ff8aecfc700  1 -- 128.142.162.30:6824/1364636 >> - conn(0x55ffe50f1800 :6824 s=STATE_ACCEPTING pgs=0 cs=0 l=0)._process_connection sd=386 -
2020-04-22 10:43:59.537823 7ff8aecfc700  1 -- 128.142.162.30:6839/2364636 <== osd.44 128.142.161.220:6889/3219306 681942 ==== osd_repop(client.108811324.0:1147486 1.20 e89090/88802) v2 ==== 1104+0+142227 (3132576784 0 71538225) 0x55ffdc151800 con 0x55ffdcb76000
2020-04-22 10:43:59.558145 7ff8a0510700  1 -- 128.142.162.30:6839/2364636 --> 128.142.161.220:6889/3219306 -- osd_repop_reply(client.108811324.0:1147486 1.20 e89090/88802 ondisk, result = 0) v2 -- 0x55ffd6ceb680 con 0
2020-04-22 10:43:59.566320 7ff893cf7700  1 -- 128.142.162.30:6839/2364636 --> 128.142.23.41:6813/3058059 -- replica_scrub(pg: 1.62b,from:0'0,to:0'0,epoch:89090/88802,start:1:d4730dbf:fsvolumens_77d1af46-c893-4b94-8dc7-25989669255f::10025bfb51f.0000008d:0,end:1:d4730de5:fsvolumens_3ad6676d-666c-479c-afd3-5afe8816d5df::3001bb0c9b8.00000000:0,chunky:1,deep:0,version:9,allow_preemption:1,priority=5) v9 -- 0x55ffbfeecb00 con 0
2020-04-22 10:43:59.566351 7ff893cf7700  1 -- 128.142.162.30:6839/2364636 --> 128.142.23.53:6837/2376126 -- replica_scrub(pg: 1.62b,from:0'0,to:0'0,epoch:89090/88802,start:1:d4730dbf:fsvolumens_77d1af46-c893-4b94-8dc7-25989669255f::10025bfb51f.0000008d:0,end:1:d4730de5:fsvolumens_3ad6676d-666c-479c-afd3-5afe8816d5df::3001bb0c9b8.00000000:0,chunky:1,deep:0,version:9,allow_preemption:1,priority=5) v9 -- 0x55ffc6c08dc0 con 0
2020-04-22 10:43:59.567229 7ff8aecfc700  1 -- 128.142.162.30:6839/2364636 <== osd.261 128.142.23.53:6837/2376126 885062 ==== rep_scrubmap(1.62b e88802 from shard 261) v2 ==== 40+0+1680 (1869850312 0 2571369282) 0x55ffb9da2b40 con 0x55ffc512a000
2020-04-22 10:43:59.567297 7ff8adcfa700  1 -- 128.142.162.30:6839/2364636 <== osd.225 128.142.23.41:6813/3058059 885066 ==== rep_scrubmap(1.62b e88802 from shard 225) v2 ==== 40+0+1680 (1919878307 0 2571369282) 0x55ffd8104b40 con 0x55ffc516f800
2020-04-22 10:43:59.583909 7ff8adcfa700  1 -- 128.142.162.30:6842/2364636 <== osd.33 128.142.162.21:0/1675202 758425 ==== osd_ping(ping e89090 stamp 2020-04-22 10:43:59.582931) v4 ==== 2004+0+0 (2024988978 0 0) 0x56000740ae00 con 0x55ffe164e000
2020-04-22 10:43:59.583929 7ff8adcfa700  1 -- 128.142.162.30:6842/2364636 --> 128.142.162.21:0/1675202 -- osd_ping(ping_reply e89090 stamp 2020-04-22 10:43:59.582931) v4 -- 0x55ffcc839800 con 0
2020-04-22 10:43:59.583998 7ff8aecfc700  1 -- 128.142.162.30:6845/2364636 <== osd.33 128.142.162.21:0/1675202 758425 ==== osd_ping(ping e89090 stamp 2020-04-22 10:43:59.582931) v4 ==== 2004+0+0 (2024988978 0 0) 0x55ffd5bc5200 con 0x55ffb238b800
2020-04-22 10:43:59.584019 7ff8aecfc700  1 -- 128.142.162.30:6845/2364636 --> 128.142.162.21:0/1675202 -- osd_ping(ping_reply e89090 stamp 2020-04-22 10:43:59.582931) v4 -- 0x55ffd3a51200 con 0
2020-04-22 10:43:59.661195 7ff8ae4fb700  1 -- 128.142.162.30:6842/2364636 <== osd.46 128.142.161.225:0/2706881 758710 ==== osd_ping(ping e89090 stamp 2020-04-22 10:43:59.659945) v4 ==== 2004+0+0 (4082642553 0 0) 0x55ffc434ca00 con 0x55ffc7e34000
2020-04-22 10:43:59.661218 7ff8ae4fb700  1 -- 128.142.162.30:6842/2364636 --> 128.142.161.225:0/2706881 -- osd_ping(ping_reply e89090 stamp 2020-04-22 10:43:59.659945) v4 -- 0x55ffb9c48e00 con 0
2020-04-22 10:43:59.661220 7ff8adcfa700  1 -- 128.142.162.30:6845/2364636 <== osd.46 128.142.161.225:0/2706881 758710 ==== osd_ping(ping e89090 stamp 2020-04-22 10:43:59.659945) v4 ==== 2004+0+0 (4082642553 0 0) 0x55ffdc8d2200 con 0x55ffcb354000
2020-04-22 10:43:59.661245 7ff8adcfa700  1 -- 128.142.162.30:6845/2364636 --> 128.142.161.225:0/2706881 -- osd_ping(ping_reply e89090 stamp 2020-04-22 10:43:59.659945) v4 -- 0x55ffcc839800 con 0
2020-04-22 10:43:59.667045 7ff8aecfc700  1 -- 128.142.162.30:6824/1364636 >> 188.184.36.246:0/1592891793 conn(0x55ffc0621000 :6824 s=STATE_OPEN pgs=35844951 cs=1 l=1).tick idle(60000724) more than 60000000 us, mark self fault.
2020-04-22 10:43:59.667055 7ff8aecfc700  1 -- 128.142.162.30:6824/1364636 >> 188.184.36.246:0/1592891793 conn(0x55ffc0621000 :6824 s=STATE_OPEN pgs=35844951 cs=1 l=1).fault on lossy channel, failing
2020-04-22 10:43:59.668054 7ff893cf7700  1 -- 128.142.162.30:6839/2364636 --> 128.142.23.41:6813/3058059 -- replica_scrub(pg: 1.62b,from:0'0,to:0'0,epoch:89090/88802,start:1:d4730de5:fsvolumens_3ad6676d-666c-479c-afd3-5afe8816d5df::3001bb0c9b8.00000000:0,end:1:d4730e2f:::1002a7d7259.00000000:0,chunky:1,deep:0,version:9,allow_preemption:1,priority=5) v9 -- 0x55ffe9e60580 con 0
2020-04-22 10:43:59.668084 7ff893cf7700  1 -- 128.142.162.30:6839/2364636 --> 128.142.23.53:6837/2376126 -- replica_scrub(pg: 1.62b,from:0'0,to:0'0,epoch:89090/88802,start:1:d4730de5:fsvolumens_3ad6676d-666c-479c-afd3-5afe8816d5df::3001bb0c9b8.00000000:0,end:1:d4730e2f:::1002a7d7259.00000000:0,chunky:1,deep:0,version:9,allow_preemption:1,priority=5) v9 -- 0x55ffb808cdc0 con 0
2020-04-22 10:43:59.668151 7ff8aecfc700  1 -- 128.142.162.30:6824/1364636 >> - conn(0x55fff9fb5000 :6824 s=STATE_ACCEPTING pgs=0 cs=0 l=0)._process_connection sd=62 -
2020-04-22 10:43:59.668727 7ff8adcfa700  1 -- 128.142.162.30:6839/2364636 <== osd.225 128.142.23.41:6813/3058059 885067 ==== rep_scrubmap(1.62b e88802 from shard 225) v2 ==== 40+0+2178 (1919878307 0 3688807580) 0x55ffc0ac5d40 con 0x55ffc516f800
2020-04-22 10:43:59.668776 7ff8aecfc700  1 -- 128.142.162.30:6839/2364636 <== osd.261 128.142.23.53:6837/2376126 885063 ==== rep_scrubmap(1.62b e88802 from shard 261) v2 ==== 40+0+2178 (1869850312 0 3688807580) 0x55ffba350fc0 con 0x55ffc512a000
2020-04-22 10:43:59.702200 7ff8ae4fb700  1 -- 128.142.162.30:6845/2364636 <== osd.135 128.142.161.229:0/2411837 759453 ==== osd_ping(ping e89090 stamp 2020-04-22 10:43:59.700965) v4 ==== 2004+0+0 (1172203890 0 0) 0x55ffeda5c400 con 0x55ffc1545800
2020-04-22 10:43:59.702216 7ff8ae4fb700  1 -- 128.142.162.30:6845/2364636 --> 128.142.161.229:0/2411837 -- osd_ping(ping_reply e89090 stamp 2020-04-22 10:43:59.700965) v4 -- 0x55ffb9c48e00 con 0
2020-04-22 10:43:59.702258 7ff8adcfa700  1 -- 128.142.162.30:6842/2364636 <== osd.135 128.142.161.229:0/2411837 759453 ==== osd_ping(ping e89090 stamp 2020-04-22 10:43:59.700965) v4 ==== 2004+0+0 (1172203890 0 0) 0x56000740ae00 con 0x55ffc1654000
2020-04-22 10:43:59.702276 7ff8adcfa700  1 -- 128.142.162.30:6842/2364636 --> 128.142.161.229:0/2411837 -- osd_ping(ping_reply e89090 stamp 2020-04-22 10:43:59.700965) v4 -- 0x55ffcc839800 con 0
2020-04-22 10:43:59.769535 7ff893cf7700  1 -- 128.142.162.30:6839/2364636 --> 128.142.23.41:6813/3058059 -- replica_scrub(pg: 1.62b,from:0'0,to:0'0,epoch:89090/88802,start:1:d4730e2f:::1002a7d7259.00000000:0,end:1:d4730e4f:::8000002b60c.00000051:0,chunky:1,deep:0,version:9,allow_preemption:1,priority=5) v9 -- 0x55ffb1564b00 con 0
2020-04-22 10:43:59.769567 7ff893cf7700  1 -- 128.142.162.30:6839/2364636 --> 128.142.23.53:6837/2376126 -- replica_scrub(pg: 1.62b,from:0'0,to:0'0,epoch:89090/88802,start:1:d4730e2f:::1002a7d7259.00000000:0,end:1:d4730e4f:::8000002b60c.00000051:0,chunky:1,deep:0,version:9,allow_preemption:1,priority=5) v9 -- 0x55ffcbd93600 con 0
2020-04-22 10:43:59.770230 7ff8adcfa700  1 -- 128.142.162.30:6839/2364636 <== osd.225 128.142.23.41:6813/3058059 885068 ==== rep_scrubmap(1.62b e88802 from shard 225) v2 ==== 40+0+2765 (1919878307 0 2089436808) 0x55fff2c36d80 con 0x55ffc516f800
2020-04-22 10:43:59.770282 7ff8aecfc700  1 -- 128.142.162.30:6839/2364636 <== osd.261 128.142.23.53:6837/2376126 885064 ==== rep_scrubmap(1.62b e88802 from shard 261) v2 ==== 40+0+2765 (1869850312 0 2089436808) 0x55ffff094240 con 0x55ffc512a000
2020-04-22 10:43:59.774236 7ff8adcfa700  1 -- 128.142.162.30:6842/2364636 <== osd.62 128.142.162.21:0/1647834 759720 ==== osd_ping(ping e89090 stamp 2020-04-22 10:43:59.773167) v4 ==== 2004+0+0 (4169141146 0 0) 0x55ffdc8d2200 con 0x55ffc7141000
2020-04-22 10:43:59.774254 7ff8adcfa700  1 -- 128.142.162.30:6842/2364636 --> 128.142.162.21:0/1647834 -- osd_ping(ping_reply e89090 stamp 2020-04-22 10:43:59.773167) v4 -- 0x55ffcc839800 con 0
2020-04-22 10:43:59.774307 7ff8adcfa700  1 -- 128.142.162.30:6845/2364636 <== osd.62 128.142.162.21:0/1647834 759720 ==== osd_ping(ping e89090 stamp 2020-04-22 10:43:59.773167) v4 ==== 2004+0+0 (4169141146 0 0) 0x56000740ae00 con 0x55ffc00ab000
2020-04-22 10:43:59.774318 7ff8adcfa700  1 -- 128.142.162.30:6845/2364636 --> 128.142.162.21:0/1647834 -- osd_ping(ping_reply e89090 stamp 2020-04-22 10:43:59.773167) v4 -- 0x55ffcc839800 con 0
2020-04-22 10:43:59.871335 7ff893cf7700  1 -- 128.142.162.30:6839/2364636 --> 128.142.23.41:6813/3058059 -- replica_scrub(pg: 1.62b,from:0'0,to:0'0,epoch:89090/88802,start:1:d4730e4f:::8000002b60c.00000051:0,end:1:d4730e74:fsvolumens_393f2dcc-6b09-44d7-8d20-0e84b072ed26::300146916a8.00000000:0,chunky:1,deep:0,version:9,allow_preemption:1,priority=5) v9 -- 0x55ffba6a1340 con 0
2020-04-22 10:43:59.871373 7ff893cf7700  1 -- 128.142.162.30:6839/2364636 --> 128.142.23.53:6837/2376126 -- replica_scrub(pg: 1.62b,from:0'0,to:0'0,epoch:89090/88802,start:1:d4730e4f:::8000002b60c.00000051:0,end:1:d4730e74:fsvolumens_393f2dcc-6b09-44d7-8d20-0e84b072ed26::300146916a8.00000000:0,chunky:1,deep:0,version:9,allow_preemption:1,priority=5) v9 -- 0x56000ba56b00 con 0
2020-04-22 10:43:59.872385 7ff8adcfa700  1 -- 128.142.162.30:6839/2364636 <== osd.225 128.142.23.41:6813/3058059 885069 ==== rep_scrubmap(1.62b e88802 from shard 225) v2 ==== 40+0+1680 (1919878307 0 886058181) 0x55ffc7a0fd40 con 0x55ffc516f800
2020-04-22 10:43:59.872443 7ff8aecfc700  1 -- 128.142.162.30:6839/2364636 <== osd.261 128.142.23.53:6837/2376126 885065 ==== rep_scrubmap(1.62b e88802 from shard 261) v2 ==== 40+0+1680 (1869850312 0 886058181) 0x55ffd5e398c0 con 0x55ffc512a000
2020-04-22 10:43:59.892916 7ff8aecfc700  1 -- 128.142.162.30:6842/2364636 <== osd.172 128.142.23.42:0/3266088 759048 ==== osd_ping(ping e89090 stamp 2020-04-22 10:43:59.891801) v4 ==== 2004+0+0 (2113567462 0 0) 0x5600079a5000 con 0x55ffe39d9000
2020-04-22 10:43:59.892937 7ff8aecfc700  1 -- 128.142.162.30:6842/2364636 --> 128.142.23.42:0/3266088 -- osd_ping(ping_reply e89090 stamp 2020-04-22 10:43:59.891801) v4 -- 0x55ffd3a51200 con 0
2020-04-22 10:43:59.892951 7ff8adcfa700  1 -- 128.142.162.30:6845/2364636 <== osd.172 128.142.23.42:0/3266088 759048 ==== osd_ping(ping e89090 stamp 2020-04-22 10:43:59.891801) v4 ==== 2004+0+0 (2113567462 0 0) 0x55ffdc8d2200 con 0x55fff5f39000
2020-04-22 10:43:59.892985 7ff8adcfa700  1 -- 128.142.162.30:6845/2364636 --> 128.142.23.42:0/3266088 -- osd_ping(ping_reply e89090 stamp 2020-04-22 10:43:59.891801) v4 -- 0x55ffcc839800 con 0
2020-04-22 10:43:59.901815 7ff8aecfc700  1 -- 128.142.162.30:6845/2364636 <== osd.184 128.142.23.42:0/3266117 758884 ==== osd_ping(ping e89090 stamp 2020-04-22 10:43:59.900883) v4 ==== 2004+0+0 (4270929987 0 0) 0x55ffbf6f0800 con 0x55ffcb560000
2020-04-22 10:43:59.901834 7ff8aecfc700  1 -- 128.142.162.30:6845/2364636 --> 128.142.23.42:0/3266117 -- osd_ping(ping_reply e89090 stamp 2020-04-22 10:43:59.900883) v4 -- 0x55ffd3a51200 con 0
2020-04-22 10:43:59.901907 7ff8ae4fb700  1 -- 128.142.162.30:6842/2364636 <== osd.184 128.142.23.42:0/3266117 758884 ==== osd_ping(ping e89090 stamp 2020-04-22 10:43:59.900883) v4 ==== 2004+0+0 (4270929987 0 0) 0x55ffc434ca00 con 0x55ffddac9000
2020-04-22 10:43:59.901924 7ff8ae4fb700  1 -- 128.142.162.30:6842/2364636 --> 128.142.23.42:0/3266117 -- osd_ping(ping_reply e89090 stamp 2020-04-22 10:43:59.900883) v4 -- 0x55ffb9c48e00 con 0
2020-04-22 10:43:59.911087 7ff8adcfa700  1 -- 128.142.162.30:6824/1364636 >> 188.184.37.212:0/139775789 conn(0x55ffc0cf9000 :6824 s=STATE_OPEN pgs=25145364 cs=1 l=1).tick idle(60000724) more than 60000000 us, mark self fault.
2020-04-22 10:43:59.911098 7ff8adcfa700  1 -- 128.142.162.30:6824/1364636 >> 188.184.37.212:0/139775789 conn(0x55ffc0cf9000 :6824 s=STATE_OPEN pgs=25145364 cs=1 l=1).fault on lossy channel, failing
2020-04-22 10:43:59.911785 7ff8adcfa700  1 -- 128.142.162.30:6824/1364636 >> - conn(0x55ffc0621000 :6824 s=STATE_ACCEPTING pgs=0 cs=0 l=0)._process_connection sd=80 -
2020-04-22 10:43:59.936012 7ff8aecfc700  1 -- 128.142.162.30:6842/2364636 <== osd.16 128.142.161.225:0/2706853 759215 ==== osd_ping(ping e89090 stamp 2020-04-22 10:43:59.934830) v4 ==== 2004+0+0 (3538408063 0 0) 0x5600079a5000 con 0x55ffc16b2000
2020-04-22 10:43:59.936026 7ff8ae4fb700  1 -- 128.142.162.30:6845/2364636 <== osd.16 128.142.161.225:0/2706853 759215 ==== osd_ping(ping e89090 stamp 2020-04-22 10:43:59.934830) v4 ==== 2004+0+0 (3538408063 0 0) 0x55ffeda5c400 con 0x55ffe2d93000
2020-04-22 10:43:59.936033 7ff8aecfc700  1 -- 128.142.162.30:6842/2364636 --> 128.142.161.225:0/2706853 -- osd_ping(ping_reply e89090 stamp 2020-04-22 10:43:59.934830) v4 -- 0x55ffd3a51200 con 0
2020-04-22 10:43:59.936065 7ff8ae4fb700  1 -- 128.142.162.30:6845/2364636 --> 128.142.161.225:0/2706853 -- osd_ping(ping_reply e89090 stamp 2020-04-22 10:43:59.934830) v4 -- 0x55ffb9c48e00 con 0
2020-04-22 10:43:59.974223 7ff893cf7700  1 -- 128.142.162.30:6839/2364636 --> 128.142.23.41:6813/3058059 -- replica_scrub(pg: 1.62b,from:0'0,to:89076'90105165,epoch:89090/88802,start:1:d4730e74:fsvolumens_393f2dcc-6b09-44d7-8d20-0e84b072ed26::300146916a8.00000000:0,end:1:d4730ead:::900006f0810.00000000:0,chunky:1,deep:0,version:9,allow_preemption:1,priority=5) v9 -- 0x55ffd69e8b00 con 0
2020-04-22 10:43:59.974258 7ff893cf7700  1 -- 128.142.162.30:6839/2364636 --> 128.142.23.53:6837/2376126 -- replica_scrub(pg: 1.62b,from:0'0,to:89076'90105165,epoch:89090/88802,start:1:d4730e74:fsvolumens_393f2dcc-6b09-44d7-8d20-0e84b072ed26::300146916a8.00000000:0,end:1:d4730ead:::900006f0810.00000000:0,chunky:1,deep:0,version:9,allow_preemption:1,priority=5) v9 -- 0x55ffcbdfe2c0 con 0
2020-04-22 10:43:59.975002 7ff8aecfc700  1 -- 128.142.162.30:6839/2364636 <== osd.261 128.142.23.53:6837/2376126 885066 ==== rep_scrubmap(1.62b e88802 from shard 261) v2 ==== 40+0+2543 (1869850312 0 3851963009) 0x55ffe6e4afc0 con 0x55ffc512a000
2020-04-22 10:43:59.975136 7ff8adcfa700  1 -- 128.142.162.30:6839/2364636 <== osd.225 128.142.23.41:6813/3058059 885070 ==== rep_scrubmap(1.62b e88802 from shard 225) v2 ==== 40+0+2543 (1919878307 0 3851963009) 0x55ffd4b13200 con 0x55ffc516f800
2020-04-22 10:44:00.011754 7ff8adcfa700  1 -- 128.142.162.30:6845/2364636 <== osd.71 128.142.161.225:0/2706886 757896 ==== osd_ping(ping e89090 stamp 2020-04-22 10:44:00.010727) v4 ==== 2004+0+0 (2209248012 0 0) 0x55ffe9ab8000 con 0x55ffdcb3f800
2020-04-22 10:44:00.011774 7ff8adcfa700  1 -- 128.142.162.30:6845/2364636 --> 128.142.161.225:0/2706886 -- osd_ping(ping_reply e89090 stamp 2020-04-22 10:44:00.010727) v4 -- 0x55ffcc839800 con 0
2020-04-22 10:44:00.011793 7ff8ae4fb700  1 -- 128.142.162.30:6842/2364636 <== osd.71 128.142.161.225:0/2706886 757896 ==== osd_ping(ping e89090 stamp 2020-04-22 10:44:00.010727) v4 ==== 2004+0+0 (2209248012 0 0) 0x55ffc434ca00 con 0x55ffd501d800
2020-04-22 10:44:00.011816 7ff8ae4fb700  1 -- 128.142.162.30:6842/2364636 --> 128.142.161.225:0/2706886 -- osd_ping(ping_reply e89090 stamp 2020-04-22 10:44:00.010727) v4 -- 0x55ffb9c48e00 con 0
2020-04-22 10:44:00.055442 7ff8ae4fb700  1 -- 128.142.162.30:6824/1364636 >> - conn(0x55ffe3790000 :6824 s=STATE_ACCEPTING pgs=0 cs=0 l=0)._process_connection sd=459 -
2020-04-22 10:44:00.056871 7ff8ae4fb700  1 -- 128.142.162.30:6824/1364636 <== client.96321448 137.138.62.170:0/2567218218 1 ==== osd_op(client.96321448.0:59728914 1.636 1.39159636 (undecoded) ondisk+read+known_if_redirected e89090) v8 ==== 268+0+0 (2506811997 0 0) 0x55ffd44f42c0 con 0x55ffe3790000
2020-04-22 10:44:00.067796 7ff895cfb700  1 -- 128.142.162.30:6824/1364636 --> 137.138.62.170:0/2567218218 -- osd_op_reply(59728914 1000aaac97e.00000000 [read 0~97888] v0'0 uv69817892 ondisk = 0) v8 -- 0x55ffbd554000 con 0
2020-04-22 10:44:00.075810 7ff893cf7700  1 -- 128.142.162.30:6839/2364636 --> 128.142.23.41:6813/3058059 -- replica_scrub(pg: 1.62b,from:0'0,to:0'0,epoch:89090/88802,start:1:d4730ead:::900006f0810.00000000:0,end:1:d4730eec:::300144621f1.00000000:0,chunky:1,deep:0,version:9,allow_preemption:1,priority=5) v9 -- 0x55ffe721c000 con 0
2020-04-22 10:44:00.075838 7ff893cf7700  1 -- 128.142.162.30:6839/2364636 --> 128.142.23.53:6837/2376126 -- replica_scrub(pg: 1.62b,from:0'0,to:0'0,epoch:89090/88802,start:1:d4730ead:::900006f0810.00000000:0,end:1:d4730eec:::300144621f1.00000000:0,chunky:1,deep:0,version:9,allow_preemption:1,priority=5) v9 -- 0x55ffc6223080 con 0
2020-04-22 10:44:00.076498 7ff8adcfa700  1 -- 128.142.162.30:6839/2364636 <== osd.225 128.142.23.41:6813/3058059 885071 ==== rep_scrubmap(1.62b e88802 from shard 225) v2 ==== 40+0+2332 (1919878307 0 394267695) 0x55ffd6b85d40 con 0x55ffc516f800
2020-04-22 10:44:00.076531 7ff8aecfc700  1 -- 128.142.162.30:6839/2364636 <== osd.261 128.142.23.53:6837/2376126 885067 ==== rep_scrubmap(1.62b e88802 from shard 261) v2 ==== 40+0+2332 (1869850312 0 394267695) 0x55ffbecac000 con 0x55ffc512a000
2020-04-22 10:44:00.141574 7ff8aecfc700  1 -- 128.142.162.30:6845/2364636 <== osd.262 128.142.23.48:0/1918780 758591 ==== osd_ping(ping e89090 stamp 2020-04-22 10:44:00.140545) v4 ==== 2004+0+0 (3493596513 0 0) 0x55ffbf6f0800 con 0x55ffeeb6f000
2020-04-22 10:44:00.141590 7ff8aecfc700  1 -- 128.142.162.30:6845/2364636 --> 128.142.23.48:0/1918780 -- osd_ping(ping_reply e89090 stamp 2020-04-22 10:44:00.140545) v4 -- 0x55ffd3a51200 con 0
2020-04-22 10:44:00.141605 7ff8adcfa700  1 -- 128.142.162.30:6842/2364636 <== osd.262 128.142.23.48:0/1918780 758591 ==== osd_ping(ping e89090 stamp 2020-04-22 10:44:00.140545) v4 ==== 2004+0+0 (3493596513 0 0) 0x55ffdc8d2200 con 0x55ffe42a1000
2020-04-22 10:44:00.141624 7ff8adcfa700  1 -- 128.142.162.30:6842/2364636 --> 128.142.23.48:0/1918780 -- osd_ping(ping_reply e89090 stamp 2020-04-22 10:44:00.140545) v4 -- 0x55ffcc839800 con 0
2020-04-22 10:44:00.177255 7ff893cf7700  1 -- 128.142.162.30:6839/2364636 --> 128.142.23.41:6813/3058059 -- replica_scrub(pg: 1.62b,from:0'0,to:0'0,epoch:89090/88802,start:1:d4730eec:::300144621f1.00000000:0,end:1:d4730f10:fsvolumens_ee6c7dfb-d219-4b93-b584-6cb12d47024e::60003f5bc78.00000000:0,chunky:1,deep:0,version:9,allow_preemption:1,priority=5) v9 -- 0x55ffb9b15080 con 0
2020-04-22 10:44:00.177285 7ff893cf7700  1 -- 128.142.162.30:6839/2364636 --> 128.142.23.53:6837/2376126 -- replica_scrub(pg: 1.62b,from:0'0,to:0'0,epoch:89090/88802,start:1:d4730eec:::300144621f1.00000000:0,end:1:d4730f10:fsvolumens_ee6c7dfb-d219-4b93-b584-6cb12d47024e::60003f5bc78.00000000:0,chunky:1,deep:0,version:9,allow_preemption:1,priority=5) v9 -- 0x55ffc79b7600 con 0
2020-04-22 10:44:00.177789 7ff8aecfc700  1 -- 128.142.162.30:6839/2364636 <== osd.261 128.142.23.53:6837/2376126 885068 ==== rep_scrubmap(1.62b e88802 from shard 261) v2 ==== 40+0+2566 (1869850312 0 944715314) 0x55ffbdde3680 con 0x55ffc512a000
2020-04-22 10:44:00.177895 7ff8adcfa700  1 -- 128.142.162.30:6839/2364636 <== osd.225 128.142.23.41:6813/3058059 885072 ==== rep_scrubmap(1.62b e88802 from shard 225) v2 ==== 40+0+2566 (1919878307 0 944715314) 0x55ffc6e39d40 con 0x55ffc516f800
2020-04-22 10:44:00.275537 7ff8adcfa700  1 -- 128.142.162.30:6842/2364636 <== osd.205 128.142.23.55:0/1802042 758479 ==== osd_ping(ping e89090 stamp 2020-04-22 10:44:00.274267) v4 ==== 2004+0+0 (2558010647 0 0) 0x55ffe9ab8000 con 0x55ffce70e800
2020-04-22 10:44:00.275532 7ff8ae4fb700  1 -- 128.142.162.30:6845/2364636 <== osd.205 128.142.23.55:0/1802042 758479 ==== osd_ping(ping e89090 stamp 2020-04-22 10:44:00.274267) v4 ==== 2004+0+0 (2558010647 0 0) 0x55ffeda5c400 con 0x55ffc1633000
2020-04-22 10:44:00.275553 7ff8adcfa700  1 -- 128.142.162.30:6842/2364636 --> 128.142.23.55:0/1802042 -- osd_ping(ping_reply e89090 stamp 2020-04-22 10:44:00.274267) v4 -- 0x55ffcc839800 con 0
2020-04-22 10:44:00.275572 7ff8ae4fb700  1 -- 128.142.162.30:6845/2364636 --> 128.142.23.55:0/1802042 -- osd_ping(ping_reply e89090 stamp 2020-04-22 10:44:00.274267) v4 -- 0x55ffce06ee00 con 0
2020-04-22 10:44:00.278731 7ff893cf7700  1 -- 128.142.162.30:6839/2364636 --> 128.142.23.41:6813/3058059 -- replica_scrub(pg: 1.62b,from:0'0,to:0'0,epoch:89090/88802,start:1:d4730f10:fsvolumens_ee6c7dfb-d219-4b93-b584-6cb12d47024e::60003f5bc78.00000000:0,end:1:d4730f37:fsvolumens_69d07521-b740-46d1-a545-7057160a8fb2::30063b3ee8b.00000000:0,chunky:1,deep:0,version:9,allow_preemption:1,priority=5) v9 -- 0x55ffdc9362c0 con 0
2020-04-22 10:44:00.278760 7ff893cf7700  1 -- 128.142.162.30:6839/2364636 --> 128.142.23.53:6837/2376126 -- replica_scrub(pg: 1.62b,from:0'0,to:0'0,epoch:89090/88802,start:1:d4730f10:fsvolumens_ee6c7dfb-d219-4b93-b584-6cb12d47024e::60003f5bc78.00000000:0,end:1:d4730f37:fsvolumens_69d07521-b740-46d1-a545-7057160a8fb2::30063b3ee8b.00000000:0,chunky:1,deep:0,version:9,allow_preemption:1,priority=5) v9 -- 0x55ffb418cb00 con 0
2020-04-22 10:44:00.279482 7ff8adcfa700  1 -- 128.142.162.30:6839/2364636 <== osd.225 128.142.23.41:6813/3058059 885073 ==== rep_scrubmap(1.62b e88802 from shard 225) v2 ==== 40+0+2493 (1919878307 0 3971152789) 0x55ffc111a000 con 0x55ffc516f800
2020-04-22 10:44:00.279514 7ff8aecfc700  1 -- 128.142.162.30:6839/2364636 <== osd.261 128.142.23.53:6837/2376126 885069 ==== rep_scrubmap(1.62b e88802 from shard 261) v2 ==== 40+0+2493 (1869850312 0 3971152789) 0x55ffb2d20d80 con 0x55ffc512a000
2020-04-22 10:44:00.380356 7ff893cf7700  1 -- 128.142.162.30:6839/2364636 --> 128.142.23.41:6813/3058059 -- replica_scrub(pg: 1.62b,from:0'0,to:0'0,epoch:89090/88802,start:1:d4730f37:fsvolumens_69d07521-b740-46d1-a545-7057160a8fb2::30063b3ee8b.00000000:0,end:1:d4730f9f:::300145ef156.00000000:0,chunky:1,deep:0,version:9,allow_preemption:1,priority=5) v9 -- 0x55fffaead080 con 0
2020-04-22 10:44:00.380388 7ff893cf7700  1 -- 128.142.162.30:6839/2364636 --> 128.142.23.53:6837/2376126 -- replica_scrub(pg: 1.62b,from:0'0,to:0'0,epoch:89090/88802,start:1:d4730f37:fsvolumens_69d07521-b740-46d1-a545-7057160a8fb2::30063b3ee8b.00000000:0,end:1:d4730f9f:::300145ef156.00000000:0,chunky:1,deep:0,version:9,allow_preemption:1,priority=5) v9 -- 0x55ffb39d6580 con 0
2020-04-22 10:44:00.381052 7ff8adcfa700  1 -- 128.142.162.30:6839/2364636 <== osd.225 128.142.23.41:6813/3058059 885074 ==== rep_scrubmap(1.62b e88802 from shard 225) v2 ==== 40+0+2941 (1919878307 0 2726381971) 0x55ffc54cdd40 con 0x55ffc516f800
2020-04-22 10:44:00.381079 7ff8aecfc700  1 -- 128.142.162.30:6839/2364636 <== osd.261 128.142.23.53:6837/2376126 885070 ==== rep_scrubmap(1.62b e88802 from shard 261) v2 ==== 40+0+2941 (1869850312 0 2726381971) 0x55ffb93c6fc0 con 0x55ffc512a000
2020-04-22 10:44:00.412047 7ff8adcfa700  1 -- 128.142.162.30:6824/1364636 >> 188.184.99.23:0/2148391740 conn(0x55ffc0130800 :6824 s=STATE_OPEN pgs=15542091 cs=1 l=1).tick idle(60000724) more than 60000000 us, mark self fault.
2020-04-22 10:44:00.412058 7ff8adcfa700  1 -- 128.142.162.30:6824/1364636 >> 188.184.99.23:0/2148391740 conn(0x55ffc0130800 :6824 s=STATE_OPEN pgs=15542091 cs=1 l=1).fault on lossy channel, failing
2020-04-22 10:44:00.413021 7ff8adcfa700  1 -- 128.142.162.30:6824/1364636 >> - conn(0x55ffcb8e7000 :6824 s=STATE_ACCEPTING pgs=0 cs=0 l=0)._process_connection sd=378 -
2020-04-22 10:44:00.418836 7ff8aecfc700  1 -- 128.142.162.30:6842/2364636 <== osd.61 128.142.162.21:0/2684839 759621 ==== osd_ping(ping e89090 stamp 2020-04-22 10:44:00.417699) v4 ==== 2004+0+0 (653824742 0 0) 0x5600079a5000 con 0x55ffc1634800
2020-04-22 10:44:00.418856 7ff8aecfc700  1 -- 128.142.162.30:6842/2364636 --> 128.142.162.21:0/2684839 -- osd_ping(ping_reply e89090 stamp 2020-04-22 10:44:00.417699) v4 -- 0x55ffd3a51200 con 0
2020-04-22 10:44:00.418925 7ff8aecfc700  1 -- 128.142.162.30:6845/2364636 <== osd.61 128.142.162.21:0/2684839 759621 ==== osd_ping(ping e89090 stamp 2020-04-22 10:44:00.417699) v4 ==== 2004+0+0 (653824742 0 0) 0x55ffbf6f0800 con 0x55fff685c000
2020-04-22 10:44:00.418939 7ff8aecfc700  1 -- 128.142.162.30:6845/2364636 --> 128.142.162.21:0/2684839 -- osd_ping(ping_reply e89090 stamp 2020-04-22 10:44:00.417699) v4 -- 0x55ffd3a51200 con 0
2020-04-22 10:44:00.462226 7ff89ad05700  1 -- 128.142.162.30:6824/1364636 --> 188.184.85.133:6800/2898 -- mgrreport(unknown.92 +0-0 packed 742 osd_metrics=1) v5 -- 0x55ffd2cec2c0 con 0
2020-04-22 10:44:00.462286 7ff89ad05700  1 -- 128.142.162.30:6824/1364636 --> 188.184.85.133:6800/2898 -- pg_stats(12 pgs tid 0 v 0) v1 -- 0x55ffb440b600 con 0
2020-04-22 10:44:00.481997 7ff893cf7700  1 -- 128.142.162.30:6839/2364636 --> 128.142.23.41:6813/3058059 -- replica_scrub(pg: 1.62b,from:0'0,to:0'0,epoch:89090/88802,start:1:d4730f9f:::300145ef156.00000000:0,end:1:d4730fc1:::20000828617.00000000:0,chunky:1,deep:0,version:9,allow_preemption:1,priority=5) v9 -- 0x55ffd2354000 con 0
2020-04-22 10:44:00.482031 7ff893cf7700  1 -- 128.142.162.30:6839/2364636 --> 128.142.23.53:6837/2376126 -- replica_scrub(pg: 1.62b,from:0'0,to:0'0,epoch:89090/88802,start:1:d4730f9f:::300145ef156.00000000:0,end:1:d4730fc1:::20000828617.00000000:0,chunky:1,deep:0,version:9,allow_preemption:1,priority=5) v9 -- 0x55ffd16dd080 con 0
2020-04-22 10:44:00.482831 7ff8adcfa700  1 -- 128.142.162.30:6839/2364636 <== osd.225 128.142.23.41:6813/3058059 885075 ==== rep_scrubmap(1.62b e88802 from shard 225) v2 ==== 40+0+2525 (1919878307 0 477833898) 0x55ffea8c8240 con 0x55ffc516f800
2020-04-22 10:44:00.482869 7ff8aecfc700  1 -- 128.142.162.30:6839/2364636 <== osd.261 128.142.23.53:6837/2376126 885071 ==== rep_scrubmap(1.62b e88802 from shard 261) v2 ==== 40+0+2525 (1869850312 0 477833898) 0x55ffd6d4b8c0 con 0x55ffc512a000
2020-04-22 10:44:00.488716 7ff8adcfa700  1 -- 128.142.162.30:6842/2364636 <== osd.44 128.142.161.220:0/2219306 759510 ==== osd_ping(ping e89090 stamp 2020-04-22 10:44:00.487601) v4 ==== 2004+0+0 (3817721862 0 0) 0x55ffcc2bfc00 con 0x55ffe50f4800
2020-04-22 10:44:00.488719 7ff8aecfc700  1 -- 128.142.162.30:6845/2364636 <== osd.44 128.142.161.220:0/2219306 759510 ==== osd_ping(ping e89090 stamp 2020-04-22 10:44:00.487601) v4 ==== 2004+0+0 (3817721862 0 0) 0x5600079a5000 con 0x55ffb6a12000
2020-04-22 10:44:00.488738 7ff8adcfa700  1 -- 128.142.162.30:6842/2364636 --> 128.142.161.220:0/2219306 -- osd_ping(ping_reply e89090 stamp 2020-04-22 10:44:00.487601) v4 -- 0x55ffcc839800 con 0
